../Drivers/BSP/SensorTileBoxPro/SensorTileBoxPro_motion_sensors.c:72:9:BSP_MOTION_SENSOR_Init	64	static
../Drivers/BSP/SensorTileBoxPro/SensorTileBoxPro_motion_sensors.c:184:9:BSP_MOTION_SENSOR_DeInit	24	static
../Drivers/BSP/SensorTileBoxPro/SensorTileBoxPro_motion_sensors.c:210:9:BSP_MOTION_SENSOR_GetCapabilities	24	static
../Drivers/BSP/SensorTileBoxPro/SensorTileBoxPro_motion_sensors.c:236:9:BSP_MOTION_SENSOR_ReadID	24	static
../Drivers/BSP/SensorTileBoxPro/SensorTileBoxPro_motion_sensors.c:265:9:BSP_MOTION_SENSOR_Enable	24	static
../Drivers/BSP/SensorTileBoxPro/SensorTileBoxPro_motion_sensors.c:304:9:BSP_MOTION_SENSOR_Disable	24	static
../Drivers/BSP/SensorTileBoxPro/SensorTileBoxPro_motion_sensors.c:344:9:BSP_MOTION_SENSOR_GetAxes	32	static
../Drivers/BSP/SensorTileBoxPro/SensorTileBoxPro_motion_sensors.c:384:9:BSP_MOTION_SENSOR_GetAxesRaw	32	static
../Drivers/BSP/SensorTileBoxPro/SensorTileBoxPro_motion_sensors.c:424:9:BSP_MOTION_SENSOR_GetSensitivity	32	static
../Drivers/BSP/SensorTileBoxPro/SensorTileBoxPro_motion_sensors.c:465:9:BSP_MOTION_SENSOR_GetOutputDataRate	32	static
../Drivers/BSP/SensorTileBoxPro/SensorTileBoxPro_motion_sensors.c:506:9:BSP_MOTION_SENSOR_GetFullScale	32	static
../Drivers/BSP/SensorTileBoxPro/SensorTileBoxPro_motion_sensors.c:547:9:BSP_MOTION_SENSOR_SetOutputDataRate	32	static
../Drivers/BSP/SensorTileBoxPro/SensorTileBoxPro_motion_sensors.c:588:9:BSP_MOTION_SENSOR_SetFullScale	32	static
../Drivers/BSP/SensorTileBoxPro/SensorTileBoxPro_motion_sensors.c:626:16:LIS2MDL_0_Probe	88	static
../Drivers/BSP/SensorTileBoxPro/SensorTileBoxPro_motion_sensors.c:701:16:LIS2DU12_0_Probe	88	static
../Drivers/BSP/SensorTileBoxPro/SensorTileBoxPro_motion_sensors.c:886:16:LSM6DSV16X_0_Probe	88	static
