../Drivers/BSP/SensorTileBoxPro/SensorTileBoxPro_bus.c:138:9:BSP_I2C2_Init	16	static
../Drivers/BSP/SensorTileBoxPro/SensorTileBoxPro_bus.c:186:9:BSP_I2C2_DeInit	16	static
../Drivers/BSP/SensorTileBoxPro/SensorTileBoxPro_bus.c:214:9:BSP_I2C2_IsReady	24	static
../Drivers/BSP/SensorTileBoxPro/SensorTileBoxPro_bus.c:235:9:BSP_I2C2_WriteReg	48	static
../Drivers/BSP/SensorTileBoxPro/SensorTileBoxPro_bus.c:261:10:BSP_I2C2_ReadReg	48	static
../Drivers/BSP/SensorTileBoxPro/SensorTileBoxPro_bus.c:289:9:BSP_I2C2_WriteReg16	48	static
../Drivers/BSP/SensorTileBoxPro/SensorTileBoxPro_bus.c:314:10:BSP_I2C2_ReadReg16	48	static
../Drivers/BSP/SensorTileBoxPro/SensorTileBoxPro_bus.c:339:9:BSP_I2C2_Send	32	static
../Drivers/BSP/SensorTileBoxPro/SensorTileBoxPro_bus.c:364:9:BSP_I2C2_Recv	32	static
../Drivers/BSP/SensorTileBoxPro/SensorTileBoxPro_bus.c:388:9:BSP_I2C4_Init	16	static
../Drivers/BSP/SensorTileBoxPro/SensorTileBoxPro_bus.c:436:9:BSP_I2C4_DeInit	16	static
../Drivers/BSP/SensorTileBoxPro/SensorTileBoxPro_bus.c:464:9:BSP_I2C4_IsReady	24	static
../Drivers/BSP/SensorTileBoxPro/SensorTileBoxPro_bus.c:485:9:BSP_I2C4_WriteReg	48	static
../Drivers/BSP/SensorTileBoxPro/SensorTileBoxPro_bus.c:511:10:BSP_I2C4_ReadReg	48	static
../Drivers/BSP/SensorTileBoxPro/SensorTileBoxPro_bus.c:539:9:BSP_I2C4_WriteReg16	48	static
../Drivers/BSP/SensorTileBoxPro/SensorTileBoxPro_bus.c:564:10:BSP_I2C4_ReadReg16	48	static
../Drivers/BSP/SensorTileBoxPro/SensorTileBoxPro_bus.c:589:9:BSP_I2C4_Send	32	static
../Drivers/BSP/SensorTileBoxPro/SensorTileBoxPro_bus.c:614:9:BSP_I2C4_Recv	32	static
../Drivers/BSP/SensorTileBoxPro/SensorTileBoxPro_bus.c:638:9:BSP_I2C3_Init	16	static
../Drivers/BSP/SensorTileBoxPro/SensorTileBoxPro_bus.c:686:9:BSP_I2C3_DeInit	16	static
../Drivers/BSP/SensorTileBoxPro/SensorTileBoxPro_bus.c:714:9:BSP_I2C3_IsReady	24	static
../Drivers/BSP/SensorTileBoxPro/SensorTileBoxPro_bus.c:735:9:BSP_I2C3_WriteReg	48	static
../Drivers/BSP/SensorTileBoxPro/SensorTileBoxPro_bus.c:761:10:BSP_I2C3_ReadReg	48	static
../Drivers/BSP/SensorTileBoxPro/SensorTileBoxPro_bus.c:789:9:BSP_I2C3_WriteReg16	48	static
../Drivers/BSP/SensorTileBoxPro/SensorTileBoxPro_bus.c:814:10:BSP_I2C3_ReadReg16	48	static
../Drivers/BSP/SensorTileBoxPro/SensorTileBoxPro_bus.c:839:9:BSP_I2C3_Send	32	static
../Drivers/BSP/SensorTileBoxPro/SensorTileBoxPro_bus.c:864:9:BSP_I2C3_Recv	32	static
../Drivers/BSP/SensorTileBoxPro/SensorTileBoxPro_bus.c:889:9:BSP_SPI1_Init	16	static
../Drivers/BSP/SensorTileBoxPro/SensorTileBoxPro_bus.c:930:9:BSP_SPI1_DeInit	16	static
../Drivers/BSP/SensorTileBoxPro/SensorTileBoxPro_bus.c:956:9:BSP_SPI1_Send	24	static
../Drivers/BSP/SensorTileBoxPro/SensorTileBoxPro_bus.c:973:10:BSP_SPI1_Recv	24	static
../Drivers/BSP/SensorTileBoxPro/SensorTileBoxPro_bus.c:990:9:BSP_SPI1_SendRecv	40	static
../Drivers/BSP/SensorTileBoxPro/SensorTileBoxPro_bus.c:1008:9:BSP_SPI2_Init	16	static
../Drivers/BSP/SensorTileBoxPro/SensorTileBoxPro_bus.c:1049:9:BSP_SPI2_DeInit	16	static
../Drivers/BSP/SensorTileBoxPro/SensorTileBoxPro_bus.c:1075:9:BSP_SPI2_Send	24	static
../Drivers/BSP/SensorTileBoxPro/SensorTileBoxPro_bus.c:1092:10:BSP_SPI2_Recv	24	static
../Drivers/BSP/SensorTileBoxPro/SensorTileBoxPro_bus.c:1109:9:BSP_SPI2_SendRecv	40	static
../Drivers/BSP/SensorTileBoxPro/SensorTileBoxPro_bus.c:1126:9:BSP_SPI2_Send_DMA	24	static
../Drivers/BSP/SensorTileBoxPro/SensorTileBoxPro_bus.c:1143:10:BSP_SPI2_Recv_DMA	24	static
../Drivers/BSP/SensorTileBoxPro/SensorTileBoxPro_bus.c:1160:9:BSP_SPI2_SendRecv_DMA	32	static
../Drivers/BSP/SensorTileBoxPro/SensorTileBoxPro_bus.c:1177:9:BSP_I2C1_Init	16	static
../Drivers/BSP/SensorTileBoxPro/SensorTileBoxPro_bus.c:1225:9:BSP_I2C1_DeInit	16	static
../Drivers/BSP/SensorTileBoxPro/SensorTileBoxPro_bus.c:1253:9:BSP_I2C1_IsReady	24	static
../Drivers/BSP/SensorTileBoxPro/SensorTileBoxPro_bus.c:1274:9:BSP_I2C1_WriteReg	48	static
../Drivers/BSP/SensorTileBoxPro/SensorTileBoxPro_bus.c:1300:10:BSP_I2C1_ReadReg	48	static
../Drivers/BSP/SensorTileBoxPro/SensorTileBoxPro_bus.c:1328:9:BSP_I2C1_WriteReg16	48	static
../Drivers/BSP/SensorTileBoxPro/SensorTileBoxPro_bus.c:1353:10:BSP_I2C1_ReadReg16	48	static
../Drivers/BSP/SensorTileBoxPro/SensorTileBoxPro_bus.c:1378:9:BSP_I2C1_Send	32	static
../Drivers/BSP/SensorTileBoxPro/SensorTileBoxPro_bus.c:1403:9:BSP_I2C1_Recv	32	static
../Drivers/BSP/SensorTileBoxPro/SensorTileBoxPro_bus.c:1426:9:BSP_I2C1_Send_DMA	24	static
../Drivers/BSP/SensorTileBoxPro/SensorTileBoxPro_bus.c:1442:10:BSP_I2C1_Recv_DMA	24	static
../Drivers/BSP/SensorTileBoxPro/SensorTileBoxPro_bus.c:1776:9:BSP_GetTick	8	static
../Drivers/BSP/SensorTileBoxPro/SensorTileBoxPro_bus.c:1782:26:MX_SPI1_Init	32	static
../Drivers/BSP/SensorTileBoxPro/SensorTileBoxPro_bus.c:1825:13:SPI1_MspInit	248	static
../Drivers/BSP/SensorTileBoxPro/SensorTileBoxPro_bus.c:1874:13:SPI1_MspDeInit	16	static
../Drivers/BSP/SensorTileBoxPro/SensorTileBoxPro_bus.c:1900:26:MX_SPI2_Init	32	static
../Drivers/BSP/SensorTileBoxPro/SensorTileBoxPro_bus.c:1945:13:SPI2_MspInit	248	static
../Drivers/BSP/SensorTileBoxPro/SensorTileBoxPro_bus.c:2039:13:SPI2_MspDeInit	16	static
../Drivers/BSP/SensorTileBoxPro/SensorTileBoxPro_bus.c:2072:26:MX_I2C2_Init	24	static
../Drivers/BSP/SensorTileBoxPro/SensorTileBoxPro_bus.c:2103:13:I2C2_MspInit	248	static
../Drivers/BSP/SensorTileBoxPro/SensorTileBoxPro_bus.c:2149:13:I2C2_MspDeInit	16	static
../Drivers/BSP/SensorTileBoxPro/SensorTileBoxPro_bus.c:2177:26:MX_I2C4_Init	24	static
../Drivers/BSP/SensorTileBoxPro/SensorTileBoxPro_bus.c:2208:13:I2C4_MspInit	248	static
../Drivers/BSP/SensorTileBoxPro/SensorTileBoxPro_bus.c:2254:13:I2C4_MspDeInit	16	static
../Drivers/BSP/SensorTileBoxPro/SensorTileBoxPro_bus.c:2282:26:MX_I2C3_Init	24	static
../Drivers/BSP/SensorTileBoxPro/SensorTileBoxPro_bus.c:2313:13:I2C3_MspInit	248	static
../Drivers/BSP/SensorTileBoxPro/SensorTileBoxPro_bus.c:2353:13:I2C3_MspDeInit	16	static
../Drivers/BSP/SensorTileBoxPro/SensorTileBoxPro_bus.c:2376:26:MX_I2C1_Init	24	static
../Drivers/BSP/SensorTileBoxPro/SensorTileBoxPro_bus.c:2409:13:I2C1_MspInit	248	static
../Drivers/BSP/SensorTileBoxPro/SensorTileBoxPro_bus.c:2497:13:I2C1_MspDeInit	16	static
