../Drivers/BSP/SensorTileBoxPro/SensorTileBoxPro.c:98:9:BSP_GetVersion	4	static
../Drivers/BSP/SensorTileBoxPro/SensorTileBoxPro.c:110:9:BSP_LED_Init	16	static
../Drivers/BSP/SensorTileBoxPro/SensorTileBoxPro.c:125:9:BSP_LED_DeInit	40	static
../Drivers/BSP/SensorTileBoxPro/SensorTileBoxPro.c:148:9:BSP_LED_On	16	static
../Drivers/BSP/SensorTileBoxPro/SensorTileBoxPro.c:165:9:BSP_LED_Off	16	static
../Drivers/BSP/SensorTileBoxPro/SensorTileBoxPro.c:182:9:BSP_LED_Toggle	16	static
../Drivers/BSP/SensorTileBoxPro/SensorTileBoxPro.c:199:9:BSP_LED_GetState	16	static
../Drivers/BSP/SensorTileBoxPro/SensorTileBoxPro.c:211:13:LED_USER__BLUE_GPIO_Init	40	static
../Drivers/BSP/SensorTileBoxPro/SensorTileBoxPro.c:237:13:LED_USER__RED_GPIO_Init	40	static
../Drivers/BSP/SensorTileBoxPro/SensorTileBoxPro.c:263:13:LED_USER__YELLOW_GPIO_Init	40	static
../Drivers/BSP/SensorTileBoxPro/SensorTileBoxPro.c:289:13:LED_USER__GREEN_GPIO_Init	40	static
../Drivers/BSP/SensorTileBoxPro/SensorTileBoxPro.c:323:9:BSP_PB_Init	24	static
../Drivers/BSP/SensorTileBoxPro/SensorTileBoxPro.c:363:9:BSP_PB_DeInit	40	static
../Drivers/BSP/SensorTileBoxPro/SensorTileBoxPro.c:381:9:BSP_PB_GetState	16	static
../Drivers/BSP/SensorTileBoxPro/SensorTileBoxPro.c:390:6:BSP_PB_IRQHandler	16	static
../Drivers/BSP/SensorTileBoxPro/SensorTileBoxPro.c:400:13:BSP_PB_Callback	16	static
../Drivers/BSP/SensorTileBoxPro/SensorTileBoxPro.c:413:13:BUTTON_USER_EXTI_Callback	8	static
../Drivers/BSP/SensorTileBoxPro/SensorTileBoxPro.c:422:13:BUTTON_USER_GPIO_Init	40	static
../Drivers/BSP/SensorTileBoxPro/SensorTileBoxPro.c:457:9:BSP_COM_Init	24	static
../Drivers/BSP/SensorTileBoxPro/SensorTileBoxPro.c:495:9:BSP_COM_DeInit	24	static
../Drivers/BSP/SensorTileBoxPro/SensorTileBoxPro.c:532:26:MX_UART4_Init	24	static
../Drivers/BSP/SensorTileBoxPro/SensorTileBoxPro.c:652:9:BSP_COM_SelectLogPort	16	static
../Drivers/BSP/SensorTileBoxPro/SensorTileBoxPro.c:698:5:__io_putchar	16	static
../Drivers/BSP/SensorTileBoxPro/SensorTileBoxPro.c:711:13:UART4_MspInit	248	static
../Drivers/BSP/SensorTileBoxPro/SensorTileBoxPro.c:752:13:UART4_MspDeInit	16	static
