../Drivers/CMSIS/Include/core_cm33.h:3212:26:ITM_SendChar	16	static,ignoring_inline_asm
../Core/Src/main.c:78:5:main	16	static
../Core/Src/main.c:158:13:InitMemsSensors	32	static
../Core/Src/main.c:252:6:SystemClock_Config	328	static
../Core/Src/main.c:343:13:MX_ICACHE_Init	8	static
../Core/Src/main.c:381:6:HAL_TIM_PeriodElapsedCallback	16	static
../Core/Src/main.c:400:6:Error_Handler	4	static,ignoring_inline_asm
../Core/Src/main.c:414:27:BSP_CheckFinishGood	16	static
../Core/Src/main.c:453:5:_write	32	static
