../Drivers/BSP/Components/iis2iclx/iis2iclx.c:85:9:IIS2ICLX_RegisterBusIO	24	static
../Drivers/BSP/Components/iis2iclx/iis2iclx.c:143:9:IIS2ICLX_Init	16	static
../Drivers/BSP/Components/iis2iclx/iis2iclx.c:195:9:IIS2ICLX_DeInit	16	static
../Drivers/BSP/Components/iis2iclx/iis2iclx.c:217:9:IIS2ICLX_ReadID	16	static
../Drivers/BSP/Components/iis2iclx/iis2iclx.c:233:9:IIS2ICLX_GetCapabilities	16	static
../Drivers/BSP/Components/iis2iclx/iis2iclx.c:256:9:IIS2ICLX_ACC_Enable	16	static
../Drivers/BSP/Components/iis2iclx/iis2iclx.c:280:9:IIS2ICLX_ACC_Disable	16	static
../Drivers/BSP/Components/iis2iclx/iis2iclx.c:311:9:IIS2ICLX_ACC_GetSensitivity	24	static
../Drivers/BSP/Components/iis2iclx/iis2iclx.c:355:9:IIS2ICLX_ACC_GetOutputDataRate	24	static
../Drivers/BSP/Components/iis2iclx/iis2iclx.c:414:9:IIS2ICLX_ACC_SetOutputDataRate	16	static
../Drivers/BSP/Components/iis2iclx/iis2iclx.c:433:9:IIS2ICLX_ACC_GetFullScale	24	static
../Drivers/BSP/Components/iis2iclx/iis2iclx.c:476:9:IIS2ICLX_ACC_SetFullScale	24	static
../Drivers/BSP/Components/iis2iclx/iis2iclx.c:501:9:IIS2ICLX_ACC_GetAxesRaw	24	static
../Drivers/BSP/Components/iis2iclx/iis2iclx.c:525:9:IIS2ICLX_ACC_GetAxes	32	static
../Drivers/BSP/Components/iis2iclx/iis2iclx.c:557:9:IIS2ICLX_Read_Reg	24	static
../Drivers/BSP/Components/iis2iclx/iis2iclx.c:574:9:IIS2ICLX_Write_Reg	16	static
../Drivers/BSP/Components/iis2iclx/iis2iclx.c:590:9:IIS2ICLX_Set_Interrupt_Latch	16	static
../Drivers/BSP/Components/iis2iclx/iis2iclx.c:611:9:IIS2ICLX_ACC_Enable_Wake_Up_Detection	40	static
../Drivers/BSP/Components/iis2iclx/iis2iclx.c:685:9:IIS2ICLX_ACC_Disable_Wake_Up_Detection	32	static
../Drivers/BSP/Components/iis2iclx/iis2iclx.c:736:9:IIS2ICLX_ACC_Set_Wake_Up_Threshold	16	static
../Drivers/BSP/Components/iis2iclx/iis2iclx.c:753:9:IIS2ICLX_ACC_Set_Wake_Up_Duration	16	static
../Drivers/BSP/Components/iis2iclx/iis2iclx.c:770:9:IIS2ICLX_ACC_Enable_Single_Tap_Detection	40	static
../Drivers/BSP/Components/iis2iclx/iis2iclx.c:866:9:IIS2ICLX_ACC_Disable_Single_Tap_Detection	32	static
../Drivers/BSP/Components/iis2iclx/iis2iclx.c:935:9:IIS2ICLX_ACC_Enable_Double_Tap_Detection	40	static
../Drivers/BSP/Components/iis2iclx/iis2iclx.c:1039:9:IIS2ICLX_ACC_Disable_Double_Tap_Detection	32	static
../Drivers/BSP/Components/iis2iclx/iis2iclx.c:1120:9:IIS2ICLX_ACC_Set_Tap_Threshold	16	static
../Drivers/BSP/Components/iis2iclx/iis2iclx.c:1137:9:IIS2ICLX_ACC_Set_Tap_Shock_Time	16	static
../Drivers/BSP/Components/iis2iclx/iis2iclx.c:1154:9:IIS2ICLX_ACC_Set_Tap_Quiet_Time	16	static
../Drivers/BSP/Components/iis2iclx/iis2iclx.c:1171:9:IIS2ICLX_ACC_Set_Tap_Duration_Time	16	static
../Drivers/BSP/Components/iis2iclx/iis2iclx.c:1188:9:IIS2ICLX_ACC_Get_DRDY_Status	16	static
../Drivers/BSP/Components/iis2iclx/iis2iclx.c:1204:9:IIS2ICLX_ACC_Get_Event_Status	40	static
../Drivers/BSP/Components/iis2iclx/iis2iclx.c:1288:9:IIS2ICLX_ACC_Set_SelfTest	24	static
../Drivers/BSP/Components/iis2iclx/iis2iclx.c:1311:9:IIS2ICLX_FIFO_Get_Num_Samples	16	static
../Drivers/BSP/Components/iis2iclx/iis2iclx.c:1327:9:IIS2ICLX_FIFO_Get_Full_Status	24	static
../Drivers/BSP/Components/iis2iclx/iis2iclx.c:1347:9:IIS2ICLX_FIFO_Set_INT1_FIFO_Full	24	static
../Drivers/BSP/Components/iis2iclx/iis2iclx.c:1372:9:IIS2ICLX_FIFO_Set_Watermark_Level	16	static
../Drivers/BSP/Components/iis2iclx/iis2iclx.c:1388:9:IIS2ICLX_FIFO_Set_Stop_On_Fth	16	static
../Drivers/BSP/Components/iis2iclx/iis2iclx.c:1404:9:IIS2ICLX_FIFO_Set_Mode	24	static
../Drivers/BSP/Components/iis2iclx/iis2iclx.c:1442:9:IIS2ICLX_FIFO_Get_Tag	24	static
../Drivers/BSP/Components/iis2iclx/iis2iclx.c:1462:9:IIS2ICLX_FIFO_Get_Data	16	static
../Drivers/BSP/Components/iis2iclx/iis2iclx.c:1478:9:IIS2ICLX_FIFO_ACC_Get_Axes	48	static
../Drivers/BSP/Components/iis2iclx/iis2iclx.c:1516:9:IIS2ICLX_FIFO_ACC_Set_BDR	24	static
../Drivers/BSP/Components/iis2iclx/iis2iclx.c:1551:16:IIS2ICLX_ACC_SetOutputDataRate_When_Enabled	24	static
../Drivers/BSP/Components/iis2iclx/iis2iclx.c:1578:16:IIS2ICLX_ACC_SetOutputDataRate_When_Disabled	16	static
../Drivers/BSP/Components/iis2iclx/iis2iclx.c:1596:9:IIS2ICLX_ACC_Enable_DRDY_Interrupt	24	static
../Drivers/BSP/Components/iis2iclx/iis2iclx.c:1621:9:IIS2ICLX_ACC_Set_Filter_Mode	16	static
../Drivers/BSP/Components/iis2iclx/iis2iclx.c:1654:9:IIS2ICLX_ACC_Set_Sleep_Duration	16	static
../Drivers/BSP/Components/iis2iclx/iis2iclx.c:1673:16:ReadRegWrap	40	static
../Drivers/BSP/Components/iis2iclx/iis2iclx.c:1688:16:WriteRegWrap	40	static
