Archive member included to satisfy reference by file (symbol)

C:/ST/STM32CubeIDE_1.17.0/STM32CubeIDE/plugins/com.st.stm32cube.ide.mcu.externaltools.gnu-tools-for-stm32.12.3.rel1.win32_1.1.0.202410251130/tools/bin/../lib/gcc/arm-none-eabi/12.3.1/../../../../arm-none-eabi/lib/thumb/v8-m.main+fp/hard\libc_nano.a(libc_a-exit.o)
                              C:/ST/STM32CubeIDE_1.17.0/STM32CubeIDE/plugins/com.st.stm32cube.ide.mcu.externaltools.gnu-tools-for-stm32.12.3.rel1.win32_1.1.0.202410251130/tools/bin/../lib/gcc/arm-none-eabi/12.3.1/../../../../arm-none-eabi/lib/thumb/v8-m.main+fp/hard/crt0.o (exit)
C:/ST/STM32CubeIDE_1.17.0/STM32CubeIDE/plugins/com.st.stm32cube.ide.mcu.externaltools.gnu-tools-for-stm32.12.3.rel1.win32_1.1.0.202410251130/tools/bin/../lib/gcc/arm-none-eabi/12.3.1/../../../../arm-none-eabi/lib/thumb/v8-m.main+fp/hard\libc_nano.a(libc_a-findfp.o)
                              C:/ST/STM32CubeIDE_1.17.0/STM32CubeIDE/plugins/com.st.stm32cube.ide.mcu.externaltools.gnu-tools-for-stm32.12.3.rel1.win32_1.1.0.202410251130/tools/bin/../lib/gcc/arm-none-eabi/12.3.1/../../../../arm-none-eabi/lib/thumb/v8-m.main+fp/hard\libc_nano.a(libc_a-exit.o) (__stdio_exit_handler)
C:/ST/STM32CubeIDE_1.17.0/STM32CubeIDE/plugins/com.st.stm32cube.ide.mcu.externaltools.gnu-tools-for-stm32.12.3.rel1.win32_1.1.0.202410251130/tools/bin/../lib/gcc/arm-none-eabi/12.3.1/../../../../arm-none-eabi/lib/thumb/v8-m.main+fp/hard\libc_nano.a(libc_a-fwalk.o)
                              C:/ST/STM32CubeIDE_1.17.0/STM32CubeIDE/plugins/com.st.stm32cube.ide.mcu.externaltools.gnu-tools-for-stm32.12.3.rel1.win32_1.1.0.202410251130/tools/bin/../lib/gcc/arm-none-eabi/12.3.1/../../../../arm-none-eabi/lib/thumb/v8-m.main+fp/hard\libc_nano.a(libc_a-findfp.o) (_fwalk_sglue)
C:/ST/STM32CubeIDE_1.17.0/STM32CubeIDE/plugins/com.st.stm32cube.ide.mcu.externaltools.gnu-tools-for-stm32.12.3.rel1.win32_1.1.0.202410251130/tools/bin/../lib/gcc/arm-none-eabi/12.3.1/../../../../arm-none-eabi/lib/thumb/v8-m.main+fp/hard\libc_nano.a(libc_a-printf.o)
                              ./USB DEVICE/Core/Src/usbd_core.o (printf)
C:/ST/STM32CubeIDE_1.17.0/STM32CubeIDE/plugins/com.st.stm32cube.ide.mcu.externaltools.gnu-tools-for-stm32.12.3.rel1.win32_1.1.0.202410251130/tools/bin/../lib/gcc/arm-none-eabi/12.3.1/../../../../arm-none-eabi/lib/thumb/v8-m.main+fp/hard\libc_nano.a(libc_a-putchar.o)
                              ./USB DEVICE/Core/Src/usbd_core.o (putchar)
C:/ST/STM32CubeIDE_1.17.0/STM32CubeIDE/plugins/com.st.stm32cube.ide.mcu.externaltools.gnu-tools-for-stm32.12.3.rel1.win32_1.1.0.202410251130/tools/bin/../lib/gcc/arm-none-eabi/12.3.1/../../../../arm-none-eabi/lib/thumb/v8-m.main+fp/hard\libc_nano.a(libc_a-stdio.o)
                              C:/ST/STM32CubeIDE_1.17.0/STM32CubeIDE/plugins/com.st.stm32cube.ide.mcu.externaltools.gnu-tools-for-stm32.12.3.rel1.win32_1.1.0.202410251130/tools/bin/../lib/gcc/arm-none-eabi/12.3.1/../../../../arm-none-eabi/lib/thumb/v8-m.main+fp/hard\libc_nano.a(libc_a-findfp.o) (__sread)
C:/ST/STM32CubeIDE_1.17.0/STM32CubeIDE/plugins/com.st.stm32cube.ide.mcu.externaltools.gnu-tools-for-stm32.12.3.rel1.win32_1.1.0.202410251130/tools/bin/../lib/gcc/arm-none-eabi/12.3.1/../../../../arm-none-eabi/lib/thumb/v8-m.main+fp/hard\libc_nano.a(libc_a-memset.o)
                              C:/ST/STM32CubeIDE_1.17.0/STM32CubeIDE/plugins/com.st.stm32cube.ide.mcu.externaltools.gnu-tools-for-stm32.12.3.rel1.win32_1.1.0.202410251130/tools/bin/../lib/gcc/arm-none-eabi/12.3.1/../../../../arm-none-eabi/lib/thumb/v8-m.main+fp/hard/crt0.o (memset)
C:/ST/STM32CubeIDE_1.17.0/STM32CubeIDE/plugins/com.st.stm32cube.ide.mcu.externaltools.gnu-tools-for-stm32.12.3.rel1.win32_1.1.0.202410251130/tools/bin/../lib/gcc/arm-none-eabi/12.3.1/../../../../arm-none-eabi/lib/thumb/v8-m.main+fp/hard\libc_nano.a(libc_a-closer.o)
                              C:/ST/STM32CubeIDE_1.17.0/STM32CubeIDE/plugins/com.st.stm32cube.ide.mcu.externaltools.gnu-tools-for-stm32.12.3.rel1.win32_1.1.0.202410251130/tools/bin/../lib/gcc/arm-none-eabi/12.3.1/../../../../arm-none-eabi/lib/thumb/v8-m.main+fp/hard\libc_nano.a(libc_a-stdio.o) (_close_r)
C:/ST/STM32CubeIDE_1.17.0/STM32CubeIDE/plugins/com.st.stm32cube.ide.mcu.externaltools.gnu-tools-for-stm32.12.3.rel1.win32_1.1.0.202410251130/tools/bin/../lib/gcc/arm-none-eabi/12.3.1/../../../../arm-none-eabi/lib/thumb/v8-m.main+fp/hard\libc_nano.a(libc_a-reent.o)
                              C:/ST/STM32CubeIDE_1.17.0/STM32CubeIDE/plugins/com.st.stm32cube.ide.mcu.externaltools.gnu-tools-for-stm32.12.3.rel1.win32_1.1.0.202410251130/tools/bin/../lib/gcc/arm-none-eabi/12.3.1/../../../../arm-none-eabi/lib/thumb/v8-m.main+fp/hard\libc_nano.a(libc_a-closer.o) (errno)
C:/ST/STM32CubeIDE_1.17.0/STM32CubeIDE/plugins/com.st.stm32cube.ide.mcu.externaltools.gnu-tools-for-stm32.12.3.rel1.win32_1.1.0.202410251130/tools/bin/../lib/gcc/arm-none-eabi/12.3.1/../../../../arm-none-eabi/lib/thumb/v8-m.main+fp/hard\libc_nano.a(libc_a-impure.o)
[...]
Memory Configuration

Name             Origin             Length             Attributes
RAM              0x20000000         0x00040000         xrw
SRAM4            0x28000000         0x00004000         xrw
FLASH            0x08000000         0x00080000         xr
*default*        0x00000000         0xffffffff

Linker script and memory map

LOAD C:/ST/STM32CubeIDE_1.17.0/STM32CubeIDE/plugins/com.st.stm32cube.ide.mcu.externaltools.gnu-tools-for-stm32.12.3.rel1.win32_1.1.0.202410251130/tools/bin/../lib/gcc/arm-none-eabi/12.3.1/thumb/v8-m.main+fp/hard/crti.o
LOAD C:/ST/STM32CubeIDE_1.17.0/STM32CubeIDE/plugins/com.st.stm32cube.ide.mcu.externaltools.gnu-tools-for-stm32.12.3.rel1.win32_1.1.0.202410251130/tools/bin/../lib/gcc/arm-none-eabi/12.3.1/thumb/v8-m.main+fp/hard/crtbegin.o
LOAD C:/ST/STM32CubeIDE_1.17.0/STM32CubeIDE/plugins/com.st.stm32cube.ide.mcu.externaltools.gnu-tools-for-stm32.12.3.rel1.win32_1.1.0.202410251130/tools/bin/../lib/gcc/arm-none-eabi/12.3.1/../../../../arm-none-eabi/lib/thumb/v8-m.main+fp/hard/crt0.o
LOAD ./Core/Src/main.o
LOAD ./Core/Src/stm32u5xx_hal_msp.o
LOAD ./Core/Src/stm32u5xx_it.o
LOAD ./Core/Src/syscalls.o
LOAD ./Core/Src/sysmem.o
LOAD ./Core/Src/system_stm32u5xx.o
LOAD ./Core/Startup/startup_stm32u545retxq.o
LOAD ./Drivers/BSP/STM32U5xx_Nucleo/stm32u5xx_nucleo.o
LOAD ./Drivers/STM32U5xx_HAL_Driver/Src/stm32u5xx_hal.o
LOAD ./Drivers/STM32U5xx_HAL_Driver/Src/stm32u5xx_hal_cortex.o
LOAD ./Drivers/STM32U5xx_HAL_Driver/Src/stm32u5xx_hal_dma.o
LOAD ./Drivers/STM32U5xx_HAL_Driver/Src/stm32u5xx_hal_dma_ex.o
LOAD ./Drivers/STM32U5xx_HAL_Driver/Src/stm32u5xx_hal_exti.o
LOAD ./Drivers/STM32U5xx_HAL_Driver/Src/stm32u5xx_hal_flash.o
LOAD ./Drivers/STM32U5xx_HAL_Driver/Src/stm32u5xx_hal_flash_ex.o
LOAD ./Drivers/STM32U5xx_HAL_Driver/Src/stm32u5xx_hal_gpio.o
LOAD ./Drivers/STM32U5xx_HAL_Driver/Src/stm32u5xx_hal_gtzc.o
LOAD ./Drivers/STM32U5xx_HAL_Driver/Src/stm32u5xx_hal_i2c.o
LOAD ./Drivers/STM32U5xx_HAL_Driver/Src/stm32u5xx_hal_i2c_ex.o
LOAD ./Drivers/STM32U5xx_HAL_Driver/Src/stm32u5xx_hal_icache.o
LOAD ./Drivers/STM32U5xx_HAL_Driver/Src/stm32u5xx_hal_pcd.o
LOAD ./Drivers/STM32U5xx_HAL_Driver/Src/stm32u5xx_hal_pcd_ex.o
LOAD ./Drivers/STM32U5xx_HAL_Driver/Src/stm32u5xx_hal_pwr.o
LOAD ./Drivers/STM32U5xx_HAL_Driver/Src/stm32u5xx_hal_pwr_ex.o
LOAD ./Drivers/STM32U5xx_HAL_Driver/Src/stm32u5xx_hal_rcc.o
LOAD ./Drivers/STM32U5xx_HAL_Driver/Src/stm32u5xx_hal_rcc_ex.o
LOAD ./Drivers/STM32U5xx_HAL_Driver/Src/stm32u5xx_hal_uart.o
LOAD ./Drivers/STM32U5xx_HAL_Driver/Src/stm32u5xx_hal_uart_ex.o
LOAD ./Drivers/STM32U5xx_HAL_Driver/Src/stm32u5xx_hal_usart.o
LOAD ./Drivers/STM32U5xx_HAL_Driver/Src/stm32u5xx_hal_usart_ex.o
LOAD ./Drivers/STM32U5xx_HAL_Driver/Src/stm32u5xx_ll_usb.o
LOAD ./USB DEVICE/Class/CDC/Src/usbd_cdc.o
LOAD ./USB DEVICE/Class/CDC/Src/usbd_cdc_if.o
LOAD ./USB DEVICE/Core/Src/usbd_conf.o
LOAD ./USB DEVICE/Core/Src/usbd_core.o
LOAD ./USB DEVICE/Core/Src/usbd_ctlreq.o
LOAD ./USB DEVICE/Core/Src/usbd_desc.o
LOAD ./USB DEVICE/Core/Src/usbd_ioreq.o
START GROUP
LOAD C:/ST/STM32CubeIDE_1.17.0/STM32CubeIDE/plugins/com.st.stm32cube.ide.mcu.externaltools.gnu-tools-for-stm32.12.3.rel1.win32_1.1.0.202410251130/tools/bin/../lib/gcc/arm-none-eabi/12.3.1/../../../../arm-none-eabi/lib/thumb/v8-m.main+fp/hard\libc_nano.a
LOAD C:/ST/STM32CubeIDE_1.17.0/STM32CubeIDE/plugins/com.st.stm32cube.ide.mcu.externaltools.gnu-tools-for-stm32.12.3.rel1.win32_1.1.0.202410251130/tools/bin/../lib/gcc/arm-none-eabi/12.3.1/../../../../arm-none-eabi/lib/thumb/v8-m.main+fp/hard\libm.a
END GROUP
START GROUP
LOAD C:/ST/STM32CubeIDE_1.17.0/STM32CubeIDE/plugins/com.st.stm32cube.ide.mcu.externaltools.gnu-tools-for-stm32.12.3.rel1.win32_1.1.0.202410251130/tools/bin/../lib/gcc/arm-none-eabi/12.3.1/thumb/v8-m.main+fp/hard\libgcc.a
LOAD C:/ST/STM32CubeIDE_1.17.0/STM32CubeIDE/plugins/com.st.stm32cube.ide.mcu.externaltools.gnu-tools-for-stm32.12.3.rel1.win32_1.1.0.202410251130/tools/bin/../lib/gcc/arm-none-eabi/12.3.1/../../../../arm-none-eabi/lib/thumb/v8-m.main+fp/hard\libc_nano.a
END GROUP
START GROUP
LOAD C:/ST/STM32CubeIDE_1.17.0/STM32CubeIDE/plugins/com.st.stm32cube.ide.mcu.externaltools.gnu-tools-for-stm32.12.3.rel1.win32_1.1.0.202410251130/tools/bin/../lib/gcc/arm-none-eabi/12.3.1/thumb/v8-m.main+fp/hard\libgcc.a
LOAD C:/ST/STM32CubeIDE_1.17.0/STM32CubeIDE/plugins/com.st.stm32cube.ide.mcu.externaltools.gnu-tools-for-stm32.12.3.rel1.win32_1.1.0.202410251130/tools/bin/../lib/gcc/arm-none-eabi/12.3.1/../../../../arm-none-eabi/lib/thumb/v8-m.main+fp/hard\libc_nano.a
LOAD C:/ST/STM32CubeIDE_1.17.0/STM32CubeIDE/plugins/com.st.stm32cube.ide.mcu.externaltools.gnu-tools-for-stm32.12.3.rel1.win32_1.1.0.202410251130/tools/bin/../lib/gcc/arm-none-eabi/12.3.1/../../../../arm-none-eabi/lib/thumb/v8-m.main+fp/hard\libnosys.a
END GROUP
START GROUP
LOAD C:/ST/STM32CubeIDE_1.17.0/STM32CubeIDE/plugins/com.st.stm32cube.ide.mcu.externaltools.gnu-tools-for-stm32.12.3.rel1.win32_1.1.0.202410251130/tools/bin/../lib/gcc/arm-none-eabi/12.3.1/thumb/v8-m.main+fp/hard\libgcc.a
LOAD C:/ST/STM32CubeIDE_1.17.0/STM32CubeIDE/plugins/com.st.stm32cube.ide.mcu.externaltools.gnu-tools-for-stm32.12.3.rel1.win32_1.1.0.202410251130/tools/bin/../lib/gcc/arm-none-eabi/12.3.1/../../../../arm-none-eabi/lib/thumb/v8-m.main+fp/hard\libc_nano.a
LOAD C:/ST/STM32CubeIDE_1.17.0/STM32CubeIDE/plugins/com.st.stm32cube.ide.mcu.externaltools.gnu-tools-for-stm32.12.3.rel1.win32_1.1.0.202410251130/tools/bin/../lib/gcc/arm-none-eabi/12.3.1/../../../../arm-none-eabi/lib/thumb/v8-m.main+fp/hard\libnosys.a
END GROUP
LOAD C:/ST/STM32CubeIDE_1.17.0/STM32CubeIDE/plugins/com.st.stm32cube.ide.mcu.externaltools.gnu-tools-for-stm32.12.3.rel1.win32_1.1.0.202410251130/tools/bin/../lib/gcc/arm-none-eabi/12.3.1/thumb/v8-m.main+fp/hard/crtend.o
LOAD C:/ST/STM32CubeIDE_1.17.0/STM32CubeIDE/plugins/com.st.stm32cube.ide.mcu.externaltools.gnu-tools-for-stm32.12.3.rel1.win32_1.1.0.202410251130/tools/bin/../lib/gcc/arm-none-eabi/12.3.1/thumb/v8-m.main+fp/hard/crtn.o
                0x20040000                        _estack = (ORIGIN (RAM) + LENGTH (RAM))
                0x00000600                        _Min_Heap_Size = 0x600
                0x00000800                        _Min_Stack_Size = 0x800

.isr_vector     0x08000000      0x238
 *(.isr_vector)
 .isr_vector    0x08000000      0x238 ./Core/Startup/startup_stm32u545retxq.o
                0x08000000                g_pfnVectors

.text           0x08000238     0xa2c0
 *(.text)
 .text          0x08000238       0x40 C:/ST/STM32CubeIDE_1.17.0/STM32CubeIDE/plugins/com.st.stm32cube.ide.mcu.externaltools.gnu-tools-for-stm32.12.3.rel1.win32_1.1.0.202410251130/tools/bin/../lib/gcc/arm-none-eabi/12.3.1/thumb/v8-m.main+fp/hard/crtbegin.o
 *(.text*)
 .text.main     0x08000278       0xc8 ./Core/Src/main.o
                0x08000278                main
 .text.SystemClock_Config
                0x08000340      0x124 ./Core/Src/main.o
                0x08000340                SystemClock_Config
 .text.SystemPower_Config
                0x08000464       0x18 ./Core/Src/main.o
 .text.MX_ICACHE_Init
                0x0800047c       0x26 ./Core/Src/main.o
 *fill*         0x080004a2        0x2 
 .text.MX_USB_DRD_FS_PCD_Init
                0x080004a4       0x64 ./Core/Src/main.o
                0x080004a4                MX_USB_DRD_FS_PCD_Init
 .text.MX_GPIO_Init
                0x08000508       0x54 ./Core/Src/main.o
 .text.Error_Handler
                0x0800055c        0xc ./Core/Src/main.o
                0x0800055c                Error_Handler
 .text.HAL_MspInit
                0x08000568       0x34 ./Core/Src/stm32u5xx_hal_msp.o
                0x08000568                HAL_MspInit
 .text.HAL_PCD_MspInit
                0x0800059c       0xcc ./Core/Src/stm32u5xx_hal_msp.o
                0x0800059c                HAL_PCD_MspInit
 .text.NMI_Handler
                0x08000668        0x8 ./Core/Src/stm32u5xx_it.o
                0x08000668                NMI_Handler
 .text.HardFault_Handler
                0x08000670        0x8 ./Core/Src/stm32u5xx_it.o
                0x08000670                HardFault_Handler
 .text.MemManage_Handler
                0x08000678        0x8 ./Core/Src/stm32u5xx_it.o
                0x08000678                MemManage_Handler
 .text.BusFault_Handler
                0x08000680        0x8 ./Core/Src/stm32u5xx_it.o
                0x08000680                BusFault_Handler
 .text.UsageFault_Handler
                0x08000688        0x8 ./Core/Src/stm32u5xx_it.o
                0x08000688                UsageFault_Handler
 .text.SVC_Handler
                0x08000690        0xe ./Core/Src/stm32u5xx_it.o
                0x08000690                SVC_Handler
 .text.DebugMon_Handler
                0x0800069e        0xe ./Core/Src/stm32u5xx_it.o
                0x0800069e                DebugMon_Handler
 .text.PendSV_Handler
                0x080006ac        0xe ./Core/Src/stm32u5xx_it.o
                0x080006ac                PendSV_Handler
 .text.SysTick_Handler
                0x080006ba        0xc ./Core/Src/stm32u5xx_it.o
                0x080006ba                SysTick_Handler
 .text.EXTI13_IRQHandler
                0x080006c6        0xe ./Core/Src/stm32u5xx_it.o
                0x080006c6                EXTI13_IRQHandler
 .text.USB_IRQHandler
                0x080006d4       0x14 ./Core/Src/stm32u5xx_it.o
                0x080006d4                USB_IRQHandler
 .text._read    0x080006e8       0x3a ./Core/Src/syscalls.o
                0x080006e8                _read
 .text._write   0x08000722       0x38 ./Core/Src/syscalls.o
                0x08000722                _write
 .text._close   0x0800075a       0x18 ./Core/Src/syscalls.o
                0x0800075a                _close
 .text._fstat   0x08000772       0x20 ./Core/Src/syscalls.o
                0x08000772                _fstat
 .text._isatty  0x08000792       0x16 ./Core/Src/syscalls.o
                0x08000792                _isatty
 .text._lseek   0x080007a8       0x1a ./Core/Src/syscalls.o
                0x080007a8                _lseek
 *fill*         0x080007c2        0x2 
 .text._sbrk    0x080007c4       0x6c ./Core/Src/sysmem.o
                0x080007c4                _sbrk
 .text.SystemInit
                0x08000830       0x70 ./Core/Src/system_stm32u5xx.o
                0x08000830                SystemInit
 .text.Reset_Handler
                0x080008a0       0x50 ./Core/Startup/startup_stm32u545retxq.o
                0x080008a0                Reset_Handler
 .text.Default_Handler
                0x080008f0        0x2 ./Core/Startup/startup_stm32u545retxq.o
                0x080008f0                EXTI2_IRQHandler
                0x080008f0                TIM8_TRG_COM_IRQHandler
                0x080008f0                TIM8_CC_IRQHandler
                0x080008f0                EXTI5_IRQHandler
                0x080008f0                FLASH_S_IRQHandler
                0x080008f0                TIM1_CC_IRQHandler
                0x080008f0                TSC_IRQHandler
                0x080008f0                TAMP_IRQHandler
                0x080008f0                TIM6_IRQHandler
                0x080008f0                EXTI12_IRQHandler
                0x080008f0                CORDIC_IRQHandler
                0x080008f0                EXTI3_IRQHandler
                0x080008f0                LPTIM4_IRQHandler
                0x080008f0                GPDMA1_Channel5_IRQHandler
                0x080008f0                EXTI8_IRQHandler
                0x080008f0                LPTIM2_IRQHandler
                0x080008f0                I2C3_ER_IRQHandler
                0x080008f0                PWR_S3WU_IRQHandler
                0x080008f0                LPDMA1_Channel3_IRQHandler
                0x080008f0                LPTIM3_IRQHandler
                0x080008f0                EXTI0_IRQHandler
                0x080008f0                I2C2_EV_IRQHandler
                0x080008f0                FPU_IRQHandler
                0x080008f0                GPDMA1_Channel3_IRQHandler
                0x080008f0                GPDMA1_Channel7_IRQHandler
                0x080008f0                FDCAN1_IT1_IRQHandler
                0x080008f0                RAMCFG_IRQHandler
                0x080008f0                GPDMA1_Channel9_IRQHandler
                0x080008f0                DCACHE1_IRQHandler
                0x080008f0                SPI1_IRQHandler
                0x080008f0                OCTOSPI1_IRQHandler
                0x080008f0                GPDMA1_Channel2_IRQHandler
                0x080008f0                TIM8_UP_IRQHandler
                0x080008f0                RCC_S_IRQHandler
                0x080008f0                MDF1_FLT1_IRQHandler
                0x080008f0                ADC1_IRQHandler
                0x080008f0                PKA_IRQHandler
                0x080008f0                EXTI15_IRQHandler
                0x080008f0                TIM17_IRQHandler
                0x080008f0                USART3_IRQHandler
                0x080008f0                RTC_IRQHandler
                0x080008f0                EXTI9_IRQHandler
                0x080008f0                UART5_IRQHandler
                0x080008f0                TIM4_IRQHandler
                0x080008f0                I2C1_EV_IRQHandler
                0x080008f0                GPDMA1_Channel12_IRQHandler
                0x080008f0                GPDMA1_Channel1_IRQHandler
                0x080008f0                TIM16_IRQHandler
                0x080008f0                GPDMA1_Channel15_IRQHandler
                0x080008f0                UART4_IRQHandler
                0x080008f0                SecureFault_Handler
                0x080008f0                TIM3_IRQHandler
                0x080008f0                RCC_IRQHandler
                0x080008f0                TIM1_TRG_COM_IRQHandler
                0x080008f0                Default_Handler
                0x080008f0                GPDMA1_Channel8_IRQHandler
                0x080008f0                FMAC_IRQHandler
                0x080008f0                OTFDEC1_IRQHandler
                0x080008f0                GPDMA1_Channel11_IRQHandler
                0x080008f0                TIM7_IRQHandler
                0x080008f0                SDMMC1_IRQHandler
                0x080008f0                SAES_IRQHandler
                0x080008f0                TIM5_IRQHandler
                0x080008f0                GPDMA1_Channel0_IRQHandler
                0x080008f0                TIM15_IRQHandler
                0x080008f0                I2C3_EV_IRQHandler
                0x080008f0                LPDMA1_Channel0_IRQHandler
                0x080008f0                PVD_PVM_IRQHandler
                0x080008f0                SPI2_IRQHandler
                0x080008f0                LPDMA1_Channel1_IRQHandler
                0x080008f0                EXTI14_IRQHandler
                0x080008f0                EXTI11_IRQHandler
                0x080008f0                CRS_IRQHandler
                0x080008f0                GPDMA1_Channel14_IRQHandler
                0x080008f0                LSECSSD_IRQHandler
                0x080008f0                EXTI4_IRQHandler
                0x080008f0                RTC_S_IRQHandler
                0x080008f0                GPDMA1_Channel13_IRQHandler
                0x080008f0                RNG_IRQHandler
                0x080008f0                COMP_IRQHandler
                0x080008f0                TIM1_UP_IRQHandler
                0x080008f0                ADC4_IRQHandler
                0x080008f0                WWDG_IRQHandler
                0x080008f0                I2C4_EV_IRQHandler
                0x080008f0                ADF1_IRQHandler
                0x080008f0                IWDG_IRQHandler
                0x080008f0                LPUART1_IRQHandler
                0x080008f0                MDF1_FLT0_IRQHandler
                0x080008f0                FDCAN1_IT0_IRQHandler
                0x080008f0                TIM2_IRQHandler
                0x080008f0                GPDMA1_Channel4_IRQHandler
                0x080008f0                EXTI7_IRQHandler
                0x080008f0                TIM1_BRK_IRQHandler
                0x080008f0                EXTI1_IRQHandler
                0x080008f0                AES_IRQHandler
                0x080008f0                DAC1_IRQHandler
                0x080008f0                GTZC_IRQHandler
                0x080008f0                GPDMA1_Channel6_IRQHandler
                0x080008f0                I2C2_ER_IRQHandler
                0x080008f0                TIM8_BRK_IRQHandler
                0x080008f0                FLASH_IRQHandler
                0x080008f0                USART1_IRQHandler
                0x080008f0                EXTI10_IRQHandler
                0x080008f0                SPI3_IRQHandler
                0x080008f0                LPDMA1_Channel2_IRQHandler
                0x080008f0                I2C1_ER_IRQHandler
                0x080008f0                EXTI6_IRQHandler
                0x080008f0                LPTIM1_IRQHandler
                0x080008f0                DCMI_PSSI_IRQHandler
                0x080008f0                I2C4_ER_IRQHandler
                0x080008f0                GPDMA1_Channel10_IRQHandler
                0x080008f0                ICACHE_IRQHandler
                0x080008f0                SAI1_IRQHandler
                0x080008f0                HASH_IRQHandler
 *fill*         0x080008f2        0x2 
 .text.BSP_LED_Init
                0x080008f4       0x78 ./Drivers/BSP/STM32U5xx_Nucleo/stm32u5xx_nucleo.o
                0x080008f4                BSP_LED_Init
 .text.BSP_PB_Init
                0x0800096c       0xf0 ./Drivers/BSP/STM32U5xx_Nucleo/stm32u5xx_nucleo.o
                0x0800096c                BSP_PB_Init
 .text.BSP_PB_IRQHandler
                0x08000a5c       0x2c ./Drivers/BSP/STM32U5xx_Nucleo/stm32u5xx_nucleo.o
                0x08000a5c                BSP_PB_IRQHandler
 .text.BSP_PB_Callback
                0x08000a88       0x16 ./Drivers/BSP/STM32U5xx_Nucleo/stm32u5xx_nucleo.o
                0x08000a88                BSP_PB_Callback
 .text.BUTTON_USER_EXTI_Callback
                0x08000a9e        0xe ./Drivers/BSP/STM32U5xx_Nucleo/stm32u5xx_nucleo.o
 .text.HAL_Init
                0x08000aac       0x60 ./Drivers/STM32U5xx_HAL_Driver/Src/stm32u5xx_hal.o
                0x08000aac                HAL_Init
 .text.HAL_InitTick
                0x08000b0c       0xec ./Drivers/STM32U5xx_HAL_Driver/Src/stm32u5xx_hal.o
                0x08000b0c                HAL_InitTick
 .text.HAL_IncTick
                0x08000bf8       0x28 ./Drivers/STM32U5xx_HAL_Driver/Src/stm32u5xx_hal.o
                0x08000bf8                HAL_IncTick
 .text.HAL_GetTick
                0x08000c20       0x18 ./Drivers/STM32U5xx_HAL_Driver/Src/stm32u5xx_hal.o
                0x08000c20                HAL_GetTick
 .text.HAL_Delay
                0x08000c38       0x48 ./Drivers/STM32U5xx_HAL_Driver/Src/stm32u5xx_hal.o
                0x08000c38                HAL_Delay
 .text.__NVIC_SetPriorityGrouping
                0x08000c80       0x48 ./Drivers/STM32U5xx_HAL_Driver/Src/stm32u5xx_hal_cortex.o
 .text.__NVIC_GetPriorityGrouping
                0x08000cc8       0x1c ./Drivers/STM32U5xx_HAL_Driver/Src/stm32u5xx_hal_cortex.o
 .text.__NVIC_EnableIRQ
                0x08000ce4       0x3c ./Drivers/STM32U5xx_HAL_Driver/Src/stm32u5xx_hal_cortex.o
 .text.__NVIC_SetPriority
                0x08000d20       0x54 ./Drivers/STM32U5xx_HAL_Driver/Src/stm32u5xx_hal_cortex.o
 .text.NVIC_EncodePriority
                0x08000d74       0x66 ./Drivers/STM32U5xx_HAL_Driver/Src/stm32u5xx_hal_cortex.o
 .text.HAL_NVIC_SetPriorityGrouping
                0x08000dda       0x16 ./Drivers/STM32U5xx_HAL_Driver/Src/stm32u5xx_hal_cortex.o
                0x08000dda                HAL_NVIC_SetPriorityGrouping
 .text.HAL_NVIC_SetPriority
                0x08000df0       0x34 ./Drivers/STM32U5xx_HAL_Driver/Src/stm32u5xx_hal_cortex.o
                0x08000df0                HAL_NVIC_SetPriority
 .text.HAL_NVIC_EnableIRQ
                0x08000e24       0x1c ./Drivers/STM32U5xx_HAL_Driver/Src/stm32u5xx_hal_cortex.o
                0x08000e24                HAL_NVIC_EnableIRQ
 .text.HAL_SYSTICK_Config
                0x08000e40       0x44 ./Drivers/STM32U5xx_HAL_Driver/Src/stm32u5xx_hal_cortex.o
                0x08000e40                HAL_SYSTICK_Config
 .text.HAL_SYSTICK_CLKSourceConfig
                0x08000e84       0xb0 ./Drivers/STM32U5xx_HAL_Driver/Src/stm32u5xx_hal_cortex.o
                0x08000e84                HAL_SYSTICK_CLKSourceConfig
 .text.HAL_SYSTICK_GetCLKSourceConfig
                0x08000f34       0x74 ./Drivers/STM32U5xx_HAL_Driver/Src/stm32u5xx_hal_cortex.o
                0x08000f34                HAL_SYSTICK_GetCLKSourceConfig
 .text.HAL_EXTI_RegisterCallback
                0x08000fa8       0x58 ./Drivers/STM32U5xx_HAL_Driver/Src/stm32u5xx_hal_exti.o
                0x08000fa8                HAL_EXTI_RegisterCallback
 .text.HAL_EXTI_GetHandle
                0x08001000       0x28 ./Drivers/STM32U5xx_HAL_Driver/Src/stm32u5xx_hal_exti.o
                0x08001000                HAL_EXTI_GetHandle
 .text.HAL_EXTI_IRQHandler
                0x08001028       0x90 ./Drivers/STM32U5xx_HAL_Driver/Src/stm32u5xx_hal_exti.o
                0x08001028                HAL_EXTI_IRQHandler
 .text.HAL_GPIO_Init
                0x080010b8      0x3b0 ./Drivers/STM32U5xx_HAL_Driver/Src/stm32u5xx_hal_gpio.o
                0x080010b8                HAL_GPIO_Init
 .text.HAL_ICACHE_ConfigAssociativityMode
                0x08001468       0x40 ./Drivers/STM32U5xx_HAL_Driver/Src/stm32u5xx_hal_icache.o
                0x08001468                HAL_ICACHE_ConfigAssociativityMode
 .text.HAL_ICACHE_Enable
                0x080014a8       0x20 ./Drivers/STM32U5xx_HAL_Driver/Src/stm32u5xx_hal_icache.o
                0x080014a8                HAL_ICACHE_Enable
 .text.PCD_GET_EP_RX_CNT
                0x080014c8       0x42 ./Drivers/STM32U5xx_HAL_Driver/Src/stm32u5xx_hal_pcd.o
 .text.PCD_GET_EP_DBUF0_CNT
                0x0800150a       0x42 ./Drivers/STM32U5xx_HAL_Driver/Src/stm32u5xx_hal_pcd.o
 .text.PCD_GET_EP_DBUF1_CNT
                0x0800154c       0x42 ./Drivers/STM32U5xx_HAL_Driver/Src/stm32u5xx_hal_pcd.o
 .text.HAL_PCD_Init
                0x0800158e      0x202 ./Drivers/STM32U5xx_HAL_Driver/Src/stm32u5xx_hal_pcd.o
                0x0800158e                HAL_PCD_Init
 .text.HAL_PCD_Start
                0x08001790       0x44 ./Drivers/STM32U5xx_HAL_Driver/Src/stm32u5xx_hal_pcd.o
                0x08001790                HAL_PCD_Start
 .text.HAL_PCD_IRQHandler
                0x080017d4      0x1ea ./Drivers/STM32U5xx_HAL_Driver/Src/stm32u5xx_hal_pcd.o
                0x080017d4                HAL_PCD_IRQHandler
 .text.HAL_PCD_SuspendCallback
                0x080019be       0x14 ./Drivers/STM32U5xx_HAL_Driver/Src/stm32u5xx_hal_pcd.o
                0x080019be                HAL_PCD_SuspendCallback
 .text.HAL_PCD_ResumeCallback
                0x080019d2       0x14 ./Drivers/STM32U5xx_HAL_Driver/Src/stm32u5xx_hal_pcd.o
                0x080019d2                HAL_PCD_ResumeCallback
 .text.HAL_PCD_SetAddress
                0x080019e6       0x48 ./Drivers/STM32U5xx_HAL_Driver/Src/stm32u5xx_hal_pcd.o
                0x080019e6                HAL_PCD_SetAddress
 .text.HAL_PCD_EP_Open
                0x08001a2e       0xc2 ./Drivers/STM32U5xx_HAL_Driver/Src/stm32u5xx_hal_pcd.o
                0x08001a2e                HAL_PCD_EP_Open
 .text.HAL_PCD_EP_Close
                0x08001af0       0x94 ./Drivers/STM32U5xx_HAL_Driver/Src/stm32u5xx_hal_pcd.o
                0x08001af0                HAL_PCD_EP_Close
 .text.HAL_PCD_EP_Receive
                0x08001b84       0x64 ./Drivers/STM32U5xx_HAL_Driver/Src/stm32u5xx_hal_pcd.o
                0x08001b84                HAL_PCD_EP_Receive
 .text.HAL_PCD_EP_GetRxCount
                0x08001be8       0x30 ./Drivers/STM32U5xx_HAL_Driver/Src/stm32u5xx_hal_pcd.o
                0x08001be8                HAL_PCD_EP_GetRxCount
 .text.HAL_PCD_EP_Transmit
                0x08001c18       0x70 ./Drivers/STM32U5xx_HAL_Driver/Src/stm32u5xx_hal_pcd.o
                0x08001c18                HAL_PCD_EP_Transmit
 .text.HAL_PCD_EP_SetStall
                0x08001c88       0xa8 ./Drivers/STM32U5xx_HAL_Driver/Src/stm32u5xx_hal_pcd.o
                0x08001c88                HAL_PCD_EP_SetStall
 .text.HAL_PCD_EP_ClrStall
                0x08001d30       0xac ./Drivers/STM32U5xx_HAL_Driver/Src/stm32u5xx_hal_pcd.o
                0x08001d30                HAL_PCD_EP_ClrStall
 .text.PCD_EP_ISR_Handler
                0x08001ddc      0x5d8 ./Drivers/STM32U5xx_HAL_Driver/Src/stm32u5xx_hal_pcd.o
 .text.HAL_PCD_EP_DB_Receive
                0x080023b4      0x1b4 ./Drivers/STM32U5xx_HAL_Driver/Src/stm32u5xx_hal_pcd.o
 .text.HAL_PCD_EP_DB_Transmit
                0x08002568      0x84c ./Drivers/STM32U5xx_HAL_Driver/Src/stm32u5xx_hal_pcd.o
 .text.HAL_PCDEx_PMAConfig
                0x08002db4       0x8a ./Drivers/STM32U5xx_HAL_Driver/Src/stm32u5xx_hal_pcd_ex.o
                0x08002db4                HAL_PCDEx_PMAConfig
 .text.HAL_PCDEx_ActivateLPM
                0x08002e3e       0x44 ./Drivers/STM32U5xx_HAL_Driver/Src/stm32u5xx_hal_pcd_ex.o
                0x08002e3e                HAL_PCDEx_ActivateLPM
 .text.HAL_PCDEx_LPM_Callback
                0x08002e82       0x18 ./Drivers/STM32U5xx_HAL_Driver/Src/stm32u5xx_hal_pcd_ex.o
                0x08002e82                HAL_PCDEx_LPM_Callback
 *fill*         0x08002e9a        0x2 
 .text.HAL_PWREx_ControlVoltageScaling
                0x08002e9c       0xfc ./Drivers/STM32U5xx_HAL_Driver/Src/stm32u5xx_hal_pwr_ex.o
                0x08002e9c                HAL_PWREx_ControlVoltageScaling
 .text.HAL_PWREx_GetVoltageRange
                0x08002f98       0x1c ./Drivers/STM32U5xx_HAL_Driver/Src/stm32u5xx_hal_pwr_ex.o
                0x08002f98                HAL_PWREx_GetVoltageRange
 .text.HAL_PWREx_ConfigSupply
                0x08002fb4       0xa0 ./Drivers/STM32U5xx_HAL_Driver/Src/stm32u5xx_hal_pwr_ex.o
                0x08002fb4                HAL_PWREx_ConfigSupply
 .text.HAL_PWREx_EnableVddUSB
                0x08003054       0x20 ./Drivers/STM32U5xx_HAL_Driver/Src/stm32u5xx_hal_pwr_ex.o
                0x08003054                HAL_PWREx_EnableVddUSB
 .text.HAL_RCC_OscConfig
                0x08003074      0xdb8 ./Drivers/STM32U5xx_HAL_Driver/Src/stm32u5xx_hal_rcc.o
                0x08003074                HAL_RCC_OscConfig
 .text.HAL_RCC_ClockConfig
                0x08003e2c      0x3e4 ./Drivers/STM32U5xx_HAL_Driver/Src/stm32u5xx_hal_rcc.o
                0x08003e2c                HAL_RCC_ClockConfig
 .text.HAL_RCC_GetSysClockFreq
                0x08004210      0x204 ./Drivers/STM32U5xx_HAL_Driver/Src/stm32u5xx_hal_rcc.o
                0x08004210                HAL_RCC_GetSysClockFreq
 .text.HAL_RCC_GetHCLKFreq
                0x08004414       0x34 ./Drivers/STM32U5xx_HAL_Driver/Src/stm32u5xx_hal_rcc.o
                0x08004414                HAL_RCC_GetHCLKFreq
 .text.RCC_SetFlashLatencyFromMSIRange
                0x08004448      0x10c ./Drivers/STM32U5xx_HAL_Driver/Src/stm32u5xx_hal_rcc.o
 .text.HAL_RCCEx_PeriphCLKConfig
                0x08004554      0xa7c ./Drivers/STM32U5xx_HAL_Driver/Src/stm32u5xx_hal_rcc_ex.o
                0x08004554                HAL_RCCEx_PeriphCLKConfig
 .text.HAL_RCCEx_CRSConfig
                0x08004fd0       0x84 ./Drivers/STM32U5xx_HAL_Driver/Src/stm32u5xx_hal_rcc_ex.o
                0x08004fd0                HAL_RCCEx_CRSConfig
 .text.RCCEx_PLL2_Config
                0x08005054      0x130 ./Drivers/STM32U5xx_HAL_Driver/Src/stm32u5xx_hal_rcc_ex.o
 .text.RCCEx_PLL3_Config
                0x08005184      0x130 ./Drivers/STM32U5xx_HAL_Driver/Src/stm32u5xx_hal_rcc_ex.o
 .text.USB_CoreReset
                0x080052b4       0x2e ./Drivers/STM32U5xx_HAL_Driver/Src/stm32u5xx_ll_usb.o
 .text.USB_CoreInit
                0x080052e2       0x3c ./Drivers/STM32U5xx_HAL_Driver/Src/stm32u5xx_ll_usb.o
                0x080052e2                USB_CoreInit
 .text.USB_EnableGlobalInt
                0x0800531e       0x28 ./Drivers/STM32U5xx_HAL_Driver/Src/stm32u5xx_ll_usb.o
                0x0800531e                USB_EnableGlobalInt
 .text.USB_DisableGlobalInt
                0x08005346       0x2a ./Drivers/STM32U5xx_HAL_Driver/Src/stm32u5xx_ll_usb.o
                0x08005346                USB_DisableGlobalInt
 .text.USB_SetCurrentMode
                0x08005370       0x46 ./Drivers/STM32U5xx_HAL_Driver/Src/stm32u5xx_ll_usb.o
                0x08005370                USB_SetCurrentMode
 .text.USB_DevInit
                0x080053b6       0x46 ./Drivers/STM32U5xx_HAL_Driver/Src/stm32u5xx_ll_usb.o
                0x080053b6                USB_DevInit
 .text.USB_ActivateEndpoint
                0x080053fc      0x938 ./Drivers/STM32U5xx_HAL_Driver/Src/stm32u5xx_ll_usb.o
                0x080053fc                USB_ActivateEndpoint
 .text.USB_DeactivateEndpoint
                0x08005d34      0x314 ./Drivers/STM32U5xx_HAL_Driver/Src/stm32u5xx_ll_usb.o
                0x08005d34                USB_DeactivateEndpoint
 .text.USB_EPStartXfer
                0x08006048      0xb54 ./Drivers/STM32U5xx_HAL_Driver/Src/stm32u5xx_ll_usb.o
                0x08006048                USB_EPStartXfer
 .text.USB_EPSetStall
                0x08006b9c       0x8c ./Drivers/STM32U5xx_HAL_Driver/Src/stm32u5xx_ll_usb.o
                0x08006b9c                USB_EPSetStall
 .text.USB_EPClearStall
                0x08006c28      0x120 ./Drivers/STM32U5xx_HAL_Driver/Src/stm32u5xx_ll_usb.o
                0x08006c28                USB_EPClearStall
 .text.USB_SetDevAddress
                0x08006d48       0x26 ./Drivers/STM32U5xx_HAL_Driver/Src/stm32u5xx_ll_usb.o
                0x08006d48                USB_SetDevAddress
 .text.USB_DevConnect
                0x08006d6e       0x22 ./Drivers/STM32U5xx_HAL_Driver/Src/stm32u5xx_ll_usb.o
                0x08006d6e                USB_DevConnect
 .text.USB_DevDisconnect
                0x08006d90       0x22 ./Drivers/STM32U5xx_HAL_Driver/Src/stm32u5xx_ll_usb.o
                0x08006d90                USB_DevDisconnect
 .text.USB_ReadInterrupts
                0x08006db2       0x1c ./Drivers/STM32U5xx_HAL_Driver/Src/stm32u5xx_ll_usb.o
                0x08006db2                USB_ReadInterrupts
 .text.USB_WritePMA
                0x08006dce       0xc2 ./Drivers/STM32U5xx_HAL_Driver/Src/stm32u5xx_ll_usb.o
                0x08006dce                USB_WritePMA
 .text.USB_ReadPMA
                0x08006e90       0xbc ./Drivers/STM32U5xx_HAL_Driver/Src/stm32u5xx_ll_usb.o
                0x08006e90                USB_ReadPMA
 .text.USBD_CDC_Init
                0x08006f4c      0x1f4 ./USB DEVICE/Class/CDC/Src/usbd_cdc.o
 .text.USBD_CDC_DeInit
                0x08007140      0x108 ./USB DEVICE/Class/CDC/Src/usbd_cdc.o
 .text.USBD_CDC_Setup
                0x08007248      0x1bc ./USB DEVICE/Class/CDC/Src/usbd_cdc.o
 .text.USBD_CDC_DataIn
                0x08007404      0x102 ./USB DEVICE/Class/CDC/Src/usbd_cdc.o
 .text.USBD_CDC_DataOut
                0x08007506       0x74 ./USB DEVICE/Class/CDC/Src/usbd_cdc.o
 .text.USBD_CDC_EP0_RxReady
                0x0800757a       0x76 ./USB DEVICE/Class/CDC/Src/usbd_cdc.o
 .text.USBD_CDC_GetFSCfgDesc
                0x080075f0       0x70 ./USB DEVICE/Class/CDC/Src/usbd_cdc.o
 .text.USBD_CDC_GetHSCfgDesc
                0x08007660       0x70 ./USB DEVICE/Class/CDC/Src/usbd_cdc.o
 .text.USBD_CDC_GetOtherSpeedCfgDesc
                0x080076d0       0x70 ./USB DEVICE/Class/CDC/Src/usbd_cdc.o
 .text.USBD_CDC_GetDeviceQualifierDescriptor
                0x08007740       0x20 ./USB DEVICE/Class/CDC/Src/usbd_cdc.o
                0x08007740                USBD_CDC_GetDeviceQualifierDescriptor
 .text.USBD_CDC_RegisterInterface
                0x08007760       0x34 ./USB DEVICE/Class/CDC/Src/usbd_cdc.o
                0x08007760                USBD_CDC_RegisterInterface
 .text.USBD_CDC_SetTxBuffer
                0x08007794       0x46 ./USB DEVICE/Class/CDC/Src/usbd_cdc.o
                0x08007794                USBD_CDC_SetTxBuffer
 .text.USBD_CDC_SetRxBuffer
                0x080077da       0x3c ./USB DEVICE/Class/CDC/Src/usbd_cdc.o
                0x080077da                USBD_CDC_SetRxBuffer
 *fill*         0x08007816        0x2 
 .text.USBD_CDC_TransmitPacket
                0x08007818       0x80 ./USB DEVICE/Class/CDC/Src/usbd_cdc.o
                0x08007818                USBD_CDC_TransmitPacket
 .text.USBD_CDC_ReceivePacket
                0x08007898       0x70 ./USB DEVICE/Class/CDC/Src/usbd_cdc.o
                0x08007898                USBD_CDC_ReceivePacket
 .text.TEMPLATE_Init
                0x08007908       0x28 ./USB DEVICE/Class/CDC/Src/usbd_cdc_if.o
 .text.TEMPLATE_DeInit
                0x08007930       0x10 ./USB DEVICE/Class/CDC/Src/usbd_cdc_if.o
 .text.TEMPLATE_Control
                0x08007940      0x15c ./USB DEVICE/Class/CDC/Src/usbd_cdc_if.o
 .text.TEMPLATE_Receive
                0x08007a9c       0x20 ./USB DEVICE/Class/CDC/Src/usbd_cdc_if.o
 .text.TEMPLATE_Transmit
                0x08007abc       0x4c ./USB DEVICE/Class/CDC/Src/usbd_cdc_if.o
                0x08007abc                TEMPLATE_Transmit
 .text.TEMPLATE_TransmitCplt
                0x08007b08       0x1c ./USB DEVICE/Class/CDC/Src/usbd_cdc_if.o
 .text.HAL_PCD_SetupStageCallback
                0x08007b24       0x24 ./USB DEVICE/Core/Src/usbd_conf.o
                0x08007b24                HAL_PCD_SetupStageCallback
 .text.HAL_PCD_DataOutStageCallback
                0x08007b48       0x36 ./USB DEVICE/Core/Src/usbd_conf.o
                0x08007b48                HAL_PCD_DataOutStageCallback
 .text.HAL_PCD_DataInStageCallback
                0x08007b7e       0x34 ./USB DEVICE/Core/Src/usbd_conf.o
                0x08007b7e                HAL_PCD_DataInStageCallback
 .text.HAL_PCD_SOFCallback
                0x08007bb2       0x1c ./USB DEVICE/Core/Src/usbd_conf.o
                0x08007bb2                HAL_PCD_SOFCallback
 .text.HAL_PCD_ResetCallback
                0x08007bce       0x3c ./USB DEVICE/Core/Src/usbd_conf.o
                0x08007bce                HAL_PCD_ResetCallback
 *fill*         0x08007c0a        0x2 
 .text.USBD_LL_Init
                0x08007c0c       0x80 ./USB DEVICE/Core/Src/usbd_conf.o
                0x08007c0c                USBD_LL_Init
 .text.USBD_LL_Start
                0x08007c8c       0x2a ./USB DEVICE/Core/Src/usbd_conf.o
                0x08007c8c                USBD_LL_Start
 .text.USBD_LL_OpenEP
                0x08007cb6       0x40 ./USB DEVICE/Core/Src/usbd_conf.o
                0x08007cb6                USBD_LL_OpenEP
 .text.USBD_LL_CloseEP
                0x08007cf6       0x32 ./USB DEVICE/Core/Src/usbd_conf.o
                0x08007cf6                USBD_LL_CloseEP
 .text.USBD_LL_StallEP
                0x08007d28       0x32 ./USB DEVICE/Core/Src/usbd_conf.o
                0x08007d28                USBD_LL_StallEP
 .text.USBD_LL_ClearStallEP
                0x08007d5a       0x32 ./USB DEVICE/Core/Src/usbd_conf.o
                0x08007d5a                USBD_LL_ClearStallEP
 .text.USBD_LL_IsStallEP
                0x08007d8c       0x58 ./USB DEVICE/Core/Src/usbd_conf.o
                0x08007d8c                USBD_LL_IsStallEP
 .text.USBD_LL_SetUSBAddress
                0x08007de4       0x32 ./USB DEVICE/Core/Src/usbd_conf.o
                0x08007de4                USBD_LL_SetUSBAddress
 .text.USBD_LL_Transmit
                0x08007e16       0x36 ./USB DEVICE/Core/Src/usbd_conf.o
                0x08007e16                USBD_LL_Transmit
 .text.USBD_LL_PrepareReceive
                0x08007e4c       0x36 ./USB DEVICE/Core/Src/usbd_conf.o
                0x08007e4c                USBD_LL_PrepareReceive
 .text.USBD_LL_GetRxDataSize
                0x08007e82       0x26 ./USB DEVICE/Core/Src/usbd_conf.o
                0x08007e82                USBD_LL_GetRxDataSize
 .text.USBD_static_malloc
                0x08007ea8       0x1c ./USB DEVICE/Core/Src/usbd_conf.o
                0x08007ea8                USBD_static_malloc
 .text.USBD_static_free
                0x08007ec4       0x14 ./USB DEVICE/Core/Src/usbd_conf.o
                0x08007ec4                USBD_static_free
 .text.USBD_Get_USB_Status
                0x08007ed8       0x58 ./USB DEVICE/Core/Src/usbd_conf.o
                0x08007ed8                USBD_Get_USB_Status
 .text.USBD_Init
                0x08007f30       0x7c ./USB DEVICE/Core/Src/usbd_core.o
                0x08007f30                USBD_Init
 .text.USBD_RegisterClass
                0x08007fac       0x88 ./USB DEVICE/Core/Src/usbd_core.o
                0x08007fac                USBD_RegisterClass
 .text.USBD_Start
                0x08008034       0x18 ./USB DEVICE/Core/Src/usbd_core.o
                0x08008034                USBD_Start
 .text.USBD_RunTestMode
                0x0800804c       0x16 ./USB DEVICE/Core/Src/usbd_core.o
                0x0800804c                USBD_RunTestMode
 .text.USBD_SetClassConfig
                0x08008062       0x38 ./USB DEVICE/Core/Src/usbd_core.o
                0x08008062                USBD_SetClassConfig
 .text.USBD_ClrClassConfig
                0x0800809a       0x34 ./USB DEVICE/Core/Src/usbd_core.o
                0x0800809a                USBD_ClrClassConfig
 .text.USBD_LL_SetupStage
                0x080080ce       0xaa ./USB DEVICE/Core/Src/usbd_core.o
                0x080080ce                USBD_LL_SetupStage
 .text.USBD_LL_DataOutStage
                0x08008178      0x166 ./USB DEVICE/Core/Src/usbd_core.o
                0x08008178                USBD_LL_DataOutStage
 .text.USBD_LL_DataInStage
                0x080082de      0x164 ./USB DEVICE/Core/Src/usbd_core.o
                0x080082de                USBD_LL_DataInStage
 .text.USBD_LL_Reset
                0x08008442       0xa4 ./USB DEVICE/Core/Src/usbd_core.o
                0x08008442                USBD_LL_Reset
 .text.USBD_LL_SetSpeed
                0x080084e6       0x20 ./USB DEVICE/Core/Src/usbd_core.o
                0x080084e6                USBD_LL_SetSpeed
 .text.USBD_LL_SOF
                0x08008506       0x40 ./USB DEVICE/Core/Src/usbd_core.o
                0x08008506                USBD_LL_SOF
 .text.USBD_CoreFindIF
                0x08008546       0x1a ./USB DEVICE/Core/Src/usbd_core.o
                0x08008546                USBD_CoreFindIF
 .text.USBD_CoreFindEP
                0x08008560       0x1a ./USB DEVICE/Core/Src/usbd_core.o
                0x08008560                USBD_CoreFindEP
 .text.USBD_GetEpDesc
                0x0800857a       0x70 ./USB DEVICE/Core/Src/usbd_core.o
                0x0800857a                USBD_GetEpDesc
 .text.USBD_GetNextDesc
                0x080085ea       0x38 ./USB DEVICE/Core/Src/usbd_core.o
                0x080085ea                USBD_GetNextDesc
 .text.SWAPBYTE
                0x08008622       0x3c ./USB DEVICE/Core/Src/usbd_ctlreq.o
 *fill*         0x0800865e        0x2 
 .text.USBD_StdDevReq
                0x08008660       0xe4 ./USB DEVICE/Core/Src/usbd_ctlreq.o
                0x08008660                USBD_StdDevReq
 .text.USBD_StdItfReq
                0x08008744       0xd8 ./USB DEVICE/Core/Src/usbd_ctlreq.o
                0x08008744                USBD_StdItfReq
 .text.USBD_StdEPReq
                0x0800881c      0x33a ./USB DEVICE/Core/Src/usbd_ctlreq.o
                0x0800881c                USBD_StdEPReq
 *fill*         0x08008b56        0x2 
 .text.USBD_GetDescriptor
                0x08008b58      0x2d4 ./USB DEVICE/Core/Src/usbd_ctlreq.o
 .text.USBD_SetAddress
                0x08008e2c       0x88 ./USB DEVICE/Core/Src/usbd_ctlreq.o
 .text.USBD_SetConfig
                0x08008eb4      0x154 ./USB DEVICE/Core/Src/usbd_ctlreq.o
 .text.USBD_GetConfig
                0x08009008       0x6c ./USB DEVICE/Core/Src/usbd_ctlreq.o
 .text.USBD_GetStatus
                0x08009074       0x68 ./USB DEVICE/Core/Src/usbd_ctlreq.o
 .text.USBD_SetFeature
                0x080090dc       0x52 ./USB DEVICE/Core/Src/usbd_ctlreq.o
 .text.USBD_ClrFeature
                0x0800912e       0x44 ./USB DEVICE/Core/Src/usbd_ctlreq.o
 .text.USBD_ParseSetupRequest
                0x08009172       0x74 ./USB DEVICE/Core/Src/usbd_ctlreq.o
                0x08009172                USBD_ParseSetupRequest
 .text.USBD_CtlError
                0x080091e6       0x22 ./USB DEVICE/Core/Src/usbd_ctlreq.o
                0x080091e6                USBD_CtlError
 .text.USBD_GetString
                0x08009208       0x8c ./USB DEVICE/Core/Src/usbd_ctlreq.o
                0x08009208                USBD_GetString
 .text.USBD_GetLen
                0x08009294       0x34 ./USB DEVICE/Core/Src/usbd_ctlreq.o
 .text.USBD_Class_DeviceDescriptor
                0x080092c8       0x24 ./USB DEVICE/Core/Src/usbd_desc.o
                0x080092c8                USBD_Class_DeviceDescriptor
 .text.USBD_Class_LangIDStrDescriptor
                0x080092ec       0x24 ./USB DEVICE/Core/Src/usbd_desc.o
                0x080092ec                USBD_Class_LangIDStrDescriptor
 .text.USBD_Class_ProductStrDescriptor
                0x08009310       0x3c ./USB DEVICE/Core/Src/usbd_desc.o
                0x08009310                USBD_Class_ProductStrDescriptor
 .text.USBD_Class_ManufacturerStrDescriptor
                0x0800934c       0x28 ./USB DEVICE/Core/Src/usbd_desc.o
                0x0800934c                USBD_Class_ManufacturerStrDescriptor
 .text.USBD_Class_SerialStrDescriptor
                0x08009374       0x24 ./USB DEVICE/Core/Src/usbd_desc.o
                0x08009374                USBD_Class_SerialStrDescriptor
 .text.USBD_Class_ConfigStrDescriptor
                0x08009398       0x3c ./USB DEVICE/Core/Src/usbd_desc.o
                0x08009398                USBD_Class_ConfigStrDescriptor
 .text.USBD_Class_InterfaceStrDescriptor
                0x080093d4       0x3c ./USB DEVICE/Core/Src/usbd_desc.o
                0x080093d4                USBD_Class_InterfaceStrDescriptor
 .text.Get_SerialNum
                0x08009410       0x58 ./USB DEVICE/Core/Src/usbd_desc.o
 .text.IntToUnicode
                0x08009468       0x7a ./USB DEVICE/Core/Src/usbd_desc.o
 .text.USBD_CtlSendData
                0x080094e2       0x36 ./USB DEVICE/Core/Src/usbd_ioreq.o
                0x080094e2                USBD_CtlSendData
 .text.USBD_CtlContinueSendData
                0x08009518       0x22 ./USB DEVICE/Core/Src/usbd_ioreq.o
                0x08009518                USBD_CtlContinueSendData
 .text.USBD_CtlPrepareRx
                0x0800953a       0x3a ./USB DEVICE/Core/Src/usbd_ioreq.o
                0x0800953a                USBD_CtlPrepareRx
 .text.USBD_CtlContinueRx
                0x08009574       0x22 ./USB DEVICE/Core/Src/usbd_ioreq.o
                0x08009574                USBD_CtlContinueRx
 .text.USBD_CtlSendStatus
                0x08009596       0x26 ./USB DEVICE/Core/Src/usbd_ioreq.o
                0x08009596                USBD_CtlSendStatus
 .text.USBD_CtlReceiveStatus
                0x080095bc       0x26 ./USB DEVICE/Core/Src/usbd_ioreq.o
                0x080095bc                USBD_CtlReceiveStatus
 *fill*         0x080095e2        0x2 
 .text.std      0x080095e4       0x6c C:/ST/STM32CubeIDE_1.17.0/STM32CubeIDE/plugins/com.st.stm32cube.ide.mcu.externaltools.gnu-tools-for-stm32.12.3.rel1.win32_1.1.0.202410251130/tools/bin/../lib/gcc/arm-none-eabi/12.3.1/../../../../arm-none-eabi/lib/thumb/v8-m.main+fp/hard\libc_nano.a(libc_a-findfp.o)
 .text.stdio_exit_handler
                0x08009650       0x18 C:/ST/STM32CubeIDE_1.17.0/STM32CubeIDE/plugins/com.st.stm32cube.ide.mcu.externaltools.gnu-tools-for-stm32.12.3.rel1.win32_1.1.0.202410251130/tools/bin/../lib/gcc/arm-none-eabi/12.3.1/../../../../arm-none-eabi/lib/thumb/v8-m.main+fp/hard\libc_nano.a(libc_a-findfp.o)
 .text.cleanup_stdio
                0x08009668       0x40 C:/ST/STM32CubeIDE_1.17.0/STM32CubeIDE/plugins/com.st.stm32cube.ide.mcu.externaltools.gnu-tools-for-stm32.12.3.rel1.win32_1.1.0.202410251130/tools/bin/../lib/gcc/arm-none-eabi/12.3.1/../../../../arm-none-eabi/lib/thumb/v8-m.main+fp/hard\libc_nano.a(libc_a-findfp.o)
 .text.global_stdio_init.part.0
                0x080096a8       0x3c C:/ST/STM32CubeIDE_1.17.0/STM32CubeIDE/plugins/com.st.stm32cube.ide.mcu.externaltools.gnu-tools-for-stm32.12.3.rel1.win32_1.1.0.202410251130/tools/bin/../lib/gcc/arm-none-eabi/12.3.1/../../../../arm-none-eabi/lib/thumb/v8-m.main+fp/hard\libc_nano.a(libc_a-findfp.o)
 .text.__sfp_lock_acquire
                0x080096e4        0xc C:/ST/STM32CubeIDE_1.17.0/STM32CubeIDE/plugins/com.st.stm32cube.ide.mcu.externaltools.gnu-tools-for-stm32.12.3.rel1.win32_1.1.0.202410251130/tools/bin/../lib/gcc/arm-none-eabi/12.3.1/../../../../arm-none-eabi/lib/thumb/v8-m.main+fp/hard\libc_nano.a(libc_a-findfp.o)
                0x080096e4                __sfp_lock_acquire
 .text.__sfp_lock_release
                0x080096f0        0xc C:/ST/STM32CubeIDE_1.17.0/STM32CubeIDE/plugins/com.st.stm32cube.ide.mcu.externaltools.gnu-tools-for-stm32.12.3.rel1.win32_1.1.0.202410251130/tools/bin/../lib/gcc/arm-none-eabi/12.3.1/../../../../arm-none-eabi/lib/thumb/v8-m.main+fp/hard\libc_nano.a(libc_a-findfp.o)
                0x080096f0                __sfp_lock_release
 .text.__sinit  0x080096fc       0x30 C:/ST/STM32CubeIDE_1.17.0/STM32CubeIDE/plugins/com.st.stm32cube.ide.mcu.externaltools.gnu-tools-for-stm32.12.3.rel1.win32_1.1.0.202410251130/tools/bin/../lib/gcc/arm-none-eabi/12.3.1/../../../../arm-none-eabi/lib/thumb/v8-m.main+fp/hard\libc_nano.a(libc_a-findfp.o)
                0x080096fc                __sinit
 .text._fwalk_sglue
                0x0800972c       0x3c C:/ST/STM32CubeIDE_1.17.0/STM32CubeIDE/plugins/com.st.stm32cube.ide.mcu.externaltools.gnu-tools-for-stm32.12.3.rel1.win32_1.1.0.202410251130/tools/bin/../lib/gcc/arm-none-eabi/12.3.1/../../../../arm-none-eabi/lib/thumb/v8-m.main+fp/hard\libc_nano.a(libc_a-fwalk.o)
                0x0800972c                _fwalk_sglue
 .text.printf   0x08009768       0x24 C:/ST/STM32CubeIDE_1.17.0/STM32CubeIDE/plugins/com.st.stm32cube.ide.mcu.externaltools.gnu-tools-for-stm32.12.3.rel1.win32_1.1.0.202410251130/tools/bin/../lib/gcc/arm-none-eabi/12.3.1/../../../../arm-none-eabi/lib/thumb/v8-m.main+fp/hard\libc_nano.a(libc_a-printf.o)
                0x08009768                iprintf
                0x08009768                printf
 .text.putchar  0x0800978c       0x10 C:/ST/STM32CubeIDE_1.17.0/STM32CubeIDE/plugins/com.st.stm32cube.ide.mcu.externaltools.gnu-tools-for-stm32.12.3.rel1.win32_1.1.0.202410251130/tools/bin/../lib/gcc/arm-none-eabi/12.3.1/../../../../arm-none-eabi/lib/thumb/v8-m.main+fp/hard\libc_nano.a(libc_a-putchar.o)
                0x0800978c                putchar
 .text.__sread  0x0800979c       0x22 C:/ST/STM32CubeIDE_1.17.0/STM32CubeIDE/plugins/com.st.stm32cube.ide.mcu.externaltools.gnu-tools-for-stm32.12.3.rel1.win32_1.1.0.202410251130/tools/bin/../lib/gcc/arm-none-eabi/12.3.1/../../../../arm-none-eabi/lib/thumb/v8-m.main+fp/hard\libc_nano.a(libc_a-stdio.o)
                0x0800979c                __sread
 .text.__swrite
                0x080097be       0x38 C:/ST/STM32CubeIDE_1.17.0/STM32CubeIDE/plugins/com.st.stm32cube.ide.mcu.externaltools.gnu-tools-for-stm32.12.3.rel1.win32_1.1.0.202410251130/tools/bin/../lib/gcc/arm-none-eabi/12.3.1/../../../../arm-none-eabi/lib/thumb/v8-m.main+fp/hard\libc_nano.a(libc_a-stdio.o)
                0x080097be                __swrite
 .text.__sseek  0x080097f6       0x24 C:/ST/STM32CubeIDE_1.17.0/STM32CubeIDE/plugins/com.st.stm32cube.ide.mcu.externaltools.gnu-tools-for-stm32.12.3.rel1.win32_1.1.0.202410251130/tools/bin/../lib/gcc/arm-none-eabi/12.3.1/../../../../arm-none-eabi/lib/thumb/v8-m.main+fp/hard\libc_nano.a(libc_a-stdio.o)
                0x080097f6                __sseek
 .text.__sclose
                0x0800981a        0x8 C:/ST/STM32CubeIDE_1.17.0/STM32CubeIDE/plugins/com.st.stm32cube.ide.mcu.externaltools.gnu-tools-for-stm32.12.3.rel1.win32_1.1.0.202410251130/tools/bin/../lib/gcc/arm-none-eabi/12.3.1/../../../../arm-none-eabi/lib/thumb/v8-m.main+fp/hard\libc_nano.a(libc_a-stdio.o)
                0x0800981a                __sclose
 .text.memset   0x08009822       0x10 C:/ST/STM32CubeIDE_1.17.0/STM32CubeIDE/plugins/com.st.stm32cube.ide.mcu.externaltools.gnu-tools-for-stm32.12.3.rel1.win32_1.1.0.202410251130/tools/bin/../lib/gcc/arm-none-eabi/12.3.1/../../../../arm-none-eabi/lib/thumb/v8-m.main+fp/hard\libc_nano.a(libc_a-memset.o)
                0x08009822                memset
 *fill*         0x08009832        0x2 
 .text._close_r
                0x08009834       0x20 C:/ST/STM32CubeIDE_1.17.0/STM32CubeIDE/plugins/com.st.stm32cube.ide.mcu.externaltools.gnu-tools-for-stm32.12.3.rel1.win32_1.1.0.202410251130/tools/bin/../lib/gcc/arm-none-eabi/12.3.1/../../../../arm-none-eabi/lib/thumb/v8-m.main+fp/hard\libc_nano.a(libc_a-closer.o)
                0x08009834                _close_r
 .text._lseek_r
                0x08009854       0x24 C:/ST/STM32CubeIDE_1.17.0/STM32CubeIDE/plugins/com.st.stm32cube.ide.mcu.externaltools.gnu-tools-for-stm32.12.3.rel1.win32_1.1.0.202410251130/tools/bin/../lib/gcc/arm-none-eabi/12.3.1/../../../../arm-none-eabi/lib/thumb/v8-m.main+fp/hard\libc_nano.a(libc_a-lseekr.o)
                0x08009854                _lseek_r
 .text._read_r  0x08009878       0x24 C:/ST/STM32CubeIDE_1.17.0/STM32CubeIDE/plugins/com.st.stm32cube.ide.mcu.externaltools.gnu-tools-for-stm32.12.3.rel1.win32_1.1.0.202410251130/tools/bin/../lib/gcc/arm-none-eabi/12.3.1/../../../../arm-none-eabi/lib/thumb/v8-m.main+fp/hard\libc_nano.a(libc_a-readr.o)
                0x08009878                _read_r
 .text._write_r
                0x0800989c       0x24 C:/ST/STM32CubeIDE_1.17.0/STM32CubeIDE/plugins/com.st.stm32cube.ide.mcu.externaltools.gnu-tools-for-stm32.12.3.rel1.win32_1.1.0.202410251130/tools/bin/../lib/gcc/arm-none-eabi/12.3.1/../../../../arm-none-eabi/lib/thumb/v8-m.main+fp/hard\libc_nano.a(libc_a-writer.o)
                0x0800989c                _write_r
 .text.__errno  0x080098c0        0xc C:/ST/STM32CubeIDE_1.17.0/STM32CubeIDE/plugins/com.st.stm32cube.ide.mcu.externaltools.gnu-tools-for-stm32.12.3.rel1.win32_1.1.0.202410251130/tools/bin/../lib/gcc/arm-none-eabi/12.3.1/../../../../arm-none-eabi/lib/thumb/v8-m.main+fp/hard\libc_nano.a(libc_a-errno.o)
                0x080098c0                __errno
 .text.__libc_init_array
                0x080098cc       0x48 C:/ST/STM32CubeIDE_1.17.0/STM32CubeIDE/plugins/com.st.stm32cube.ide.mcu.externaltools.gnu-tools-for-stm32.12.3.rel1.win32_1.1.0.202410251130/tools/bin/../lib/gcc/arm-none-eabi/12.3.1/../../../../arm-none-eabi/lib/thumb/v8-m.main+fp/hard\libc_nano.a(libc_a-init.o)
                0x080098cc                __libc_init_array
 .text.__retarget_lock_init_recursive
                0x08009914        0x2 C:/ST/STM32CubeIDE_1.17.0/STM32CubeIDE/plugins/com.st.stm32cube.ide.mcu.externaltools.gnu-tools-for-stm32.12.3.rel1.win32_1.1.0.202410251130/tools/bin/../lib/gcc/arm-none-eabi/12.3.1/../../../../arm-none-eabi/lib/thumb/v8-m.main+fp/hard\libc_nano.a(libc_a-lock.o)
                0x08009914                __retarget_lock_init_recursive
 .text.__retarget_lock_acquire_recursive
                0x08009916        0x2 C:/ST/STM32CubeIDE_1.17.0/STM32CubeIDE/plugins/com.st.stm32cube.ide.mcu.externaltools.gnu-tools-for-stm32.12.3.rel1.win32_1.1.0.202410251130/tools/bin/../lib/gcc/arm-none-eabi/12.3.1/../../../../arm-none-eabi/lib/thumb/v8-m.main+fp/hard\libc_nano.a(libc_a-lock.o)
                0x08009916                __retarget_lock_acquire_recursive
 .text.__retarget_lock_release_recursive
                0x08009918        0x2 C:/ST/STM32CubeIDE_1.17.0/STM32CubeIDE/plugins/com.st.stm32cube.ide.mcu.externaltools.gnu-tools-for-stm32.12.3.rel1.win32_1.1.0.202410251130/tools/bin/../lib/gcc/arm-none-eabi/12.3.1/../../../../arm-none-eabi/lib/thumb/v8-m.main+fp/hard\libc_nano.a(libc_a-lock.o)
                0x08009918                __retarget_lock_release_recursive
 *fill*         0x0800991a        0x2 
 .text._free_r  0x0800991c       0x94 C:/ST/STM32CubeIDE_1.17.0/STM32CubeIDE/plugins/com.st.stm32cube.ide.mcu.externaltools.gnu-tools-for-stm32.12.3.rel1.win32_1.1.0.202410251130/tools/bin/../lib/gcc/arm-none-eabi/12.3.1/../../../../arm-none-eabi/lib/thumb/v8-m.main+fp/hard\libc_nano.a(libc_a-freer.o)
                0x0800991c                _free_r
 .text.sbrk_aligned
                0x080099b0       0x44 C:/ST/STM32CubeIDE_1.17.0/STM32CubeIDE/plugins/com.st.stm32cube.ide.mcu.externaltools.gnu-tools-for-stm32.12.3.rel1.win32_1.1.0.202410251130/tools/bin/../lib/gcc/arm-none-eabi/12.3.1/../../../../arm-none-eabi/lib/thumb/v8-m.main+fp/hard\libc_nano.a(libc_a-mallocr.o)
 .text._malloc_r
                0x080099f4      0x100 C:/ST/STM32CubeIDE_1.17.0/STM32CubeIDE/plugins/com.st.stm32cube.ide.mcu.externaltools.gnu-tools-for-stm32.12.3.rel1.win32_1.1.0.202410251130/tools/bin/../lib/gcc/arm-none-eabi/12.3.1/../../../../arm-none-eabi/lib/thumb/v8-m.main+fp/hard\libc_nano.a(libc_a-mallocr.o)
                0x080099f4                _malloc_r
 .text.__malloc_lock
                0x08009af4        0xc C:/ST/STM32CubeIDE_1.17.0/STM32CubeIDE/plugins/com.st.stm32cube.ide.mcu.externaltools.gnu-tools-for-stm32.12.3.rel1.win32_1.1.0.202410251130/tools/bin/../lib/gcc/arm-none-eabi/12.3.1/../../../../arm-none-eabi/lib/thumb/v8-m.main+fp/hard\libc_nano.a(libc_a-mlock.o)
                0x08009af4                __malloc_lock
 .text.__malloc_unlock
                0x08009b00        0xc C:/ST/STM32CubeIDE_1.17.0/STM32CubeIDE/plugins/com.st.stm32cube.ide.mcu.externaltools.gnu-tools-for-stm32.12.3.rel1.win32_1.1.0.202410251130/tools/bin/../lib/gcc/arm-none-eabi/12.3.1/../../../../arm-none-eabi/lib/thumb/v8-m.main+fp/hard\libc_nano.a(libc_a-mlock.o)
                0x08009b00                __malloc_unlock
 .text.__sfputc_r
                0x08009b0c       0x2e C:/ST/STM32CubeIDE_1.17.0/STM32CubeIDE/plugins/com.st.stm32cube.ide.mcu.externaltools.gnu-tools-for-stm32.12.3.rel1.win32_1.1.0.202410251130/tools/bin/../lib/gcc/arm-none-eabi/12.3.1/../../../../arm-none-eabi/lib/thumb/v8-m.main+fp/hard\libc_nano.a(libc_a-nano-vfprintf.o)
 .text.__sfputs_r
                0x08009b3a       0x24 C:/ST/STM32CubeIDE_1.17.0/STM32CubeIDE/plugins/com.st.stm32cube.ide.mcu.externaltools.gnu-tools-for-stm32.12.3.rel1.win32_1.1.0.202410251130/tools/bin/../lib/gcc/arm-none-eabi/12.3.1/../../../../arm-none-eabi/lib/thumb/v8-m.main+fp/hard\libc_nano.a(libc_a-nano-vfprintf.o)
                0x08009b3a                __sfputs_r
 *fill*         0x08009b5e        0x2 
 .text._vfprintf_r
                0x08009b60      0x230 C:/ST/STM32CubeIDE_1.17.0/STM32CubeIDE/plugins/com.st.stm32cube.ide.mcu.externaltools.gnu-tools-for-stm32.12.3.rel1.win32_1.1.0.202410251130/tools/bin/../lib/gcc/arm-none-eabi/12.3.1/../../../../arm-none-eabi/lib/thumb/v8-m.main+fp/hard\libc_nano.a(libc_a-nano-vfprintf.o)
                0x08009b60                _vfprintf_r
                0x08009b60                _vfiprintf_r
 .text._printf_common
                0x08009d90       0xe4 C:/ST/STM32CubeIDE_1.17.0/STM32CubeIDE/plugins/com.st.stm32cube.ide.mcu.externaltools.gnu-tools-for-stm32.12.3.rel1.win32_1.1.0.202410251130/tools/bin/../lib/gcc/arm-none-eabi/12.3.1/../../../../arm-none-eabi/lib/thumb/v8-m.main+fp/hard\libc_nano.a(libc_a-nano-vfprintf_i.o)
                0x08009d90                _printf_common
 .text._printf_i
                0x08009e74      0x240 C:/ST/STM32CubeIDE_1.17.0/STM32CubeIDE/plugins/com.st.stm32cube.ide.mcu.externaltools.gnu-tools-for-stm32.12.3.rel1.win32_1.1.0.202410251130/tools/bin/../lib/gcc/arm-none-eabi/12.3.1/../../../../arm-none-eabi/lib/thumb/v8-m.main+fp/hard\libc_nano.a(libc_a-nano-vfprintf_i.o)
                0x08009e74                _printf_i
 .text.__sflush_r
                0x0800a0b4      0x108 C:/ST/STM32CubeIDE_1.17.0/STM32CubeIDE/plugins/com.st.stm32cube.ide.mcu.externaltools.gnu-tools-for-stm32.12.3.rel1.win32_1.1.0.202410251130/tools/bin/../lib/gcc/arm-none-eabi/12.3.1/../../../../arm-none-eabi/lib/thumb/v8-m.main+fp/hard\libc_nano.a(libc_a-fflush.o)
                0x0800a0b4                __sflush_r
 .text._fflush_r
                0x0800a1bc       0x50 C:/ST/STM32CubeIDE_1.17.0/STM32CubeIDE/plugins/com.st.stm32cube.ide.mcu.externaltools.gnu-tools-for-stm32.12.3.rel1.win32_1.1.0.202410251130/tools/bin/../lib/gcc/arm-none-eabi/12.3.1/../../../../arm-none-eabi/lib/thumb/v8-m.main+fp/hard\libc_nano.a(libc_a-fflush.o)
                0x0800a1bc                _fflush_r
 .text._putc_r  0x0800a20c       0x68 C:/ST/STM32CubeIDE_1.17.0/STM32CubeIDE/plugins/com.st.stm32cube.ide.mcu.externaltools.gnu-tools-for-stm32.12.3.rel1.win32_1.1.0.202410251130/tools/bin/../lib/gcc/arm-none-eabi/12.3.1/../../../../arm-none-eabi/lib/thumb/v8-m.main+fp/hard\libc_nano.a(libc_a-putc.o)
                0x0800a20c                _putc_r
 .text.__swbuf_r
                0x0800a274       0x7c C:/ST/STM32CubeIDE_1.17.0/STM32CubeIDE/plugins/com.st.stm32cube.ide.mcu.externaltools.gnu-tools-for-stm32.12.3.rel1.win32_1.1.0.202410251130/tools/bin/../lib/gcc/arm-none-eabi/12.3.1/../../../../arm-none-eabi/lib/thumb/v8-m.main+fp/hard\libc_nano.a(libc_a-wbuf.o)
                0x0800a274                __swbuf_r
 .text.__swsetup_r
                0x0800a2f0       0xac C:/ST/STM32CubeIDE_1.17.0/STM32CubeIDE/plugins/com.st.stm32cube.ide.mcu.externaltools.gnu-tools-for-stm32.12.3.rel1.win32_1.1.0.202410251130/tools/bin/../lib/gcc/arm-none-eabi/12.3.1/../../../../arm-none-eabi/lib/thumb/v8-m.main+fp/hard\libc_nano.a(libc_a-wsetup.o)
                0x0800a2f0                __swsetup_r
 .text._sbrk_r  0x0800a39c       0x20 C:/ST/STM32CubeIDE_1.17.0/STM32CubeIDE/plugins/com.st.stm32cube.ide.mcu.externaltools.gnu-tools-for-stm32.12.3.rel1.win32_1.1.0.202410251130/tools/bin/../lib/gcc/arm-none-eabi/12.3.1/../../../../arm-none-eabi/lib/thumb/v8-m.main+fp/hard\libc_nano.a(libc_a-sbrkr.o)
                0x0800a39c                _sbrk_r
 .text.memchr   0x0800a3bc       0x1c C:/ST/STM32CubeIDE_1.17.0/STM32CubeIDE/plugins/com.st.stm32cube.ide.mcu.externaltools.gnu-tools-for-stm32.12.3.rel1.win32_1.1.0.202410251130/tools/bin/../lib/gcc/arm-none-eabi/12.3.1/../../../../arm-none-eabi/lib/thumb/v8-m.main+fp/hard\libc_nano.a(libc_a-memchr-stub.o)
                0x0800a3bc                memchr
 .text.__swhatbuf_r
                0x0800a3d8       0x4a C:/ST/STM32CubeIDE_1.17.0/STM32CubeIDE/plugins/com.st.stm32cube.ide.mcu.externaltools.gnu-tools-for-stm32.12.3.rel1.win32_1.1.0.202410251130/tools/bin/../lib/gcc/arm-none-eabi/12.3.1/../../../../arm-none-eabi/lib/thumb/v8-m.main+fp/hard\libc_nano.a(libc_a-makebuf.o)
                0x0800a3d8                __swhatbuf_r
 .text.__smakebuf_r
                0x0800a422       0x78 C:/ST/STM32CubeIDE_1.17.0/STM32CubeIDE/plugins/com.st.stm32cube.ide.mcu.externaltools.gnu-tools-for-stm32.12.3.rel1.win32_1.1.0.202410251130/tools/bin/../lib/gcc/arm-none-eabi/12.3.1/../../../../arm-none-eabi/lib/thumb/v8-m.main+fp/hard\libc_nano.a(libc_a-makebuf.o)
                0x0800a422                __smakebuf_r
 *fill*         0x0800a49a        0x2 
 .text._fstat_r
                0x0800a49c       0x24 C:/ST/STM32CubeIDE_1.17.0/STM32CubeIDE/plugins/com.st.stm32cube.ide.mcu.externaltools.gnu-tools-for-stm32.12.3.rel1.win32_1.1.0.202410251130/tools/bin/../lib/gcc/arm-none-eabi/12.3.1/../../../../arm-none-eabi/lib/thumb/v8-m.main+fp/hard\libc_nano.a(libc_a-fstatr.o)
                0x0800a49c                _fstat_r
 .text._isatty_r
                0x0800a4c0       0x20 C:/ST/STM32CubeIDE_1.17.0/STM32CubeIDE/plugins/com.st.stm32cube.ide.mcu.externaltools.gnu-tools-for-stm32.12.3.rel1.win32_1.1.0.202410251130/tools/bin/../lib/gcc/arm-none-eabi/12.3.1/../../../../arm-none-eabi/lib/thumb/v8-m.main+fp/hard\libc_nano.a(libc_a-isattyr.o)
                0x0800a4c0                _isatty_r
 *(.glue_7)
 .glue_7        0x0800a4e0        0x0 linker stubs
 *(.glue_7t)
 .glue_7t       0x0800a4e0        0x0 linker stubs
 *(.eh_frame)
 .eh_frame      0x0800a4e0        0x0 C:/ST/STM32CubeIDE_1.17.0/STM32CubeIDE/plugins/com.st.stm32cube.ide.mcu.externaltools.gnu-tools-for-stm32.12.3.rel1.win32_1.1.0.202410251130/tools/bin/../lib/gcc/arm-none-eabi/12.3.1/thumb/v8-m.main+fp/hard/crtbegin.o
 *(.init)
 .init          0x0800a4e0        0x4 C:/ST/STM32CubeIDE_1.17.0/STM32CubeIDE/plugins/com.st.stm32cube.ide.mcu.externaltools.gnu-tools-for-stm32.12.3.rel1.win32_1.1.0.202410251130/tools/bin/../lib/gcc/arm-none-eabi/12.3.1/thumb/v8-m.main+fp/hard/crti.o
                0x0800a4e0                _init
 .init          0x0800a4e4        0x8 C:/ST/STM32CubeIDE_1.17.0/STM32CubeIDE/plugins/com.st.stm32cube.ide.mcu.externaltools.gnu-tools-for-stm32.12.3.rel1.win32_1.1.0.202410251130/tools/bin/../lib/gcc/arm-none-eabi/12.3.1/thumb/v8-m.main+fp/hard/crtn.o
 *(.fini)
 .fini          0x0800a4ec        0x4 C:/ST/STM32CubeIDE_1.17.0/STM32CubeIDE/plugins/com.st.stm32cube.ide.mcu.externaltools.gnu-tools-for-stm32.12.3.rel1.win32_1.1.0.202410251130/tools/bin/../lib/gcc/arm-none-eabi/12.3.1/thumb/v8-m.main+fp/hard/crti.o
                0x0800a4ec                _fini
 .fini          0x0800a4f0        0x8 C:/ST/STM32CubeIDE_1.17.0/STM32CubeIDE/plugins/com.st.stm32cube.ide.mcu.externaltools.gnu-tools-for-stm32.12.3.rel1.win32_1.1.0.202410251130/tools/bin/../lib/gcc/arm-none-eabi/12.3.1/thumb/v8-m.main+fp/hard/crtn.o
                0x0800a4f8                        _etext = .

.vfp11_veneer   0x0800a4f8        0x0
 .vfp11_veneer  0x0800a4f8        0x0 linker stubs

.v4_bx          0x0800a4f8        0x0
 .v4_bx         0x0800a4f8        0x0 linker stubs

.iplt           0x0800a4f8        0x0
 .iplt          0x0800a4f8        0x0 C:/ST/STM32CubeIDE_1.17.0/STM32CubeIDE/plugins/com.st.stm32cube.ide.mcu.externaltools.gnu-tools-for-stm32.12.3.rel1.win32_1.1.0.202410251130/tools/bin/../lib/gcc/arm-none-eabi/12.3.1/thumb/v8-m.main+fp/hard/crtbegin.o

.rodata         0x0800a4f8      0x19f
 *(.rodata)
 .rodata        0x0800a4f8       0x16 ./Core/Src/main.o
 *fill*         0x0800a50e        0x2 
 .rodata        0x0800a510       0x35 ./USB DEVICE/Core/Src/usbd_core.o
 *fill*         0x0800a545        0x3 
 .rodata        0x0800a548       0x46 ./USB DEVICE/Core/Src/usbd_desc.o
 *(.rodata*)
 *fill*         0x0800a58e        0x2 
 .rodata.AHBPrescTable
                0x0800a590       0x10 ./Core/Src/system_stm32u5xx.o
                0x0800a590                AHBPrescTable
 .rodata.MSIRangeTable
                0x0800a5a0       0x40 ./Core/Src/system_stm32u5xx.o
                0x0800a5a0                MSIRangeTable
 .rodata.BUTTON_EXTI_LINE.2
                0x0800a5e0        0x4 ./Drivers/BSP/STM32U5xx_Nucleo/stm32u5xx_nucleo.o
 .rodata.LPGPIO_Map
                0x0800a5e4       0x80 ./Drivers/STM32U5xx_HAL_Driver/Src/stm32u5xx_hal_gpio.o
 .rodata._vfprintf_r.str1.1
                0x0800a664       0x11 C:/ST/STM32CubeIDE_1.17.0/STM32CubeIDE/plugins/com.st.stm32cube.ide.mcu.externaltools.gnu-tools-for-stm32.12.3.rel1.win32_1.1.0.202410251130/tools/bin/../lib/gcc/arm-none-eabi/12.3.1/../../../../arm-none-eabi/lib/thumb/v8-m.main+fp/hard\libc_nano.a(libc_a-nano-vfprintf.o)
 .rodata._printf_i.str1.1
                0x0800a675       0x22 C:/ST/STM32CubeIDE_1.17.0/STM32CubeIDE/plugins/com.st.stm32cube.ide.mcu.externaltools.gnu-tools-for-stm32.12.3.rel1.win32_1.1.0.202410251130/tools/bin/../lib/gcc/arm-none-eabi/12.3.1/../../../../arm-none-eabi/lib/thumb/v8-m.main+fp/hard\libc_nano.a(libc_a-nano-vfprintf_i.o)

.ARM.extab
 *(.ARM.extab* .gnu.linkonce.armextab.*)

.ARM            0x0800a697        0x0
                0x0800a697                        __exidx_start = .
 *(.ARM.exidx*)
                0x0800a697                        __exidx_end = .

.preinit_array  0x0800a697        0x0
                0x0800a697                        PROVIDE (__preinit_array_start = .)
 *(.preinit_array*)
                0x0800a697                        PROVIDE (__preinit_array_end = .)

.init_array     0x0800a698        0x4
                0x0800a698                        PROVIDE (__init_array_start = .)
 *(SORT_BY_NAME(.init_array.*))
 *(.init_array*)
 .init_array    0x0800a698        0x4 C:/ST/STM32CubeIDE_1.17.0/STM32CubeIDE/plugins/com.st.stm32cube.ide.mcu.externaltools.gnu-tools-for-stm32.12.3.rel1.win32_1.1.0.202410251130/tools/bin/../lib/gcc/arm-none-eabi/12.3.1/thumb/v8-m.main+fp/hard/crtbegin.o
                0x0800a69c                        PROVIDE (__init_array_end = .)

.fini_array     0x0800a69c        0x4
                [!provide]                        PROVIDE (__fini_array_start = .)
 *(SORT_BY_NAME(.fini_array.*))
 *(.fini_array*)
 .fini_array    0x0800a69c        0x4 C:/ST/STM32CubeIDE_1.17.0/STM32CubeIDE/plugins/com.st.stm32cube.ide.mcu.externaltools.gnu-tools-for-stm32.12.3.rel1.win32_1.1.0.202410251130/tools/bin/../lib/gcc/arm-none-eabi/12.3.1/thumb/v8-m.main+fp/hard/crtbegin.o
                [!provide]                        PROVIDE (__fini_array_end = .)
                0x0800a6a0                        _sidata = LOADADDR (.data)

.rel.dyn        0x0800a6a0        0x0
 .rel.iplt      0x0800a6a0        0x0 C:/ST/STM32CubeIDE_1.17.0/STM32CubeIDE/plugins/com.st.stm32cube.ide.mcu.externaltools.gnu-tools-for-stm32.12.3.rel1.win32_1.1.0.202410251130/tools/bin/../lib/gcc/arm-none-eabi/12.3.1/thumb/v8-m.main+fp/hard/crtbegin.o

.data           0x20000000      0x170 load address 0x0800a6a0
                0x20000000                        _sdata = .
 *(.data)
 *(.data*)
 .data.SystemCoreClock
                0x20000000        0x4 ./Core/Src/system_stm32u5xx.o
                0x20000000                SystemCoreClock
 .data.LED_PORT
                0x20000004        0x4 ./Drivers/BSP/STM32U5xx_Nucleo/stm32u5xx_nucleo.o
 .data.BUTTON_PORT
                0x20000008        0x4 ./Drivers/BSP/STM32U5xx_Nucleo/stm32u5xx_nucleo.o
 .data.ButtonCallback.1
                0x2000000c        0x4 ./Drivers/BSP/STM32U5xx_Nucleo/stm32u5xx_nucleo.o
 .data.BSP_BUTTON_PRIO.0
                0x20000010        0x4 ./Drivers/BSP/STM32U5xx_Nucleo/stm32u5xx_nucleo.o
 .data.uwTickPrio
                0x20000014        0x4 ./Drivers/STM32U5xx_HAL_Driver/Src/stm32u5xx_hal.o
                0x20000014                uwTickPrio
 .data.uwTickFreq
                0x20000018        0x1 ./Drivers/STM32U5xx_HAL_Driver/Src/stm32u5xx_hal.o
                0x20000018                uwTickFreq
 *fill*         0x20000019        0x3 
 .data.USBD_CDC_DeviceQualifierDesc
                0x2000001c        0xa ./USB DEVICE/Class/CDC/Src/usbd_cdc.o
 *fill*         0x20000026        0x2 
 .data.USBD_CDC
                0x20000028       0x38 ./USB DEVICE/Class/CDC/Src/usbd_cdc.o
                0x20000028                USBD_CDC
 .data.USBD_CDC_CfgDesc
                0x20000060       0x43 ./USB DEVICE/Class/CDC/Src/usbd_cdc.o
 .data.CDCInEpAdd
                0x200000a3        0x1 ./USB DEVICE/Class/CDC/Src/usbd_cdc.o
 .data.CDCOutEpAdd
                0x200000a4        0x1 ./USB DEVICE/Class/CDC/Src/usbd_cdc.o
 .data.CDCCmdEpAdd
                0x200000a5        0x1 ./USB DEVICE/Class/CDC/Src/usbd_cdc.o
 *fill*         0x200000a6        0x2 
 .data.USBD_CDC_Template_fops
                0x200000a8       0x14 ./USB DEVICE/Class/CDC/Src/usbd_cdc_if.o
                0x200000a8                USBD_CDC_Template_fops
 .data.linecoding
                0x200000bc        0x8 ./USB DEVICE/Class/CDC/Src/usbd_cdc_if.o
                0x200000bc                linecoding
 .data.CDC_Desc
                0x200000c4       0x1c ./USB DEVICE/Core/Src/usbd_desc.o
                0x200000c4                CDC_Desc
 .data.USBD_DeviceDesc
                0x200000e0       0x12 ./USB DEVICE/Core/Src/usbd_desc.o
                0x200000e0                USBD_DeviceDesc
 *fill*         0x200000f2        0x2 
 .data.USBD_LangIDDesc
                0x200000f4        0x4 ./USB DEVICE/Core/Src/usbd_desc.o
                0x200000f4                USBD_LangIDDesc
 .data.USBD_StringSerial
                0x200000f8       0x1a ./USB DEVICE/Core/Src/usbd_desc.o
                0x200000f8                USBD_StringSerial
 *fill*         0x20000112        0x2 
 .data.__sglue  0x20000114        0xc C:/ST/STM32CubeIDE_1.17.0/STM32CubeIDE/plugins/com.st.stm32cube.ide.mcu.externaltools.gnu-tools-for-stm32.12.3.rel1.win32_1.1.0.202410251130/tools/bin/../lib/gcc/arm-none-eabi/12.3.1/../../../../arm-none-eabi/lib/thumb/v8-m.main+fp/hard\libc_nano.a(libc_a-findfp.o)
                0x20000114                __sglue
 .data._impure_ptr
                0x20000120        0x4 C:/ST/STM32CubeIDE_1.17.0/STM32CubeIDE/plugins/com.st.stm32cube.ide.mcu.externaltools.gnu-tools-for-stm32.12.3.rel1.win32_1.1.0.202410251130/tools/bin/../lib/gcc/arm-none-eabi/12.3.1/../../../../arm-none-eabi/lib/thumb/v8-m.main+fp/hard\libc_nano.a(libc_a-impure.o)
                0x20000120                _impure_ptr
 .data._impure_data
                0x20000124       0x4c C:/ST/STM32CubeIDE_1.17.0/STM32CubeIDE/plugins/com.st.stm32cube.ide.mcu.externaltools.gnu-tools-for-stm32.12.3.rel1.win32_1.1.0.202410251130/tools/bin/../lib/gcc/arm-none-eabi/12.3.1/../../../../arm-none-eabi/lib/thumb/v8-m.main+fp/hard\libc_nano.a(libc_a-impure.o)
                0x20000124                _impure_data
 *(.RamFunc)
 *(.RamFunc*)
                0x20000170                        _edata = .

.igot.plt       0x20000170        0x0 load address 0x0800a810
 .igot.plt      0x20000170        0x0 C:/ST/STM32CubeIDE_1.17.0/STM32CubeIDE/plugins/com.st.stm32cube.ide.mcu.externaltools.gnu-tools-for-stm32.12.3.rel1.win32_1.1.0.202410251130/tools/bin/../lib/gcc/arm-none-eabi/12.3.1/thumb/v8-m.main+fp/hard/crtbegin.o

.bss            0x20000170      0xe6c load address 0x0800a810
                0x20000170                        _sbss = .
                0x20000170                        __bss_start__ = _sbss
 *(.bss)
 .bss           0x20000170       0x1c C:/ST/STM32CubeIDE_1.17.0/STM32CubeIDE/plugins/com.st.stm32cube.ide.mcu.externaltools.gnu-tools-for-stm32.12.3.rel1.win32_1.1.0.202410251130/tools/bin/../lib/gcc/arm-none-eabi/12.3.1/thumb/v8-m.main+fp/hard/crtbegin.o
 *(.bss*)
 .bss.hpcd_USB_DRD_FS
                0x2000018c      0x2e4 ./Core/Src/main.o
                0x2000018c                hpcd_USB_DRD_FS
 .bss.hUsbDeviceFS
                0x20000470      0x2e8 ./Core/Src/main.o
                0x20000470                hUsbDeviceFS
 .bss.__sbrk_heap_end
                0x20000758        0x4 ./Core/Src/sysmem.o
 .bss.hpb_exti  0x2000075c        0xc ./Drivers/BSP/STM32U5xx_Nucleo/stm32u5xx_nucleo.o
                0x2000075c                hpb_exti
 .bss.uwTick    0x20000768        0x4 ./Drivers/STM32U5xx_HAL_Driver/Src/stm32u5xx_hal.o
                0x20000768                uwTick
 .bss.UserRxBufferFS
                0x2000076c      0x200 ./USB DEVICE/Class/CDC/Src/usbd_cdc_if.o
                0x2000076c                UserRxBufferFS
 .bss.UserTxBufferFS
                0x2000096c      0x200 ./USB DEVICE/Class/CDC/Src/usbd_cdc_if.o
                0x2000096c                UserTxBufferFS
 .bss.mem.0     0x20000b6c      0x220 ./USB DEVICE/Core/Src/usbd_conf.o
 .bss.cfgidx.0  0x20000d8c        0x1 ./USB DEVICE/Core/Src/usbd_ctlreq.o
 *fill*         0x20000d8d        0x3 
 .bss.USBD_StrDesc
                0x20000d90      0x100 ./USB DEVICE/Core/Src/usbd_desc.o
                0x20000d90                USBD_StrDesc
 .bss.__sf      0x20000e90      0x138 C:/ST/STM32CubeIDE_1.17.0/STM32CubeIDE/plugins/com.st.stm32cube.ide.mcu.externaltools.gnu-tools-for-stm32.12.3.rel1.win32_1.1.0.202410251130/tools/bin/../lib/gcc/arm-none-eabi/12.3.1/../../../../arm-none-eabi/lib/thumb/v8-m.main+fp/hard\libc_nano.a(libc_a-findfp.o)
                0x20000e90                __sf
 .bss.__stdio_exit_handler
                0x20000fc8        0x4 C:/ST/STM32CubeIDE_1.17.0/STM32CubeIDE/plugins/com.st.stm32cube.ide.mcu.externaltools.gnu-tools-for-stm32.12.3.rel1.win32_1.1.0.202410251130/tools/bin/../lib/gcc/arm-none-eabi/12.3.1/../../../../arm-none-eabi/lib/thumb/v8-m.main+fp/hard\libc_nano.a(libc_a-findfp.o)
                0x20000fc8                __stdio_exit_handler
 .bss.errno     0x20000fcc        0x4 C:/ST/STM32CubeIDE_1.17.0/STM32CubeIDE/plugins/com.st.stm32cube.ide.mcu.externaltools.gnu-tools-for-stm32.12.3.rel1.win32_1.1.0.202410251130/tools/bin/../lib/gcc/arm-none-eabi/12.3.1/../../../../arm-none-eabi/lib/thumb/v8-m.main+fp/hard\libc_nano.a(libc_a-reent.o)
                0x20000fcc                errno
 .bss.__lock___malloc_recursive_mutex
                0x20000fd0        0x1 C:/ST/STM32CubeIDE_1.17.0/STM32CubeIDE/plugins/com.st.stm32cube.ide.mcu.externaltools.gnu-tools-for-stm32.12.3.rel1.win32_1.1.0.202410251130/tools/bin/../lib/gcc/arm-none-eabi/12.3.1/../../../../arm-none-eabi/lib/thumb/v8-m.main+fp/hard\libc_nano.a(libc_a-lock.o)
                0x20000fd0                __lock___malloc_recursive_mutex
 .bss.__lock___sfp_recursive_mutex
                0x20000fd1        0x1 C:/ST/STM32CubeIDE_1.17.0/STM32CubeIDE/plugins/com.st.stm32cube.ide.mcu.externaltools.gnu-tools-for-stm32.12.3.rel1.win32_1.1.0.202410251130/tools/bin/../lib/gcc/arm-none-eabi/12.3.1/../../../../arm-none-eabi/lib/thumb/v8-m.main+fp/hard\libc_nano.a(libc_a-lock.o)
                0x20000fd1                __lock___sfp_recursive_mutex
 *fill*         0x20000fd2        0x2 
 .bss.__malloc_sbrk_start
                0x20000fd4        0x4 C:/ST/STM32CubeIDE_1.17.0/STM32CubeIDE/plugins/com.st.stm32cube.ide.mcu.externaltools.gnu-tools-for-stm32.12.3.rel1.win32_1.1.0.202410251130/tools/bin/../lib/gcc/arm-none-eabi/12.3.1/../../../../arm-none-eabi/lib/thumb/v8-m.main+fp/hard\libc_nano.a(libc_a-mallocr.o)
                0x20000fd4                __malloc_sbrk_start
 .bss.__malloc_free_list
                0x20000fd8        0x4 C:/ST/STM32CubeIDE_1.17.0/STM32CubeIDE/plugins/com.st.stm32cube.ide.mcu.externaltools.gnu-tools-for-stm32.12.3.rel1.win32_1.1.0.202410251130/tools/bin/../lib/gcc/arm-none-eabi/12.3.1/../../../../arm-none-eabi/lib/thumb/v8-m.main+fp/hard\libc_nano.a(libc_a-mallocr.o)
                0x20000fd8                __malloc_free_list
 *(COMMON)
                0x20000fdc                        _ebss = .
                0x20000fdc                        __bss_end__ = _ebss

._user_heap_stack
                0x20000fdc      0xe04 load address 0x0800a810
                0x20000fe0                        . = ALIGN (0x8)
 *fill*         0x20000fdc        0x4 
                [!provide]                        PROVIDE (end = .)
                0x20000fe0                        PROVIDE (_end = .)
                0x200015e0                        . = (. + _Min_Heap_Size)
 *fill*         0x20000fe0      0x600 
                0x20001de0                        . = (. + _Min_Stack_Size)
 *fill*         0x200015e0      0x800 
                0x20001de0                        . = ALIGN (0x8)

/DISCARD/
 libc.a(*)
 libm.a(*)
 libgcc.a(*)

.ARM.attributes
                0x00000000       0x36
 *(.ARM.attributes)
 .ARM.attributes
                0x00000000       0x26 C:/ST/STM32CubeIDE_1.17.0/STM32CubeIDE/plugins/com.st.stm32cube.ide.mcu.externaltools.gnu-tools-for-stm32.12.3.rel1.win32_1.1.0.202410251130/tools/bin/../lib/gcc/arm-none-eabi/12.3.1/thumb/v8-m.main+fp/hard/crti.o
 .ARM.attributes
                0x00000026       0x38 C:/ST/STM32CubeIDE_1.17.0/STM32CubeIDE/plugins/com.st.stm32cube.ide.mcu.externaltools.gnu-tools-for-stm32.12.3.rel1.win32_1.1.0.202410251130/tools/bin/../lib/gcc/arm-none-eabi/12.3.1/thumb/v8-m.main+fp/hard/crtbegin.o
 .ARM.attributes
                0x0000005e       0x3a ./Core/Src/main.o
 .ARM.attributes
                0x00000098       0x3a ./Core/Src/stm32u5xx_hal_msp.o
 .ARM.attributes
                0x000000d2       0x3a ./Core/Src/stm32u5xx_it.o
 .ARM.attributes
                0x0000010c       0x3a ./Core/Src/syscalls.o
 .ARM.attributes
                0x00000146       0x3a ./Core/Src/sysmem.o
 .ARM.attributes
                0x00000180       0x3a ./Core/Src/system_stm32u5xx.o
 .ARM.attributes
                0x000001ba       0x24 ./Core/Startup/startup_stm32u545retxq.o
 .ARM.attributes
                0x000001de       0x3a ./Drivers/BSP/STM32U5xx_Nucleo/stm32u5xx_nucleo.o
 .ARM.attributes
                0x00000218       0x3a ./Drivers/STM32U5xx_HAL_Driver/Src/stm32u5xx_hal.o
 .ARM.attributes
                0x00000252       0x3a ./Drivers/STM32U5xx_HAL_Driver/Src/stm32u5xx_hal_cortex.o
 .ARM.attributes
                0x0000028c       0x3a ./Drivers/STM32U5xx_HAL_Driver/Src/stm32u5xx_hal_exti.o
 .ARM.attributes
                0x000002c6       0x3a ./Drivers/STM32U5xx_HAL_Driver/Src/stm32u5xx_hal_gpio.o
 .ARM.attributes
                0x00000300       0x3a ./Drivers/STM32U5xx_HAL_Driver/Src/stm32u5xx_hal_icache.o
 .ARM.attributes
                0x0000033a       0x3a ./Drivers/STM32U5xx_HAL_Driver/Src/stm32u5xx_hal_pcd.o
 .ARM.attributes
                0x00000374       0x3a ./Drivers/STM32U5xx_HAL_Driver/Src/stm32u5xx_hal_pcd_ex.o
 .ARM.attributes
                0x000003ae       0x3a ./Drivers/STM32U5xx_HAL_Driver/Src/stm32u5xx_hal_pwr_ex.o
 .ARM.attributes
                0x000003e8       0x3a ./Drivers/STM32U5xx_HAL_Driver/Src/stm32u5xx_hal_rcc.o
 .ARM.attributes
                0x00000422       0x3a ./Drivers/STM32U5xx_HAL_Driver/Src/stm32u5xx_hal_rcc_ex.o
 .ARM.attributes
                0x0000045c       0x3a ./Drivers/STM32U5xx_HAL_Driver/Src/stm32u5xx_ll_usb.o
 .ARM.attributes
                0x00000496       0x3a ./USB DEVICE/Class/CDC/Src/usbd_cdc.o
 .ARM.attributes
                0x000004d0       0x3a ./USB DEVICE/Class/CDC/Src/usbd_cdc_if.o
 .ARM.attributes
                0x0000050a       0x3a ./USB DEVICE/Core/Src/usbd_conf.o
 .ARM.attributes
                0x00000544       0x3a ./USB DEVICE/Core/Src/usbd_core.o
 .ARM.attributes
                0x0000057e       0x3a ./USB DEVICE/Core/Src/usbd_ctlreq.o
 .ARM.attributes
                0x000005b8       0x3a ./USB DEVICE/Core/Src/usbd_desc.o
 .ARM.attributes
                0x000005f2       0x3a ./USB DEVICE/Core/Src/usbd_ioreq.o
 .ARM.attributes
                0x0000062c       0x38 C:/ST/STM32CubeIDE_1.17.0/STM32CubeIDE/plugins/com.st.stm32cube.ide.mcu.externaltools.gnu-tools-for-stm32.12.3.rel1.win32_1.1.0.202410251130/tools/bin/../lib/gcc/arm-none-eabi/12.3.1/../../../../arm-none-eabi/lib/thumb/v8-m.main+fp/hard\libc_nano.a(libc_a-findfp.o)
 .ARM.attributes
                0x00000664       0x38 C:/ST/STM32CubeIDE_1.17.0/STM32CubeIDE/plugins/com.st.stm32cube.ide.mcu.externaltools.gnu-tools-for-stm32.12.3.rel1.win32_1.1.0.202410251130/tools/bin/../lib/gcc/arm-none-eabi/12.3.1/../../../../arm-none-eabi/lib/thumb/v8-m.main+fp/hard\libc_nano.a(libc_a-fwalk.o)
 .ARM.attributes
                0x0000069c       0x38 C:/ST/STM32CubeIDE_1.17.0/STM32CubeIDE/plugins/com.st.stm32cube.ide.mcu.externaltools.gnu-tools-for-stm32.12.3.rel1.win32_1.1.0.202410251130/tools/bin/../lib/gcc/arm-none-eabi/12.3.1/../../../../arm-none-eabi/lib/thumb/v8-m.main+fp/hard\libc_nano.a(libc_a-printf.o)
 .ARM.attributes
                0x000006d4       0x38 C:/ST/STM32CubeIDE_1.17.0/STM32CubeIDE/plugins/com.st.stm32cube.ide.mcu.externaltools.gnu-tools-for-stm32.12.3.rel1.win32_1.1.0.202410251130/tools/bin/../lib/gcc/arm-none-eabi/12.3.1/../../../../arm-none-eabi/lib/thumb/v8-m.main+fp/hard\libc_nano.a(libc_a-putchar.o)
 .ARM.attributes
                0x0000070c       0x38 C:/ST/STM32CubeIDE_1.17.0/STM32CubeIDE/plugins/com.st.stm32cube.ide.mcu.externaltools.gnu-tools-for-stm32.12.3.rel1.win32_1.1.0.202410251130/tools/bin/../lib/gcc/arm-none-eabi/12.3.1/../../../../arm-none-eabi/lib/thumb/v8-m.main+fp/hard\libc_nano.a(libc_a-stdio.o)
 .ARM.attributes
                0x00000744       0x38 C:/ST/STM32CubeIDE_1.17.0/STM32CubeIDE/plugins/com.st.stm32cube.ide.mcu.externaltools.gnu-tools-for-stm32.12.3.rel1.win32_1.1.0.202410251130/tools/bin/../lib/gcc/arm-none-eabi/12.3.1/../../../../arm-none-eabi/lib/thumb/v8-m.main+fp/hard\libc_nano.a(libc_a-memset.o)
 .ARM.attributes
                0x0000077c       0x38 C:/ST/STM32CubeIDE_1.17.0/STM32CubeIDE/plugins/com.st.stm32cube.ide.mcu.externaltools.gnu-tools-for-stm32.12.3.rel1.win32_1.1.0.202410251130/tools/bin/../lib/gcc/arm-none-eabi/12.3.1/../../../../arm-none-eabi/lib/thumb/v8-m.main+fp/hard\libc_nano.a(libc_a-closer.o)
 .ARM.attributes
                0x000007b4       0x38 C:/ST/STM32CubeIDE_1.17.0/STM32CubeIDE/plugins/com.st.stm32cube.ide.mcu.externaltools.gnu-tools-for-stm32.12.3.rel1.win32_1.1.0.202410251130/tools/bin/../lib/gcc/arm-none-eabi/12.3.1/../../../../arm-none-eabi/lib/thumb/v8-m.main+fp/hard\libc_nano.a(libc_a-reent.o)
 .ARM.attributes
                0x000007ec       0x38 C:/ST/STM32CubeIDE_1.17.0/STM32CubeIDE/plugins/com.st.stm32cube.ide.mcu.externaltools.gnu-tools-for-stm32.12.3.rel1.win32_1.1.0.202410251130/tools/bin/../lib/gcc/arm-none-eabi/12.3.1/../../../../arm-none-eabi/lib/thumb/v8-m.main+fp/hard\libc_nano.a(libc_a-impure.o)
 .ARM.attributes
                0x00000824       0x38 C:/ST/STM32CubeIDE_1.17.0/STM32CubeIDE/plugins/com.st.stm32cube.ide.mcu.externaltools.gnu-tools-for-stm32.12.3.rel1.win32_1.1.0.202410251130/tools/bin/../lib/gcc/arm-none-eabi/12.3.1/../../../../arm-none-eabi/lib/thumb/v8-m.main+fp/hard\libc_nano.a(libc_a-lseekr.o)
 .ARM.attributes
                0x0000085c       0x38 C:/ST/STM32CubeIDE_1.17.0/STM32CubeIDE/plugins/com.st.stm32cube.ide.mcu.externaltools.gnu-tools-for-stm32.12.3.rel1.win32_1.1.0.202410251130/tools/bin/../lib/gcc/arm-none-eabi/12.3.1/../../../../arm-none-eabi/lib/thumb/v8-m.main+fp/hard\libc_nano.a(libc_a-readr.o)
 .ARM.attributes
                0x00000894       0x38 C:/ST/STM32CubeIDE_1.17.0/STM32CubeIDE/plugins/com.st.stm32cube.ide.mcu.externaltools.gnu-tools-for-stm32.12.3.rel1.win32_1.1.0.202410251130/tools/bin/../lib/gcc/arm-none-eabi/12.3.1/../../../../arm-none-eabi/lib/thumb/v8-m.main+fp/hard\libc_nano.a(libc_a-writer.o)
 .ARM.attributes
                0x000008cc       0x38 C:/ST/STM32CubeIDE_1.17.0/STM32CubeIDE/plugins/com.st.stm32cube.ide.mcu.externaltools.gnu-tools-for-stm32.12.3.rel1.win32_1.1.0.202410251130/tools/bin/../lib/gcc/arm-none-eabi/12.3.1/../../../../arm-none-eabi/lib/thumb/v8-m.main+fp/hard\libc_nano.a(libc_a-errno.o)
 .ARM.attributes
                0x00000904       0x38 C:/ST/STM32CubeIDE_1.17.0/STM32CubeIDE/plugins/com.st.stm32cube.ide.mcu.externaltools.gnu-tools-for-stm32.12.3.rel1.win32_1.1.0.202410251130/tools/bin/../lib/gcc/arm-none-eabi/12.3.1/../../../../arm-none-eabi/lib/thumb/v8-m.main+fp/hard\libc_nano.a(libc_a-init.o)
 .ARM.attributes
                0x0000093c       0x38 C:/ST/STM32CubeIDE_1.17.0/STM32CubeIDE/plugins/com.st.stm32cube.ide.mcu.externaltools.gnu-tools-for-stm32.12.3.rel1.win32_1.1.0.202410251130/tools/bin/../lib/gcc/arm-none-eabi/12.3.1/../../../../arm-none-eabi/lib/thumb/v8-m.main+fp/hard\libc_nano.a(libc_a-lock.o)
 .ARM.attributes
                0x00000974       0x38 C:/ST/STM32CubeIDE_1.17.0/STM32CubeIDE/plugins/com.st.stm32cube.ide.mcu.externaltools.gnu-tools-for-stm32.12.3.rel1.win32_1.1.0.202410251130/tools/bin/../lib/gcc/arm-none-eabi/12.3.1/../../../../arm-none-eabi/lib/thumb/v8-m.main+fp/hard\libc_nano.a(libc_a-freer.o)
 .ARM.attributes
                0x000009ac       0x38 C:/ST/STM32CubeIDE_1.17.0/STM32CubeIDE/plugins/com.st.stm32cube.ide.mcu.externaltools.gnu-tools-for-stm32.12.3.rel1.win32_1.1.0.202410251130/tools/bin/../lib/gcc/arm-none-eabi/12.3.1/../../../../arm-none-eabi/lib/thumb/v8-m.main+fp/hard\libc_nano.a(libc_a-mallocr.o)
 .ARM.attributes
                0x000009e4       0x38 C:/ST/STM32CubeIDE_1.17.0/STM32CubeIDE/plugins/com.st.stm32cube.ide.mcu.externaltools.gnu-tools-for-stm32.12.3.rel1.win32_1.1.0.202410251130/tools/bin/../lib/gcc/arm-none-eabi/12.3.1/../../../../arm-none-eabi/lib/thumb/v8-m.main+fp/hard\libc_nano.a(libc_a-mlock.o)
 .ARM.attributes
                0x00000a1c       0x38 C:/ST/STM32CubeIDE_1.17.0/STM32CubeIDE/plugins/com.st.stm32cube.ide.mcu.externaltools.gnu-tools-for-stm32.12.3.rel1.win32_1.1.0.202410251130/tools/bin/../lib/gcc/arm-none-eabi/12.3.1/../../../../arm-none-eabi/lib/thumb/v8-m.main+fp/hard\libc_nano.a(libc_a-nano-vfprintf.o)
 .ARM.attributes
                0x00000a54       0x38 C:/ST/STM32CubeIDE_1.17.0/STM32CubeIDE/plugins/com.st.stm32cube.ide.mcu.externaltools.gnu-tools-for-stm32.12.3.rel1.win32_1.1.0.202410251130/tools/bin/../lib/gcc/arm-none-eabi/12.3.1/../../../../arm-none-eabi/lib/thumb/v8-m.main+fp/hard\libc_nano.a(libc_a-nano-vfprintf_i.o)
 .ARM.attributes
                0x00000a8c       0x38 C:/ST/STM32CubeIDE_1.17.0/STM32CubeIDE/plugins/com.st.stm32cube.ide.mcu.externaltools.gnu-tools-for-stm32.12.3.rel1.win32_1.1.0.202410251130/tools/bin/../lib/gcc/arm-none-eabi/12.3.1/../../../../arm-none-eabi/lib/thumb/v8-m.main+fp/hard\libc_nano.a(libc_a-fflush.o)
 .ARM.attributes
                0x00000ac4       0x38 C:/ST/STM32CubeIDE_1.17.0/STM32CubeIDE/plugins/com.st.stm32cube.ide.mcu.externaltools.gnu-tools-for-stm32.12.3.rel1.win32_1.1.0.202410251130/tools/bin/../lib/gcc/arm-none-eabi/12.3.1/../../../../arm-none-eabi/lib/thumb/v8-m.main+fp/hard\libc_nano.a(libc_a-putc.o)
 .ARM.attributes
                0x00000afc       0x38 C:/ST/STM32CubeIDE_1.17.0/STM32CubeIDE/plugins/com.st.stm32cube.ide.mcu.externaltools.gnu-tools-for-stm32.12.3.rel1.win32_1.1.0.202410251130/tools/bin/../lib/gcc/arm-none-eabi/12.3.1/../../../../arm-none-eabi/lib/thumb/v8-m.main+fp/hard\libc_nano.a(libc_a-wbuf.o)
 .ARM.attributes
                0x00000b34       0x38 C:/ST/STM32CubeIDE_1.17.0/STM32CubeIDE/plugins/com.st.stm32cube.ide.mcu.externaltools.gnu-tools-for-stm32.12.3.rel1.win32_1.1.0.202410251130/tools/bin/../lib/gcc/arm-none-eabi/12.3.1/../../../../arm-none-eabi/lib/thumb/v8-m.main+fp/hard\libc_nano.a(libc_a-wsetup.o)
 .ARM.attributes
                0x00000b6c       0x38 C:/ST/STM32CubeIDE_1.17.0/STM32CubeIDE/plugins/com.st.stm32cube.ide.mcu.externaltools.gnu-tools-for-stm32.12.3.rel1.win32_1.1.0.202410251130/tools/bin/../lib/gcc/arm-none-eabi/12.3.1/../../../../arm-none-eabi/lib/thumb/v8-m.main+fp/hard\libc_nano.a(libc_a-sbrkr.o)
 .ARM.attributes
                0x00000ba4       0x38 C:/ST/STM32CubeIDE_1.17.0/STM32CubeIDE/plugins/com.st.stm32cube.ide.mcu.externaltools.gnu-tools-for-stm32.12.3.rel1.win32_1.1.0.202410251130/tools/bin/../lib/gcc/arm-none-eabi/12.3.1/../../../../arm-none-eabi/lib/thumb/v8-m.main+fp/hard\libc_nano.a(libc_a-memchr-stub.o)
 .ARM.attributes
                0x00000bdc       0x38 C:/ST/STM32CubeIDE_1.17.0/STM32CubeIDE/plugins/com.st.stm32cube.ide.mcu.externaltools.gnu-tools-for-stm32.12.3.rel1.win32_1.1.0.202410251130/tools/bin/../lib/gcc/arm-none-eabi/12.3.1/../../../../arm-none-eabi/lib/thumb/v8-m.main+fp/hard\libc_nano.a(libc_a-makebuf.o)
 .ARM.attributes
                0x00000c14       0x38 C:/ST/STM32CubeIDE_1.17.0/STM32CubeIDE/plugins/com.st.stm32cube.ide.mcu.externaltools.gnu-tools-for-stm32.12.3.rel1.win32_1.1.0.202410251130/tools/bin/../lib/gcc/arm-none-eabi/12.3.1/../../../../arm-none-eabi/lib/thumb/v8-m.main+fp/hard\libc_nano.a(libc_a-fstatr.o)
 .ARM.attributes
                0x00000c4c       0x38 C:/ST/STM32CubeIDE_1.17.0/STM32CubeIDE/plugins/com.st.stm32cube.ide.mcu.externaltools.gnu-tools-for-stm32.12.3.rel1.win32_1.1.0.202410251130/tools/bin/../lib/gcc/arm-none-eabi/12.3.1/../../../../arm-none-eabi/lib/thumb/v8-m.main+fp/hard\libc_nano.a(libc_a-isattyr.o)
 .ARM.attributes
                0x00000c84       0x26 C:/ST/STM32CubeIDE_1.17.0/STM32CubeIDE/plugins/com.st.stm32cube.ide.mcu.externaltools.gnu-tools-for-stm32.12.3.rel1.win32_1.1.0.202410251130/tools/bin/../lib/gcc/arm-none-eabi/12.3.1/thumb/v8-m.main+fp/hard/crtn.o
OUTPUT(USB_DEVICE_CDC.elf elf32-littlearm)
LOAD linker stubs
LOAD C:/ST/STM32CubeIDE_1.17.0/STM32CubeIDE/plugins/com.st.stm32cube.ide.mcu.externaltools.gnu-tools-for-stm32.12.3.rel1.win32_1.1.0.202410251130/tools/bin/../lib/gcc/arm-none-eabi/12.3.1/../../../../arm-none-eabi/lib/thumb/v8-m.main+fp/hard\libc.a
LOAD C:/ST/STM32CubeIDE_1.17.0/STM32CubeIDE/plugins/com.st.stm32cube.ide.mcu.externaltools.gnu-tools-for-stm32.12.3.rel1.win32_1.1.0.202410251130/tools/bin/../lib/gcc/arm-none-eabi/12.3.1/../../../../arm-none-eabi/lib/thumb/v8-m.main+fp/hard\libm.a
LOAD C:/ST/STM32CubeIDE_1.17.0/STM32CubeIDE/plugins/com.st.stm32cube.ide.mcu.externaltools.gnu-tools-for-stm32.12.3.rel1.win32_1.1.0.202410251130/tools/bin/../lib/gcc/arm-none-eabi/12.3.1/thumb/v8-m.main+fp/hard\libgcc.a

.debug_info     0x00000000    0x14651
 .debug_info    0x00000000     0x1549 ./Core/Src/main.o
 .debug_info    0x00001549     0x1052 ./Core/Src/stm32u5xx_hal_msp.o
 .debug_info    0x0000259b      0x649 ./Core/Src/stm32u5xx_it.o
 .debug_info    0x00002be4      0x6a3 ./Core/Src/syscalls.o
 .debug_info    0x00003287      0x168 ./Core/Src/sysmem.o
 .debug_info    0x000033ef      0x929 ./Core/Src/system_stm32u5xx.o
 .debug_info    0x00003d18       0x30 ./Core/Startup/startup_stm32u545retxq.o
 .debug_info    0x00003d48      0xee1 ./Drivers/BSP/STM32U5xx_Nucleo/stm32u5xx_nucleo.o
 .debug_info    0x00004c29     0x110d ./Drivers/STM32U5xx_HAL_Driver/Src/stm32u5xx_hal.o
 .debug_info    0x00005d36     0x1610 ./Drivers/STM32U5xx_HAL_Driver/Src/stm32u5xx_hal_cortex.o
 .debug_info    0x00007346      0x736 ./Drivers/STM32U5xx_HAL_Driver/Src/stm32u5xx_hal_exti.o
 .debug_info    0x00007a7c      0x859 ./Drivers/STM32U5xx_HAL_Driver/Src/stm32u5xx_hal_gpio.o
 .debug_info    0x000082d5      0x4d6 ./Drivers/STM32U5xx_HAL_Driver/Src/stm32u5xx_hal_icache.o
 .debug_info    0x000087ab     0x1504 ./Drivers/STM32U5xx_HAL_Driver/Src/stm32u5xx_hal_pcd.o
 .debug_info    0x00009caf      0x7eb ./Drivers/STM32U5xx_HAL_Driver/Src/stm32u5xx_hal_pcd_ex.o
 .debug_info    0x0000a49a      0xddc ./Drivers/STM32U5xx_HAL_Driver/Src/stm32u5xx_hal_pwr_ex.o
 .debug_info    0x0000b276     0x114d ./Drivers/STM32U5xx_HAL_Driver/Src/stm32u5xx_hal_rcc.o
 .debug_info    0x0000c3c3     0x1569 ./Drivers/STM32U5xx_HAL_Driver/Src/stm32u5xx_hal_rcc_ex.o
 .debug_info    0x0000d92c     0x1a08 ./Drivers/STM32U5xx_HAL_Driver/Src/stm32u5xx_ll_usb.o
 .debug_info    0x0000f334     0x1274 ./USB DEVICE/Class/CDC/Src/usbd_cdc.o
 .debug_info    0x000105a8      0x944 ./USB DEVICE/Class/CDC/Src/usbd_cdc_if.o
 .debug_info    0x00010eec     0x126d ./USB DEVICE/Core/Src/usbd_conf.o
 .debug_info    0x00012159      0xe42 ./USB DEVICE/Core/Src/usbd_core.o
 .debug_info    0x00012f9b      0xaec ./USB DEVICE/Core/Src/usbd_ctlreq.o
 .debug_info    0x00013a87      0x467 ./USB DEVICE/Core/Src/usbd_desc.o
 .debug_info    0x00013eee      0x763 ./USB DEVICE/Core/Src/usbd_ioreq.o

.debug_abbrev   0x00000000     0x3830
 .debug_abbrev  0x00000000      0x320 ./Core/Src/main.o
 .debug_abbrev  0x00000320      0x215 ./Core/Src/stm32u5xx_hal_msp.o
 .debug_abbrev  0x00000535      0x192 ./Core/Src/stm32u5xx_it.o
 .debug_abbrev  0x000006c7      0x1b6 ./Core/Src/syscalls.o
 .debug_abbrev  0x0000087d       0xbc ./Core/Src/sysmem.o
 .debug_abbrev  0x00000939      0x129 ./Core/Src/system_stm32u5xx.o
 .debug_abbrev  0x00000a62       0x24 ./Core/Startup/startup_stm32u545retxq.o
 .debug_abbrev  0x00000a86      0x2ba ./Drivers/BSP/STM32U5xx_Nucleo/stm32u5xx_nucleo.o
 .debug_abbrev  0x00000d40      0x2a3 ./Drivers/STM32U5xx_HAL_Driver/Src/stm32u5xx_hal.o
 .debug_abbrev  0x00000fe3      0x311 ./Drivers/STM32U5xx_HAL_Driver/Src/stm32u5xx_hal_cortex.o
 .debug_abbrev  0x000012f4      0x198 ./Drivers/STM32U5xx_HAL_Driver/Src/stm32u5xx_hal_exti.o
 .debug_abbrev  0x0000148c      0x25a ./Drivers/STM32U5xx_HAL_Driver/Src/stm32u5xx_hal_gpio.o
 .debug_abbrev  0x000016e6      0x228 ./Drivers/STM32U5xx_HAL_Driver/Src/stm32u5xx_hal_icache.o
 .debug_abbrev  0x0000190e      0x302 ./Drivers/STM32U5xx_HAL_Driver/Src/stm32u5xx_hal_pcd.o
 .debug_abbrev  0x00001c10      0x1e8 ./Drivers/STM32U5xx_HAL_Driver/Src/stm32u5xx_hal_pcd_ex.o
 .debug_abbrev  0x00001df8      0x215 ./Drivers/STM32U5xx_HAL_Driver/Src/stm32u5xx_hal_pwr_ex.o
 .debug_abbrev  0x0000200d      0x2c9 ./Drivers/STM32U5xx_HAL_Driver/Src/stm32u5xx_hal_rcc.o
 .debug_abbrev  0x000022d6      0x23d ./Drivers/STM32U5xx_HAL_Driver/Src/stm32u5xx_hal_rcc_ex.o
 .debug_abbrev  0x00002513      0x237 ./Drivers/STM32U5xx_HAL_Driver/Src/stm32u5xx_ll_usb.o
 .debug_abbrev  0x0000274a      0x2c2 ./USB DEVICE/Class/CDC/Src/usbd_cdc.o
 .debug_abbrev  0x00002a0c      0x270 ./USB DEVICE/Class/CDC/Src/usbd_cdc_if.o
 .debug_abbrev  0x00002c7c      0x339 ./USB DEVICE/Core/Src/usbd_conf.o
 .debug_abbrev  0x00002fb5      0x287 ./USB DEVICE/Core/Src/usbd_core.o
 .debug_abbrev  0x0000323c      0x26f ./USB DEVICE/Core/Src/usbd_ctlreq.o
 .debug_abbrev  0x000034ab      0x1eb ./USB DEVICE/Core/Src/usbd_desc.o
 .debug_abbrev  0x00003696      0x19a ./USB DEVICE/Core/Src/usbd_ioreq.o

.debug_aranges  0x00000000     0x1140
 .debug_aranges
                0x00000000       0x50 ./Core/Src/main.o
 .debug_aranges
                0x00000050       0x30 ./Core/Src/stm32u5xx_hal_msp.o
 .debug_aranges
                0x00000080       0x70 ./Core/Src/stm32u5xx_it.o
 .debug_aranges
                0x000000f0       0xa8 ./Core/Src/syscalls.o
 .debug_aranges
                0x00000198       0x20 ./Core/Src/sysmem.o
 .debug_aranges
                0x000001b8       0x28 ./Core/Src/system_stm32u5xx.o
 .debug_aranges
                0x000001e0       0x28 ./Core/Startup/startup_stm32u545retxq.o
 .debug_aranges
                0x00000208       0x90 ./Drivers/BSP/STM32U5xx_Nucleo/stm32u5xx_nucleo.o
 .debug_aranges
                0x00000298      0x148 ./Drivers/STM32U5xx_HAL_Driver/Src/stm32u5xx_hal.o
 .debug_aranges
                0x000003e0      0x140 ./Drivers/STM32U5xx_HAL_Driver/Src/stm32u5xx_hal_cortex.o
 .debug_aranges
                0x00000520       0x70 ./Drivers/STM32U5xx_HAL_Driver/Src/stm32u5xx_hal_exti.o
 .debug_aranges
                0x00000590       0x78 ./Drivers/STM32U5xx_HAL_Driver/Src/stm32u5xx_hal_gpio.o
 .debug_aranges
                0x00000608       0xa8 ./Drivers/STM32U5xx_HAL_Driver/Src/stm32u5xx_hal_icache.o
 .debug_aranges
                0x000006b0      0x150 ./Drivers/STM32U5xx_HAL_Driver/Src/stm32u5xx_hal_pcd.o
 .debug_aranges
                0x00000800       0x58 ./Drivers/STM32U5xx_HAL_Driver/Src/stm32u5xx_hal_pcd_ex.o
 .debug_aranges
                0x00000858      0x1e0 ./Drivers/STM32U5xx_HAL_Driver/Src/stm32u5xx_hal_pwr_ex.o
 .debug_aranges
                0x00000a38       0xa8 ./Drivers/STM32U5xx_HAL_Driver/Src/stm32u5xx_hal_rcc.o