../Drivers/BSP/Components/lis2du12/lis2du12.c:87:9:LIS2DU12_RegisterBusIO	24	static
../Drivers/BSP/Components/lis2du12/lis2du12.c:145:9:LIS2DU12_Init	24	static
../Drivers/BSP/Components/lis2du12/lis2du12.c:203:9:LIS2DU12_DeInit	16	static
../Drivers/BSP/Components/lis2du12/lis2du12.c:227:9:LIS2DU12_ReadID	24	static
../Drivers/BSP/Components/lis2du12/lis2du12.c:247:9:LIS2DU12_GetCapabilities	16	static
../Drivers/BSP/Components/lis2du12/lis2du12.c:270:9:LIS2DU12_ACC_Enable	16	static
../Drivers/BSP/Components/lis2du12/lis2du12.c:294:9:LIS2DU12_ACC_Disable	24	static
../Drivers/BSP/Components/lis2du12/lis2du12.c:328:9:LIS2DU12_ACC_GetSensitivity	24	static
../Drivers/BSP/Components/lis2du12/lis2du12.c:369:9:LIS2DU12_ACC_GetOutputDataRate	24	static
../Drivers/BSP/Components/lis2du12/lis2du12.c:442:9:LIS2DU12_ACC_SetOutputDataRate	16	static
../Drivers/BSP/Components/lis2du12/lis2du12.c:455:9:LIS2DU12_ACC_SetOutputDataRate_With_Mode	24	static
../Drivers/BSP/Components/lis2du12/lis2du12.c:474:9:LIS2DU12_ACC_GetFullScale	24	static
../Drivers/BSP/Components/lis2du12/lis2du12.c:518:9:LIS2DU12_ACC_SetFullScale	24	static
../Drivers/BSP/Components/lis2du12/lis2du12.c:548:9:LIS2DU12_ACC_GetAxesRaw	48	static
../Drivers/BSP/Components/lis2du12/lis2du12.c:576:9:LIS2DU12_ACC_GetAxes	48	static
../Drivers/BSP/Components/lis2du12/lis2du12.c:605:9:LIS2DU12_Read_Reg	24	static
../Drivers/BSP/Components/lis2du12/lis2du12.c:622:9:LIS2DU12_Write_Reg	16	static
../Drivers/BSP/Components/lis2du12/lis2du12.c:638:9:LIS2DU12_Set_Interrupt_Latch	24	static
../Drivers/BSP/Components/lis2du12/lis2du12.c:678:9:LIS2DU12_ACC_Enable_DRDY_Interrupt	24	static
../Drivers/BSP/Components/lis2du12/lis2du12.c:716:9:LIS2DU12_ACC_Disable_DRDY_Interrupt	24	static
../Drivers/BSP/Components/lis2du12/lis2du12.c:741:9:LIS2DU12_ACC_Set_SelfTest	24	static
../Drivers/BSP/Components/lis2du12/lis2du12.c:777:9:LIS2DU12_ACC_Get_DRDY_Status	24	static
../Drivers/BSP/Components/lis2du12/lis2du12.c:797:9:LIS2DU12_ACC_Get_Init_Status	16	static
../Drivers/BSP/Components/lis2du12/lis2du12.c:824:16:LIS2DU12_ACC_SetOutputDataRate_When_Enabled	32	static
../Drivers/BSP/Components/lis2du12/lis2du12.c:889:16:LIS2DU12_ACC_SetOutputDataRate_When_Disabled	24	static
../Drivers/BSP/Components/lis2du12/lis2du12.c:925:16:ReadRegWrap	40	static
../Drivers/BSP/Components/lis2du12/lis2du12.c:940:16:WriteRegWrap	40	static
../Drivers/BSP/Components/lis2du12/lis2du12.c:956:9:LIS2DU12_ACC_Set_Filter_Mode	24	static
