../Drivers/BSP/Components/lis2du12/lis2du12_reg.c:48:9:lis2du12_read_reg	40	static
../Drivers/BSP/Components/lis2du12/lis2du12_reg.c:66:9:lis2du12_write_reg	40	static
../Drivers/BSP/Components/lis2du12/lis2du12_reg.c:86:13:bytecpy	16	static
../Drivers/BSP/Components/lis2du12/lis2du12_reg.c:106:9:lis2du12_from_fs2g_to_mg	16	static
../Drivers/BSP/Components/lis2du12/lis2du12_reg.c:111:9:lis2du12_from_fs4g_to_mg	16	static
../Drivers/BSP/Components/lis2du12/lis2du12_reg.c:116:9:lis2du12_from_fs8g_to_mg	16	static
../Drivers/BSP/Components/lis2du12/lis2du12_reg.c:121:9:lis2du12_from_fs16g_to_mg	16	static
../Drivers/BSP/Components/lis2du12/lis2du12_reg.c:126:9:lis2du12_from_lsb_to_celsius	16	static
../Drivers/BSP/Components/lis2du12/lis2du12_reg.c:152:9:lis2du12_id_get	24	static
../Drivers/BSP/Components/lis2du12/lis2du12_reg.c:171:9:lis2du12_bus_mode_set	32	static
../Drivers/BSP/Components/lis2du12/lis2du12_reg.c:206:9:lis2du12_bus_mode_get	32	static
../Drivers/BSP/Components/lis2du12/lis2du12_reg.c:242:9:lis2du12_init_set	32	static
../Drivers/BSP/Components/lis2du12/lis2du12_reg.c:286:9:lis2du12_status_get	32	static
../Drivers/BSP/Components/lis2du12/lis2du12_reg.c:320:9:lis2du12_pin_conf_set	40	static
../Drivers/BSP/Components/lis2du12/lis2du12_reg.c:376:9:lis2du12_pin_conf_get	40	static
../Drivers/BSP/Components/lis2du12/lis2du12_reg.c:415:9:lis2du12_all_sources_get	40	static
../Drivers/BSP/Components/lis2du12/lis2du12_reg.c:482:9:lis2du12_mode_set	24	static
../Drivers/BSP/Components/lis2du12/lis2du12_reg.c:509:9:lis2du12_mode_get	24	static
../Drivers/BSP/Components/lis2du12/lis2du12_reg.c:614:9:lis2du12_trigger_sw	24	static
../Drivers/BSP/Components/lis2du12/lis2du12_reg.c:640:9:lis2du12_data_get	48	static
../Drivers/BSP/Components/lis2du12/lis2du12_reg.c:693:9:lis2du12_self_test_sign_set	24	static
../Drivers/BSP/Components/lis2du12/lis2du12_reg.c:715:9:lis2du12_self_test_start	24	static
../Drivers/BSP/Components/lis2du12/lis2du12_reg.c:742:9:lis2du12_self_test_stop	24	static
../Drivers/BSP/Components/lis2du12/lis2du12_reg.c:777:9:lis2du12_fifo_mode_set	32	static
../Drivers/BSP/Components/lis2du12/lis2du12_reg.c:819:9:lis2du12_fifo_mode_get	32	static
../Drivers/BSP/Components/lis2du12/lis2du12_reg.c:874:9:lis2du12_fifo_status_get	24	static
../Drivers/BSP/Components/lis2du12/lis2du12_reg.c:896:9:lis2du12_fifo_level_get	32	static
../Drivers/BSP/Components/lis2du12/lis2du12_reg.c:920:9:lis2du12_fifo_data_get	48	static
../Drivers/BSP/Components/lis2du12/lis2du12_reg.c:1003:9:lis2du12_interrupt_mode_set	32	static
../Drivers/BSP/Components/lis2du12/lis2du12_reg.c:1036:9:lis2du12_interrupt_mode_get	32	static
../Drivers/BSP/Components/lis2du12/lis2du12_reg.c:1076:9:lis2du12_pin_int1_route_set	32	static
../Drivers/BSP/Components/lis2du12/lis2du12_reg.c:1128:9:lis2du12_pin_int1_route_get	32	static
../Drivers/BSP/Components/lis2du12/lis2du12_reg.c:1175:9:lis2du12_pin_int2_route_set	32	static
../Drivers/BSP/Components/lis2du12/lis2du12_reg.c:1227:9:lis2du12_pin_int2_route_get	32	static
../Drivers/BSP/Components/lis2du12/lis2du12_reg.c:1287:9:lis2du12_wake_up_mode_set	48	static
../Drivers/BSP/Components/lis2du12/lis2du12_reg.c:1359:9:lis2du12_wake_up_mode_get	48	static
../Drivers/BSP/Components/lis2du12/lis2du12_reg.c:1446:9:lis2du12_tap_mode_set	48	static
../Drivers/BSP/Components/lis2du12/lis2du12_reg.c:1504:9:lis2du12_tap_mode_get	48	static
../Drivers/BSP/Components/lis2du12/lis2du12_reg.c:1586:9:lis2du12_free_fall_mode_set	32	static
../Drivers/BSP/Components/lis2du12/lis2du12_reg.c:1623:9:lis2du12_free_fall_mode_get	32	static
../Drivers/BSP/Components/lis2du12/lis2du12_reg.c:1693:9:lis2du12_orientation_mode_set	32	static
../Drivers/BSP/Components/lis2du12/lis2du12_reg.c:1724:9:lis2du12_orientation_mode_get	32	static
