../Drivers/BSP/Components/ilps22qs/ilps22qs_reg.c:48:9:ilps22qs_read_reg	40	static
../Drivers/BSP/Components/ilps22qs/ilps22qs_reg.c:66:9:ilps22qs_write_reg	40	static
../Drivers/BSP/Components/ilps22qs/ilps22qs_reg.c:86:13:bytecpy	16	static
../Drivers/BSP/Components/ilps22qs/ilps22qs_reg.c:106:9:ilps22qs_from_fs1260_to_hPa	16	static
../Drivers/BSP/Components/ilps22qs/ilps22qs_reg.c:111:9:ilps22qs_from_fs4000_to_hPa	16	static
../Drivers/BSP/Components/ilps22qs/ilps22qs_reg.c:116:9:ilps22qs_from_lsb_to_celsius	16	static
../Drivers/BSP/Components/ilps22qs/ilps22qs_reg.c:142:9:ilps22qs_id_get	24	static
../Drivers/BSP/Components/ilps22qs/ilps22qs_reg.c:161:9:ilps22qs_bus_mode_set	32	static
../Drivers/BSP/Components/ilps22qs/ilps22qs_reg.c:196:9:ilps22qs_bus_mode_get	32	static
../Drivers/BSP/Components/ilps22qs/ilps22qs_reg.c:248:9:ilps22qs_init_set	32	static
../Drivers/BSP/Components/ilps22qs/ilps22qs_reg.c:299:9:ilps22qs_status_get	40	static
../Drivers/BSP/Components/ilps22qs/ilps22qs_reg.c:342:9:ilps22qs_pin_conf_set	24	static
../Drivers/BSP/Components/ilps22qs/ilps22qs_reg.c:367:9:ilps22qs_pin_conf_get	24	static
../Drivers/BSP/Components/ilps22qs/ilps22qs_reg.c:388:9:ilps22qs_all_sources_get	32	static
../Drivers/BSP/Components/ilps22qs/ilps22qs_reg.c:429:9:ilps22qs_mode_set	32	static
../Drivers/BSP/Components/ilps22qs/ilps22qs_reg.c:465:9:ilps22qs_mode_get	32	static
../Drivers/BSP/Components/ilps22qs/ilps22qs_reg.c:584:9:ilps22qs_trigger_sw	24	static
../Drivers/BSP/Components/ilps22qs/ilps22qs_reg.c:609:9:ilps22qs_ah_qvar_en_set	24	static
../Drivers/BSP/Components/ilps22qs/ilps22qs_reg.c:633:9:ilps22qs_ah_qvar_en_get	24	static
../Drivers/BSP/Components/ilps22qs/ilps22qs_reg.c:653:9:ilps22qs_data_get	40	static
../Drivers/BSP/Components/ilps22qs/ilps22qs_reg.c:697:9:ilps22qs_ah_qvar_data_get	32	static
../Drivers/BSP/Components/ilps22qs/ilps22qs_reg.c:736:9:ilps22qs_fifo_mode_set	32	static
../Drivers/BSP/Components/ilps22qs/ilps22qs_reg.c:779:9:ilps22qs_fifo_mode_get	32	static
../Drivers/BSP/Components/ilps22qs/ilps22qs_reg.c:830:9:ilps22qs_fifo_level_get	24	static
../Drivers/BSP/Components/ilps22qs/ilps22qs_reg.c:854:9:ilps22qs_fifo_data_get	48	static
../Drivers/BSP/Components/ilps22qs/ilps22qs_reg.c:908:9:ilps22qs_interrupt_mode_set	24	static
../Drivers/BSP/Components/ilps22qs/ilps22qs_reg.c:933:9:ilps22qs_interrupt_mode_get	24	static
../Drivers/BSP/Components/ilps22qs/ilps22qs_reg.c:954:9:ilps22qs_ah_qvar_disable	24	static
../Drivers/BSP/Components/ilps22qs/ilps22qs_reg.c:985:9:ilps22qs_int_on_threshold_mode_set	40	static
../Drivers/BSP/Components/ilps22qs/ilps22qs_reg.c:1023:9:ilps22qs_int_on_threshold_mode_get	40	static
../Drivers/BSP/Components/ilps22qs/ilps22qs_reg.c:1067:9:ilps22qs_reference_mode_set	24	static
../Drivers/BSP/Components/ilps22qs/ilps22qs_reg.c:1097:9:ilps22qs_reference_mode_get	24	static
../Drivers/BSP/Components/ilps22qs/ilps22qs_reg.c:1132:9:ilps22qs_opc_set	24	static
../Drivers/BSP/Components/ilps22qs/ilps22qs_reg.c:1153:9:ilps22qs_opc_get	24	static
