../Drivers/BSP/Components/st25dvxxkc/st25dvxxkc.c:85:9:ST25DVxxKC_RegisterBusIO	24	static
../Drivers/BSP/Components/st25dvxxkc/st25dvxxkc.c:125:9:ST25DVxxKC_Init	24	static
../Drivers/BSP/Components/st25dvxxkc/st25dvxxkc.c:157:9:ST25DVxxKC_ReadID	16	static
../Drivers/BSP/Components/st25dvxxkc/st25dvxxkc.c:169:9:ST25DVxxKC_ReadICRev	16	static
../Drivers/BSP/Components/st25dvxxkc/st25dvxxkc.c:183:9:ST25DVxxKC_IsDeviceReady	16	static
../Drivers/BSP/Components/st25dvxxkc/st25dvxxkc.c:206:9:ST25DVxxKC_GetGPOStatus	24	static
../Drivers/BSP/Components/st25dvxxkc/st25dvxxkc.c:247:9:ST25DVxxKC_ConfigureGPO	24	static
../Drivers/BSP/Components/st25dvxxkc/st25dvxxkc.c:277:9:ST25DVxxKC_ReadITPulse	24	static
../Drivers/BSP/Components/st25dvxxkc/st25dvxxkc.c:302:9:ST25DVxxKC_WriteITPulse	24	static
../Drivers/BSP/Components/st25dvxxkc/st25dvxxkc.c:321:9:ST25DVxxKC_ReadData	32	static
../Drivers/BSP/Components/st25dvxxkc/st25dvxxkc.c:336:9:ST25DVxxKC_WriteData	56	static
../Drivers/BSP/Components/st25dvxxkc/st25dvxxkc.c:397:9:ST25DVxxKC_ReadRegister	32	static
../Drivers/BSP/Components/st25dvxxkc/st25dvxxkc.c:413:9:ST25DVxxKC_WriteRegister	64	static
../Drivers/BSP/Components/st25dvxxkc/st25dvxxkc.c:481:9:ST25DVxxKC_ReadUID	32	static
../Drivers/BSP/Components/st25dvxxkc/st25dvxxkc.c:518:9:ST25DVxxKC_ReadDSFID	16	static
../Drivers/BSP/Components/st25dvxxkc/st25dvxxkc.c:530:9:ST25DVxxKC_ReadDsfidRFProtection	24	static
../Drivers/BSP/Components/st25dvxxkc/st25dvxxkc.c:561:9:ST25DVxxKC_ReadAFI	16	static
../Drivers/BSP/Components/st25dvxxkc/st25dvxxkc.c:573:9:ST25DVxxKC_ReadAfiRFProtection	24	static
../Drivers/BSP/Components/st25dvxxkc/st25dvxxkc.c:603:9:ST25DVxxKC_ReadI2CProtectZone	24	static
../Drivers/BSP/Components/st25dvxxkc/st25dvxxkc.c:722:9:ST25DVxxKC_WriteI2CProtectZonex	24	static
../Drivers/BSP/Components/st25dvxxkc/st25dvxxkc.c:764:9:ST25DVxxKC_ReadLockCCFile	24	static
../Drivers/BSP/Components/st25dvxxkc/st25dvxxkc.c:806:9:ST25DVxxKC_WriteLockCCFile	24	static
../Drivers/BSP/Components/st25dvxxkc/st25dvxxkc.c:845:9:ST25DVxxKC_ReadLockCFG	24	static
../Drivers/BSP/Components/st25dvxxkc/st25dvxxkc.c:876:9:ST25DVxxKC_WriteLockCFG	24	static
../Drivers/BSP/Components/st25dvxxkc/st25dvxxkc.c:893:9:ST25DVxxKC_PresentI2CPassword	48	static
../Drivers/BSP/Components/st25dvxxkc/st25dvxxkc.c:919:9:ST25DVxxKC_WriteI2CPassword	48	static
../Drivers/BSP/Components/st25dvxxkc/st25dvxxkc.c:946:9:ST25DVxxKC_ReadRFZxSS	32	static
../Drivers/BSP/Components/st25dvxxkc/st25dvxxkc.c:1030:9:ST25DVxxKC_WriteRFZxSS	32	static
../Drivers/BSP/Components/st25dvxxkc/st25dvxxkc.c:1071:9:ST25DVxxKC_ReadEndZonex	32	static
../Drivers/BSP/Components/st25dvxxkc/st25dvxxkc.c:1109:9:ST25DVxxKC_WriteEndZonex	24	static
../Drivers/BSP/Components/st25dvxxkc/st25dvxxkc.c:1143:9:ST25DVxxKC_InitEndZone	32	static
../Drivers/BSP/Components/st25dvxxkc/st25dvxxkc.c:1193:9:ST25DVxxKC_CreateUserZone	48	static
../Drivers/BSP/Components/st25dvxxkc/st25dvxxkc.c:1280:9:ST25DVxxKC_ReadMemSize	24	static
../Drivers/BSP/Components/st25dvxxkc/st25dvxxkc.c:1313:9:ST25DVxxKC_ReadEHMode	24	static
../Drivers/BSP/Components/st25dvxxkc/st25dvxxkc.c:1344:9:ST25DVxxKC_WriteEHMode	24	static
../Drivers/BSP/Components/st25dvxxkc/st25dvxxkc.c:1361:9:ST25DVxxKC_ReadRFMngt	24	static
../Drivers/BSP/Components/st25dvxxkc/st25dvxxkc.c:1405:9:ST25DVxxKC_WriteRFMngt	16	static
../Drivers/BSP/Components/st25dvxxkc/st25dvxxkc.c:1417:9:ST25DVxxKC_GetRFDisable	24	static
../Drivers/BSP/Components/st25dvxxkc/st25dvxxkc.c:1449:9:ST25DVxxKC_SetRFDisable	24	static
../Drivers/BSP/Components/st25dvxxkc/st25dvxxkc.c:1463:9:ST25DVxxKC_ResetRFDisable	24	static
../Drivers/BSP/Components/st25dvxxkc/st25dvxxkc.c:1477:9:ST25DVxxKC_GetRFSleep	24	static
../Drivers/BSP/Components/st25dvxxkc/st25dvxxkc.c:1509:9:ST25DVxxKC_SetRFSleep	24	static
../Drivers/BSP/Components/st25dvxxkc/st25dvxxkc.c:1523:9:ST25DVxxKC_ResetRFSleep	24	static
../Drivers/BSP/Components/st25dvxxkc/st25dvxxkc.c:1537:9:ST25DVxxKC_ReadMBMode	24	static
../Drivers/BSP/Components/st25dvxxkc/st25dvxxkc.c:1568:9:ST25DVxxKC_WriteMBMode	24	static
../Drivers/BSP/Components/st25dvxxkc/st25dvxxkc.c:1587:9:ST25DVxxKC_ReadMBWDG	24	static
../Drivers/BSP/Components/st25dvxxkc/st25dvxxkc.c:1604:9:ST25DVxxKC_WriteMBWDG	16	static
../Drivers/BSP/Components/st25dvxxkc/st25dvxxkc.c:1618:9:ST25DVxxKC_ReadMailboxData	40	static
../Drivers/BSP/Components/st25dvxxkc/st25dvxxkc.c:1643:9:ST25DVxxKC_WriteMailboxData	40	static
../Drivers/BSP/Components/st25dvxxkc/st25dvxxkc.c:1670:9:ST25DVxxKC_ReadMailboxRegister	40	static
../Drivers/BSP/Components/st25dvxxkc/st25dvxxkc.c:1695:9:ST25DVxxKC_WriteMailboxRegister	40	static
../Drivers/BSP/Components/st25dvxxkc/st25dvxxkc.c:1719:9:ST25DVxxKC_ReadI2CSecuritySession_Dyn	24	static
../Drivers/BSP/Components/st25dvxxkc/st25dvxxkc.c:1759:9:ST25DVxxKC_ReadITSTStatus_Dyn	16	static
../Drivers/BSP/Components/st25dvxxkc/st25dvxxkc.c:1771:9:ST25DVxxKC_ReadGPO_Dyn	16	static
../Drivers/BSP/Components/st25dvxxkc/st25dvxxkc.c:1783:9:ST25DVxxKC_GetGPO_en_Dyn	24	static
../Drivers/BSP/Components/st25dvxxkc/st25dvxxkc.c:1812:9:ST25DVxxKC_SetGPO_en_Dyn	24	static
../Drivers/BSP/Components/st25dvxxkc/st25dvxxkc.c:1825:9:ST25DVxxKC_ResetGPO_en_Dyn	24	static
../Drivers/BSP/Components/st25dvxxkc/st25dvxxkc.c:1839:9:ST25DVxxKC_ReadEHCtrl_Dyn	24	static
../Drivers/BSP/Components/st25dvxxkc/st25dvxxkc.c:1904:9:ST25DVxxKC_GetEHENMode_Dyn	24	static
../Drivers/BSP/Components/st25dvxxkc/st25dvxxkc.c:1933:9:ST25DVxxKC_SetEHENMode_Dyn	24	static
../Drivers/BSP/Components/st25dvxxkc/st25dvxxkc.c:1946:9:ST25DVxxKC_ResetEHENMode_Dyn	24	static
../Drivers/BSP/Components/st25dvxxkc/st25dvxxkc.c:1960:9:ST25DVxxKC_GetEHON_Dyn	24	static
../Drivers/BSP/Components/st25dvxxkc/st25dvxxkc.c:1992:9:ST25DVxxKC_GetRFField_Dyn	24	static
../Drivers/BSP/Components/st25dvxxkc/st25dvxxkc.c:2024:9:ST25DVxxKC_GetVCC_Dyn	24	static
../Drivers/BSP/Components/st25dvxxkc/st25dvxxkc.c:2056:9:ST25DVxxKC_ReadRFMngt_Dyn	24	static
../Drivers/BSP/Components/st25dvxxkc/st25dvxxkc.c:2099:9:ST25DVxxKC_WriteRFMngt_Dyn	16	static
../Drivers/BSP/Components/st25dvxxkc/st25dvxxkc.c:2111:9:ST25DVxxKC_GetRFDisable_Dyn	24	static
../Drivers/BSP/Components/st25dvxxkc/st25dvxxkc.c:2142:9:ST25DVxxKC_SetRFDisable_Dyn	24	static
../Drivers/BSP/Components/st25dvxxkc/st25dvxxkc.c:2154:9:ST25DVxxKC_ResetRFDisable_Dyn	24	static
../Drivers/BSP/Components/st25dvxxkc/st25dvxxkc.c:2167:9:ST25DVxxKC_GetRFSleep_Dyn	24	static
../Drivers/BSP/Components/st25dvxxkc/st25dvxxkc.c:2198:9:ST25DVxxKC_SetRFSleep_Dyn	24	static
../Drivers/BSP/Components/st25dvxxkc/st25dvxxkc.c:2210:9:ST25DVxxKC_ResetRFSleep_Dyn	24	static
../Drivers/BSP/Components/st25dvxxkc/st25dvxxkc.c:2223:9:ST25DVxxKC_GetRFOff_Dyn	24	static
../Drivers/BSP/Components/st25dvxxkc/st25dvxxkc.c:2254:9:ST25DVxxKC_SetRFOff_Dyn	16	static
../Drivers/BSP/Components/st25dvxxkc/st25dvxxkc.c:2264:9:ST25DVxxKC_ResetRFOff_Dyn	16	static
../Drivers/BSP/Components/st25dvxxkc/st25dvxxkc.c:2276:9:ST25DVxxKC_ReadMBCtrl_Dyn	24	static
../Drivers/BSP/Components/st25dvxxkc/st25dvxxkc.c:2331:9:ST25DVxxKC_GetMBEN_Dyn	24	static
../Drivers/BSP/Components/st25dvxxkc/st25dvxxkc.c:2360:9:ST25DVxxKC_SetMBEN_Dyn	24	static
../Drivers/BSP/Components/st25dvxxkc/st25dvxxkc.c:2373:9:ST25DVxxKC_ResetMBEN_Dyn	24	static
../Drivers/BSP/Components/st25dvxxkc/st25dvxxkc.c:2387:9:ST25DVxxKC_ReadMBLength_Dyn	16	static
../Drivers/BSP/Components/st25dvxxkc/st25dvxxkc.c:2401:16:ReadRegWrap	40	static
../Drivers/BSP/Components/st25dvxxkc/st25dvxxkc.c:2426:16:WriteRegWrap	56	static
../Drivers/BSP/Components/st25dvxxkc/st25dvxxkc.c:2477:9:ST25DVxxKC_WriteI2CSlaveMode	32	static
../Drivers/BSP/Components/st25dvxxkc/st25dvxxkc.c:2514:9:ST25DVxxKC_ReadI2CSlaveMode	24	static
../Drivers/BSP/Components/st25dvxxkc/st25dvxxkc.c:2543:9:ST25DVxxKC_WriteI2CSlaveAddress	24	static
../Drivers/BSP/Components/st25dvxxkc/st25dvxxkc.c:2562:9:ST25DVxxKC_ReadI2CSlaveAddress	32	static
