../Drivers/BSP/Components/st25dvxxkc/st25dvxxkc_reg.c:46:9:ST25DVxxKC_ReadReg	32	static
../Drivers/BSP/Components/st25dvxxkc/st25dvxxkc_reg.c:59:9:ST25DVxxKC_WriteReg	32	static
../Drivers/BSP/Components/st25dvxxkc/st25dvxxkc_reg.c:70:9:ST25DVxxKC_GetICREF	16	static
../Drivers/BSP/Components/st25dvxxkc/st25dvxxkc_reg.c:81:9:ST25DVxxKC_GetENDA1	16	static
../Drivers/BSP/Components/st25dvxxkc/st25dvxxkc_reg.c:92:9:ST25DVxxKC_SetENDA1	16	static
../Drivers/BSP/Components/st25dvxxkc/st25dvxxkc_reg.c:103:9:ST25DVxxKC_GetENDA2	16	static
../Drivers/BSP/Components/st25dvxxkc/st25dvxxkc_reg.c:114:9:ST25DVxxKC_SetENDA2	16	static
../Drivers/BSP/Components/st25dvxxkc/st25dvxxkc_reg.c:125:9:ST25DVxxKC_GetENDA3	16	static
../Drivers/BSP/Components/st25dvxxkc/st25dvxxkc_reg.c:136:9:ST25DVxxKC_SetENDA3	16	static
../Drivers/BSP/Components/st25dvxxkc/st25dvxxkc_reg.c:147:9:ST25DVxxKC_GetDSFID	16	static
../Drivers/BSP/Components/st25dvxxkc/st25dvxxkc_reg.c:158:9:ST25DVxxKC_GetAFI	16	static
../Drivers/BSP/Components/st25dvxxkc/st25dvxxkc_reg.c:169:9:ST25DVxxKC_GetMEM_SIZE_MSB	16	static
../Drivers/BSP/Components/st25dvxxkc/st25dvxxkc_reg.c:180:9:ST25DVxxKC_GetBLK_SIZE	16	static
../Drivers/BSP/Components/st25dvxxkc/st25dvxxkc_reg.c:191:9:ST25DVxxKC_GetMEM_SIZE_LSB	16	static
../Drivers/BSP/Components/st25dvxxkc/st25dvxxkc_reg.c:202:9:ST25DVxxKC_GetICREV	16	static
../Drivers/BSP/Components/st25dvxxkc/st25dvxxkc_reg.c:213:9:ST25DVxxKC_GetUID	16	static
../Drivers/BSP/Components/st25dvxxkc/st25dvxxkc_reg.c:224:9:ST25DVxxKC_GetI2CPASSWD	16	static
../Drivers/BSP/Components/st25dvxxkc/st25dvxxkc_reg.c:235:9:ST25DVxxKC_SetI2CPASSWD	16	static
../Drivers/BSP/Components/st25dvxxkc/st25dvxxkc_reg.c:246:9:ST25DVxxKC_GetLOCKDSFID	16	static
../Drivers/BSP/Components/st25dvxxkc/st25dvxxkc_reg.c:257:9:ST25DVxxKC_GetLOCKAFI	16	static
../Drivers/BSP/Components/st25dvxxkc/st25dvxxkc_reg.c:268:9:ST25DVxxKC_GetFTM_MBMODE	24	static
../Drivers/BSP/Components/st25dvxxkc/st25dvxxkc_reg.c:288:9:ST25DVxxKC_SetFTM_MBMODE	24	static
../Drivers/BSP/Components/st25dvxxkc/st25dvxxkc_reg.c:311:9:ST25DVxxKC_GetFTM_MBWDG	24	static
../Drivers/BSP/Components/st25dvxxkc/st25dvxxkc_reg.c:331:9:ST25DVxxKC_SetFTM_MBWDG	24	static
../Drivers/BSP/Components/st25dvxxkc/st25dvxxkc_reg.c:354:9:ST25DVxxKC_GetMBLEN_DYN_MBLEN	16	static
../Drivers/BSP/Components/st25dvxxkc/st25dvxxkc_reg.c:365:9:ST25DVxxKC_GetMB_CTRL_DYN_MBEN	24	static
../Drivers/BSP/Components/st25dvxxkc/st25dvxxkc_reg.c:385:9:ST25DVxxKC_SetMB_CTRL_DYN_MBEN	24	static
../Drivers/BSP/Components/st25dvxxkc/st25dvxxkc_reg.c:408:9:ST25DVxxKC_GetMB_CTRL_DYN_HOSTPUTMSG	24	static
../Drivers/BSP/Components/st25dvxxkc/st25dvxxkc_reg.c:428:9:ST25DVxxKC_GetMB_CTRL_DYN_RFPUTMSG	24	static
../Drivers/BSP/Components/st25dvxxkc/st25dvxxkc_reg.c:448:9:ST25DVxxKC_GetMB_CTRL_DYN_STRESERVED	24	static
../Drivers/BSP/Components/st25dvxxkc/st25dvxxkc_reg.c:468:9:ST25DVxxKC_GetMB_CTRL_DYN_HOSTMISSMSG	24	static
../Drivers/BSP/Components/st25dvxxkc/st25dvxxkc_reg.c:488:9:ST25DVxxKC_GetMB_CTRL_DYN_RFMISSMSG	24	static
../Drivers/BSP/Components/st25dvxxkc/st25dvxxkc_reg.c:508:9:ST25DVxxKC_GetMB_CTRL_DYN_CURRENTMSG	24	static
../Drivers/BSP/Components/st25dvxxkc/st25dvxxkc_reg.c:528:9:ST25DVxxKC_GetMB_CTRL_DYN_ALL	16	static
../Drivers/BSP/Components/st25dvxxkc/st25dvxxkc_reg.c:539:9:ST25DVxxKC_GetI2CCFG_DEVICECODE	24	static
../Drivers/BSP/Components/st25dvxxkc/st25dvxxkc_reg.c:559:9:ST25DVxxKC_SetI2CCFG_DEVICECODE	24	static
../Drivers/BSP/Components/st25dvxxkc/st25dvxxkc_reg.c:582:9:ST25DVxxKC_GetI2CCFG_E0	24	static
../Drivers/BSP/Components/st25dvxxkc/st25dvxxkc_reg.c:602:9:ST25DVxxKC_SetI2CCFG_E0	24	static
../Drivers/BSP/Components/st25dvxxkc/st25dvxxkc_reg.c:625:9:ST25DVxxKC_GetI2CCFG_RFSWITCHOFF	24	static
../Drivers/BSP/Components/st25dvxxkc/st25dvxxkc_reg.c:645:9:ST25DVxxKC_SetI2CCFG_RFSWITCHOFF	24	static
../Drivers/BSP/Components/st25dvxxkc/st25dvxxkc_reg.c:668:9:ST25DVxxKC_GetGPO1_ENABLE	24	static
../Drivers/BSP/Components/st25dvxxkc/st25dvxxkc_reg.c:688:9:ST25DVxxKC_SetGPO1_ENABLE	24	static
../Drivers/BSP/Components/st25dvxxkc/st25dvxxkc_reg.c:711:9:ST25DVxxKC_GetGPO1_RFUSERSTATE	24	static
../Drivers/BSP/Components/st25dvxxkc/st25dvxxkc_reg.c:731:9:ST25DVxxKC_SetGPO1_RFUSERSTATE	24	static
../Drivers/BSP/Components/st25dvxxkc/st25dvxxkc_reg.c:754:9:ST25DVxxKC_GetGPO1_RFACTIVITY	24	static
../Drivers/BSP/Components/st25dvxxkc/st25dvxxkc_reg.c:774:9:ST25DVxxKC_SetGPO1_RFACTIVITY	24	static
../Drivers/BSP/Components/st25dvxxkc/st25dvxxkc_reg.c:797:9:ST25DVxxKC_GetGPO1_RFINTERRUPT	24	static
../Drivers/BSP/Components/st25dvxxkc/st25dvxxkc_reg.c:817:9:ST25DVxxKC_SetGPO1_RFINTERRUPT	24	static
../Drivers/BSP/Components/st25dvxxkc/st25dvxxkc_reg.c:840:9:ST25DVxxKC_GetGPO1_FIELDCHANGE	24	static
../Drivers/BSP/Components/st25dvxxkc/st25dvxxkc_reg.c:860:9:ST25DVxxKC_SetGPO1_FIELDCHANGE	24	static
../Drivers/BSP/Components/st25dvxxkc/st25dvxxkc_reg.c:883:9:ST25DVxxKC_GetGPO1_RFPUTMSG	24	static
../Drivers/BSP/Components/st25dvxxkc/st25dvxxkc_reg.c:903:9:ST25DVxxKC_SetGPO1_RFPUTMSG	24	static
../Drivers/BSP/Components/st25dvxxkc/st25dvxxkc_reg.c:926:9:ST25DVxxKC_GetGPO1_RFGETMSG	24	static
../Drivers/BSP/Components/st25dvxxkc/st25dvxxkc_reg.c:946:9:ST25DVxxKC_SetGPO1_RFGETMSG	24	static
../Drivers/BSP/Components/st25dvxxkc/st25dvxxkc_reg.c:969:9:ST25DVxxKC_GetGPO1_RFWRITE	24	static
../Drivers/BSP/Components/st25dvxxkc/st25dvxxkc_reg.c:989:9:ST25DVxxKC_SetGPO1_RFWRITE	24	static
../Drivers/BSP/Components/st25dvxxkc/st25dvxxkc_reg.c:1012:9:ST25DVxxKC_GetGPO1_ALL	16	static
../Drivers/BSP/Components/st25dvxxkc/st25dvxxkc_reg.c:1023:9:ST25DVxxKC_SetGPO1_ALL	16	static
../Drivers/BSP/Components/st25dvxxkc/st25dvxxkc_reg.c:1034:9:ST25DVxxKC_GetGPO2_I2CWRITEENABLE	24	static
../Drivers/BSP/Components/st25dvxxkc/st25dvxxkc_reg.c:1054:9:ST25DVxxKC_SetGPO2_I2CWRITEENABLE	24	static
../Drivers/BSP/Components/st25dvxxkc/st25dvxxkc_reg.c:1077:9:ST25DVxxKC_GetGPO2_RFOFF	24	static
../Drivers/BSP/Components/st25dvxxkc/st25dvxxkc_reg.c:1097:9:ST25DVxxKC_SetGPO2_RFOFF	24	static
../Drivers/BSP/Components/st25dvxxkc/st25dvxxkc_reg.c:1120:9:ST25DVxxKC_GetGPO2_ITTIME	24	static
../Drivers/BSP/Components/st25dvxxkc/st25dvxxkc_reg.c:1140:9:ST25DVxxKC_SetGPO2_ITTIME	24	static
../Drivers/BSP/Components/st25dvxxkc/st25dvxxkc_reg.c:1163:9:ST25DVxxKC_GetGPO2_ALL	24	static
../Drivers/BSP/Components/st25dvxxkc/st25dvxxkc_reg.c:1183:9:ST25DVxxKC_SetGPO2_ALL	24	static
../Drivers/BSP/Components/st25dvxxkc/st25dvxxkc_reg.c:1206:9:ST25DVxxKC_GetGPO_DYN_ENABLE	24	static
../Drivers/BSP/Components/st25dvxxkc/st25dvxxkc_reg.c:1226:9:ST25DVxxKC_SetGPO_DYN_ENABLE	24	static
../Drivers/BSP/Components/st25dvxxkc/st25dvxxkc_reg.c:1249:9:ST25DVxxKC_GetGPO_DYN_ALL	24	static
../Drivers/BSP/Components/st25dvxxkc/st25dvxxkc_reg.c:1269:9:ST25DVxxKC_SetGPO_DYN_ALL	24	static
../Drivers/BSP/Components/st25dvxxkc/st25dvxxkc_reg.c:1292:9:ST25DVxxKC_GetITTIME_DELAY	16	static
../Drivers/BSP/Components/st25dvxxkc/st25dvxxkc_reg.c:1303:9:ST25DVxxKC_SetITTIME_DELAY	16	static
../Drivers/BSP/Components/st25dvxxkc/st25dvxxkc_reg.c:1314:9:ST25DVxxKC_GetITSTS_DYN_RFUSERSTATE	24	static
../Drivers/BSP/Components/st25dvxxkc/st25dvxxkc_reg.c:1334:9:ST25DVxxKC_GetITSTS_DYN_RFACTIVITY	24	static
../Drivers/BSP/Components/st25dvxxkc/st25dvxxkc_reg.c:1354:9:ST25DVxxKC_GetITSTS_DYN_RFINTERRUPT	24	static
../Drivers/BSP/Components/st25dvxxkc/st25dvxxkc_reg.c:1374:9:ST25DVxxKC_GetITSTS_DYN_FIELDFALLING	24	static
../Drivers/BSP/Components/st25dvxxkc/st25dvxxkc_reg.c:1394:9:ST25DVxxKC_GetITSTS_DYN_FIELDRISING	24	static
../Drivers/BSP/Components/st25dvxxkc/st25dvxxkc_reg.c:1414:9:ST25DVxxKC_GetITSTS_DYN_RFPUTMSG	24	static
../Drivers/BSP/Components/st25dvxxkc/st25dvxxkc_reg.c:1434:9:ST25DVxxKC_GetITSTS_DYN_RFGETMSG	24	static
../Drivers/BSP/Components/st25dvxxkc/st25dvxxkc_reg.c:1454:9:ST25DVxxKC_GetITSTS_DYN_RFWRITE	24	static
../Drivers/BSP/Components/st25dvxxkc/st25dvxxkc_reg.c:1474:9:ST25DVxxKC_GetITSTS_DYN_ALL	16	static
../Drivers/BSP/Components/st25dvxxkc/st25dvxxkc_reg.c:1485:9:ST25DVxxKC_GetEH_MODE	24	static
../Drivers/BSP/Components/st25dvxxkc/st25dvxxkc_reg.c:1505:9:ST25DVxxKC_SetEH_MODE	24	static
../Drivers/BSP/Components/st25dvxxkc/st25dvxxkc_reg.c:1528:9:ST25DVxxKC_GetEH_CTRL_DYN_EH_EN	24	static
../Drivers/BSP/Components/st25dvxxkc/st25dvxxkc_reg.c:1548:9:ST25DVxxKC_SetEH_CTRL_DYN_EH_EN	24	static
../Drivers/BSP/Components/st25dvxxkc/st25dvxxkc_reg.c:1571:9:ST25DVxxKC_GetEH_CTRL_DYN_EH_ON	24	static
../Drivers/BSP/Components/st25dvxxkc/st25dvxxkc_reg.c:1591:9:ST25DVxxKC_GetEH_CTRL_DYN_FIELD_ON	24	static
../Drivers/BSP/Components/st25dvxxkc/st25dvxxkc_reg.c:1611:9:ST25DVxxKC_GetEH_CTRL_DYN_VCC_ON	24	static
../Drivers/BSP/Components/st25dvxxkc/st25dvxxkc_reg.c:1631:9:ST25DVxxKC_GetEH_CTRL_DYN_ALL	24	static
../Drivers/BSP/Components/st25dvxxkc/st25dvxxkc_reg.c:1651:9:ST25DVxxKC_GetRF_MNGT_RFDIS	24	static
../Drivers/BSP/Components/st25dvxxkc/st25dvxxkc_reg.c:1671:9:ST25DVxxKC_SetRF_MNGT_RFDIS	24	static
../Drivers/BSP/Components/st25dvxxkc/st25dvxxkc_reg.c:1694:9:ST25DVxxKC_GetRF_MNGT_RFSLEEP	24	static
../Drivers/BSP/Components/st25dvxxkc/st25dvxxkc_reg.c:1714:9:ST25DVxxKC_SetRF_MNGT_RFSLEEP	24	static
../Drivers/BSP/Components/st25dvxxkc/st25dvxxkc_reg.c:1737:9:ST25DVxxKC_GetRF_MNGT_ALL	24	static
../Drivers/BSP/Components/st25dvxxkc/st25dvxxkc_reg.c:1757:9:ST25DVxxKC_SetRF_MNGT_ALL	24	static
../Drivers/BSP/Components/st25dvxxkc/st25dvxxkc_reg.c:1780:9:ST25DVxxKC_GetRF_MNGT_DYN_RFDIS	24	static
../Drivers/BSP/Components/st25dvxxkc/st25dvxxkc_reg.c:1800:9:ST25DVxxKC_SetRF_MNGT_DYN_RFDIS	24	static
../Drivers/BSP/Components/st25dvxxkc/st25dvxxkc_reg.c:1823:9:ST25DVxxKC_GetRF_MNGT_DYN_RFSLEEP	24	static
../Drivers/BSP/Components/st25dvxxkc/st25dvxxkc_reg.c:1843:9:ST25DVxxKC_SetRF_MNGT_DYN_RFSLEEP	24	static
../Drivers/BSP/Components/st25dvxxkc/st25dvxxkc_reg.c:1866:9:ST25DVxxKC_GetRF_MNGT_DYN_RFOFF	24	static
../Drivers/BSP/Components/st25dvxxkc/st25dvxxkc_reg.c:1886:9:ST25DVxxKC_SetRF_MNGT_DYN_RFOFF	24	static
../Drivers/BSP/Components/st25dvxxkc/st25dvxxkc_reg.c:1909:9:ST25DVxxKC_GetRF_MNGT_DYN_ALL	24	static
../Drivers/BSP/Components/st25dvxxkc/st25dvxxkc_reg.c:1929:9:ST25DVxxKC_SetRF_MNGT_DYN_ALL	24	static
../Drivers/BSP/Components/st25dvxxkc/st25dvxxkc_reg.c:1952:9:ST25DVxxKC_GetRFA1SS_PWDCTRL	24	static
../Drivers/BSP/Components/st25dvxxkc/st25dvxxkc_reg.c:1972:9:ST25DVxxKC_SetRFA1SS_PWDCTRL	24	static
../Drivers/BSP/Components/st25dvxxkc/st25dvxxkc_reg.c:1995:9:ST25DVxxKC_GetRFA1SS_RWPROT	24	static
../Drivers/BSP/Components/st25dvxxkc/st25dvxxkc_reg.c:2015:9:ST25DVxxKC_SetRFA1SS_RWPROT	24	static
../Drivers/BSP/Components/st25dvxxkc/st25dvxxkc_reg.c:2038:9:ST25DVxxKC_GetRFA1SS_ALL	24	static
../Drivers/BSP/Components/st25dvxxkc/st25dvxxkc_reg.c:2058:9:ST25DVxxKC_SetRFA1SS_ALL	24	static
../Drivers/BSP/Components/st25dvxxkc/st25dvxxkc_reg.c:2081:9:ST25DVxxKC_GetRFA2SS_PWDCTRL	24	static
../Drivers/BSP/Components/st25dvxxkc/st25dvxxkc_reg.c:2101:9:ST25DVxxKC_SetRFA2SS_PWDCTRL	24	static
../Drivers/BSP/Components/st25dvxxkc/st25dvxxkc_reg.c:2124:9:ST25DVxxKC_GetRFA2SS_RWPROT	24	static
../Drivers/BSP/Components/st25dvxxkc/st25dvxxkc_reg.c:2144:9:ST25DVxxKC_SetRFA2SS_RWPROT	24	static
../Drivers/BSP/Components/st25dvxxkc/st25dvxxkc_reg.c:2167:9:ST25DVxxKC_GetRFA2SS_ALL	24	static
../Drivers/BSP/Components/st25dvxxkc/st25dvxxkc_reg.c:2187:9:ST25DVxxKC_SetRFA2SS_ALL	24	static
../Drivers/BSP/Components/st25dvxxkc/st25dvxxkc_reg.c:2210:9:ST25DVxxKC_GetRFA3SS_PWDCTRL	24	static
../Drivers/BSP/Components/st25dvxxkc/st25dvxxkc_reg.c:2230:9:ST25DVxxKC_SetRFA3SS_PWDCTRL	24	static
../Drivers/BSP/Components/st25dvxxkc/st25dvxxkc_reg.c:2253:9:ST25DVxxKC_GetRFA3SS_RWPROT	24	static
../Drivers/BSP/Components/st25dvxxkc/st25dvxxkc_reg.c:2273:9:ST25DVxxKC_SetRFA3SS_RWPROT	24	static
../Drivers/BSP/Components/st25dvxxkc/st25dvxxkc_reg.c:2296:9:ST25DVxxKC_GetRFA3SS_ALL	24	static
../Drivers/BSP/Components/st25dvxxkc/st25dvxxkc_reg.c:2316:9:ST25DVxxKC_SetRFA3SS_ALL	24	static
../Drivers/BSP/Components/st25dvxxkc/st25dvxxkc_reg.c:2339:9:ST25DVxxKC_GetRFA4SS_PWDCTRL	24	static
../Drivers/BSP/Components/st25dvxxkc/st25dvxxkc_reg.c:2359:9:ST25DVxxKC_SetRFA4SS_PWDCTRL	24	static
../Drivers/BSP/Components/st25dvxxkc/st25dvxxkc_reg.c:2382:9:ST25DVxxKC_GetRFA4SS_RWPROT	24	static
../Drivers/BSP/Components/st25dvxxkc/st25dvxxkc_reg.c:2402:9:ST25DVxxKC_SetRFA4SS_RWPROT	24	static
../Drivers/BSP/Components/st25dvxxkc/st25dvxxkc_reg.c:2425:9:ST25DVxxKC_GetRFA4SS_ALL	24	static
../Drivers/BSP/Components/st25dvxxkc/st25dvxxkc_reg.c:2445:9:ST25DVxxKC_SetRFA4SS_ALL	24	static
../Drivers/BSP/Components/st25dvxxkc/st25dvxxkc_reg.c:2468:9:ST25DVxxKC_GetI2CSS_PZ1	24	static
../Drivers/BSP/Components/st25dvxxkc/st25dvxxkc_reg.c:2488:9:ST25DVxxKC_SetI2CSS_PZ1	24	static
../Drivers/BSP/Components/st25dvxxkc/st25dvxxkc_reg.c:2511:9:ST25DVxxKC_GetI2CSS_PZ2	24	static
../Drivers/BSP/Components/st25dvxxkc/st25dvxxkc_reg.c:2531:9:ST25DVxxKC_SetI2CSS_PZ2	24	static
../Drivers/BSP/Components/st25dvxxkc/st25dvxxkc_reg.c:2554:9:ST25DVxxKC_GetI2CSS_PZ3	24	static
../Drivers/BSP/Components/st25dvxxkc/st25dvxxkc_reg.c:2574:9:ST25DVxxKC_SetI2CSS_PZ3	24	static
../Drivers/BSP/Components/st25dvxxkc/st25dvxxkc_reg.c:2597:9:ST25DVxxKC_GetI2CSS_PZ4	24	static
../Drivers/BSP/Components/st25dvxxkc/st25dvxxkc_reg.c:2617:9:ST25DVxxKC_SetI2CSS_PZ4	24	static
../Drivers/BSP/Components/st25dvxxkc/st25dvxxkc_reg.c:2640:9:ST25DVxxKC_GetI2CSS_ALL	16	static
../Drivers/BSP/Components/st25dvxxkc/st25dvxxkc_reg.c:2651:9:ST25DVxxKC_SetI2CSS_ALL	16	static
../Drivers/BSP/Components/st25dvxxkc/st25dvxxkc_reg.c:2662:9:ST25DVxxKC_GetLOCKCCFILE_BLCK0	24	static
../Drivers/BSP/Components/st25dvxxkc/st25dvxxkc_reg.c:2682:9:ST25DVxxKC_SetLOCKCCFILE_BLCK0	24	static
../Drivers/BSP/Components/st25dvxxkc/st25dvxxkc_reg.c:2705:9:ST25DVxxKC_GetLOCKCCFILE_BLCK1	24	static
../Drivers/BSP/Components/st25dvxxkc/st25dvxxkc_reg.c:2725:9:ST25DVxxKC_SetLOCKCCFILE_BLCK1	24	static
../Drivers/BSP/Components/st25dvxxkc/st25dvxxkc_reg.c:2748:9:ST25DVxxKC_GetLOCKCCFILE_ALL	24	static
../Drivers/BSP/Components/st25dvxxkc/st25dvxxkc_reg.c:2768:9:ST25DVxxKC_SetLOCKCCFILE_ALL	24	static
../Drivers/BSP/Components/st25dvxxkc/st25dvxxkc_reg.c:2791:9:ST25DVxxKC_GetLOCKCFG_B0	24	static
../Drivers/BSP/Components/st25dvxxkc/st25dvxxkc_reg.c:2811:9:ST25DVxxKC_SetLOCKCFG_B0	24	static
../Drivers/BSP/Components/st25dvxxkc/st25dvxxkc_reg.c:2834:9:ST25DVxxKC_GetI2C_SSO_DYN_I2CSSO	24	static
