../Drivers/CMSIS/Include/core_cm33.h:3212:26:ITM_SendChar	16	static,ignoring_inline_asm
../Core/Src/main.c:83:5:main	56	static
../Core/Src/main.c:229:13:InitMemsSensors	32	static
../Core/Src/main.c:340:6:SystemClock_Config	328	static
../Core/Src/main.c:431:13:MX_ICACHE_Init	8	static
../Core/Src/main.c:469:6:HAL_TIM_PeriodElapsedCallback	16	static
../Core/Src/main.c:488:6:Error_Handler	4	static,ignoring_inline_asm
../Core/Src/main.c:502:27:BSP_CheckFinishGood	16	static
../Core/Src/main.c:541:5:_write	32	static
