../Core/Src/stm32u5xx_hal_msp.c:76:6:HAL_MspInit	16	static
../Core/Src/stm32u5xx_hal_msp.c:100:6:HAL_MDF_MspInit	352	static
../Core/Src/stm32u5xx_hal_msp.c:214:6:HAL_MDF_MspDeInit	16	static
../Core/Src/stm32u5xx_hal_msp.c:245:6:HAL_I2C_MspInit	272	static
../Core/Src/stm32u5xx_hal_msp.c:461:6:HAL_I2C_MspDeInit	16	static
../Core/Src/stm32u5xx_hal_msp.c:565:6:HAL_RNG_MspInit	224	static
../Core/Src/stm32u5xx_hal_msp.c:599:6:HAL_RNG_MspDeInit	16	static
../Core/Src/stm32u5xx_hal_msp.c:621:6:HAL_RTC_MspInit	224	static
../Core/Src/stm32u5xx_hal_msp.c:657:6:HAL_RTC_MspDeInit	16	static
../Core/Src/stm32u5xx_hal_msp.c:681:6:HAL_SD_MspInit	256	static
../Core/Src/stm32u5xx_hal_msp.c:762:6:HAL_SD_MspDeInit	16	static
../Core/Src/stm32u5xx_hal_msp.c:804:6:HAL_SPI_MspInit	272	static
../Core/Src/stm32u5xx_hal_msp.c:1009:6:HAL_SPI_MspDeInit	16	static
../Core/Src/stm32u5xx_hal_msp.c:1085:6:HAL_TIM_Base_MspInit	24	static
../Core/Src/stm32u5xx_hal_msp.c:1108:6:HAL_TIM_Base_MspDeInit	16	static
../Core/Src/stm32u5xx_hal_msp.c:1130:6:HAL_UART_MspInit	256	static
../Core/Src/stm32u5xx_hal_msp.c:1211:6:HAL_UART_MspDeInit	16	static
../Core/Src/stm32u5xx_hal_msp.c:1258:6:HAL_PCD_MspInit	256	static
../Core/Src/stm32u5xx_hal_msp.c:1317:6:HAL_PCD_MspDeInit	16	static
../Core/Src/stm32u5xx_hal_msp.c:1342:6:HAL_SAI_MspInit	248	static
../Core/Src/stm32u5xx_hal_msp.c:1390:6:HAL_SAI_MspDeInit	16	static
