../Drivers/BSP/Components/lsm6dsv16x/lsm6dsv16x_reg.c:48:16:lsm6dsv16x_read_reg	40	static
../Drivers/BSP/Components/lsm6dsv16x/lsm6dsv16x_reg.c:69:16:lsm6dsv16x_write_reg	40	static
../Drivers/BSP/Components/lsm6dsv16x/lsm6dsv16x_reg.c:92:13:bytecpy	16	static
../Drivers/BSP/Components/lsm6dsv16x/lsm6dsv16x_reg.c:111:9:lsm6dsv16x_from_sflp_to_mg	16	static
../Drivers/BSP/Components/lsm6dsv16x/lsm6dsv16x_reg.c:116:9:lsm6dsv16x_from_fs2_to_mg	16	static
../Drivers/BSP/Components/lsm6dsv16x/lsm6dsv16x_reg.c:121:9:lsm6dsv16x_from_fs4_to_mg	16	static
../Drivers/BSP/Components/lsm6dsv16x/lsm6dsv16x_reg.c:126:9:lsm6dsv16x_from_fs8_to_mg	16	static
../Drivers/BSP/Components/lsm6dsv16x/lsm6dsv16x_reg.c:131:9:lsm6dsv16x_from_fs16_to_mg	16	static
../Drivers/BSP/Components/lsm6dsv16x/lsm6dsv16x_reg.c:136:9:lsm6dsv16x_from_fs125_to_mdps	16	static
../Drivers/BSP/Components/lsm6dsv16x/lsm6dsv16x_reg.c:141:9:lsm6dsv16x_from_fs250_to_mdps	16	static
../Drivers/BSP/Components/lsm6dsv16x/lsm6dsv16x_reg.c:146:9:lsm6dsv16x_from_fs500_to_mdps	16	static
../Drivers/BSP/Components/lsm6dsv16x/lsm6dsv16x_reg.c:151:9:lsm6dsv16x_from_fs1000_to_mdps	16	static
../Drivers/BSP/Components/lsm6dsv16x/lsm6dsv16x_reg.c:156:9:lsm6dsv16x_from_fs2000_to_mdps	16	static
../Drivers/BSP/Components/lsm6dsv16x/lsm6dsv16x_reg.c:161:9:lsm6dsv16x_from_fs4000_to_mdps	16	static
../Drivers/BSP/Components/lsm6dsv16x/lsm6dsv16x_reg.c:166:9:lsm6dsv16x_from_lsb_to_celsius	16	static
../Drivers/BSP/Components/lsm6dsv16x/lsm6dsv16x_reg.c:171:9:lsm6dsv16x_from_lsb_to_nsec	16	static
../Drivers/BSP/Components/lsm6dsv16x/lsm6dsv16x_reg.c:176:9:lsm6dsv16x_from_lsb_to_mv	16	static
../Drivers/BSP/Components/lsm6dsv16x/lsm6dsv16x_reg.c:202:9:lsm6dsv16x_xl_offset_on_out_set	24	static
../Drivers/BSP/Components/lsm6dsv16x/lsm6dsv16x_reg.c:225:9:lsm6dsv16x_xl_offset_on_out_get	24	static
../Drivers/BSP/Components/lsm6dsv16x/lsm6dsv16x_reg.c:244:9:lsm6dsv16x_xl_offset_mg_set	56	static
../Drivers/BSP/Components/lsm6dsv16x/lsm6dsv16x_reg.c:314:9:lsm6dsv16x_xl_offset_mg_get	40	static
../Drivers/BSP/Components/lsm6dsv16x/lsm6dsv16x_reg.c:358:9:lsm6dsv16x_reset_set	32	static
../Drivers/BSP/Components/lsm6dsv16x/lsm6dsv16x_reg.c:386:9:lsm6dsv16x_reset_get	32	static
../Drivers/BSP/Components/lsm6dsv16x/lsm6dsv16x_reg.c:430:9:lsm6dsv16x_mem_bank_set	24	static
../Drivers/BSP/Components/lsm6dsv16x/lsm6dsv16x_reg.c:453:9:lsm6dsv16x_mem_bank_get	24	static
../Drivers/BSP/Components/lsm6dsv16x/lsm6dsv16x_reg.c:492:9:lsm6dsv16x_device_id_get	24	static
../Drivers/BSP/Components/lsm6dsv16x/lsm6dsv16x_reg.c:509:9:lsm6dsv16x_xl_data_rate_set	32	static
../Drivers/BSP/Components/lsm6dsv16x/lsm6dsv16x_reg.c:543:9:lsm6dsv16x_xl_data_rate_get	32	static
../Drivers/BSP/Components/lsm6dsv16x/lsm6dsv16x_reg.c:737:9:lsm6dsv16x_xl_mode_set	24	static
../Drivers/BSP/Components/lsm6dsv16x/lsm6dsv16x_reg.c:761:9:lsm6dsv16x_xl_mode_get	24	static
../Drivers/BSP/Components/lsm6dsv16x/lsm6dsv16x_reg.c:815:9:lsm6dsv16x_gy_data_rate_set	32	static
../Drivers/BSP/Components/lsm6dsv16x/lsm6dsv16x_reg.c:847:9:lsm6dsv16x_gy_data_rate_get	32	static
../Drivers/BSP/Components/lsm6dsv16x/lsm6dsv16x_reg.c:1041:9:lsm6dsv16x_gy_mode_set	24	static
../Drivers/BSP/Components/lsm6dsv16x/lsm6dsv16x_reg.c:1064:9:lsm6dsv16x_gy_mode_get	24	static
../Drivers/BSP/Components/lsm6dsv16x/lsm6dsv16x_reg.c:1106:9:lsm6dsv16x_auto_increment_set	24	static
../Drivers/BSP/Components/lsm6dsv16x/lsm6dsv16x_reg.c:1129:9:lsm6dsv16x_auto_increment_get	24	static
../Drivers/BSP/Components/lsm6dsv16x/lsm6dsv16x_reg.c:1148:9:lsm6dsv16x_block_data_update_set	24	static
../Drivers/BSP/Components/lsm6dsv16x/lsm6dsv16x_reg.c:1172:9:lsm6dsv16x_block_data_update_get	24	static
../Drivers/BSP/Components/lsm6dsv16x/lsm6dsv16x_reg.c:1191:9:lsm6dsv16x_odr_trig_cfg_set	24	static
../Drivers/BSP/Components/lsm6dsv16x/lsm6dsv16x_reg.c:1219:9:lsm6dsv16x_odr_trig_cfg_get	24	static
../Drivers/BSP/Components/lsm6dsv16x/lsm6dsv16x_reg.c:1238:9:lsm6dsv16x_data_ready_mode_set	24	static
../Drivers/BSP/Components/lsm6dsv16x/lsm6dsv16x_reg.c:1263:9:lsm6dsv16x_data_ready_mode_get	24	static
../Drivers/BSP/Components/lsm6dsv16x/lsm6dsv16x_reg.c:1297:9:lsm6dsv16x_interrupt_enable_set	32	static
../Drivers/BSP/Components/lsm6dsv16x/lsm6dsv16x_reg.c:1324:9:lsm6dsv16x_interrupt_enable_get	32	static
../Drivers/BSP/Components/lsm6dsv16x/lsm6dsv16x_reg.c:1349:9:lsm6dsv16x_gy_full_scale_set	24	static
../Drivers/BSP/Components/lsm6dsv16x/lsm6dsv16x_reg.c:1374:9:lsm6dsv16x_gy_full_scale_get	24	static
../Drivers/BSP/Components/lsm6dsv16x/lsm6dsv16x_reg.c:1425:9:lsm6dsv16x_xl_full_scale_set	24	static
../Drivers/BSP/Components/lsm6dsv16x/lsm6dsv16x_reg.c:1450:9:lsm6dsv16x_xl_full_scale_get	24	static
../Drivers/BSP/Components/lsm6dsv16x/lsm6dsv16x_reg.c:1493:9:lsm6dsv16x_xl_dual_channel_set	24	static
../Drivers/BSP/Components/lsm6dsv16x/lsm6dsv16x_reg.c:1517:9:lsm6dsv16x_xl_dual_channel_get	24	static
../Drivers/BSP/Components/lsm6dsv16x/lsm6dsv16x_reg.c:1536:9:lsm6dsv16x_xl_self_test_set	24	static
../Drivers/BSP/Components/lsm6dsv16x/lsm6dsv16x_reg.c:1561:9:lsm6dsv16x_xl_self_test_get	24	static
../Drivers/BSP/Components/lsm6dsv16x/lsm6dsv16x_reg.c:1600:9:lsm6dsv16x_gy_self_test_set	24	static
../Drivers/BSP/Components/lsm6dsv16x/lsm6dsv16x_reg.c:1625:9:lsm6dsv16x_gy_self_test_get	24	static
../Drivers/BSP/Components/lsm6dsv16x/lsm6dsv16x_reg.c:1664:9:lsm6dsv16x_ois_xl_self_test_set	24	static
../Drivers/BSP/Components/lsm6dsv16x/lsm6dsv16x_reg.c:1689:9:lsm6dsv16x_ois_xl_self_test_get	24	static
../Drivers/BSP/Components/lsm6dsv16x/lsm6dsv16x_reg.c:1728:9:lsm6dsv16x_ois_gy_self_test_set	24	static
../Drivers/BSP/Components/lsm6dsv16x/lsm6dsv16x_reg.c:1754:9:lsm6dsv16x_ois_gy_self_test_get	24	static
../Drivers/BSP/Components/lsm6dsv16x/lsm6dsv16x_reg.c:1801:9:lsm6dsv16x_pin_int1_route_set	32	static
../Drivers/BSP/Components/lsm6dsv16x/lsm6dsv16x_reg.c:1846:9:lsm6dsv16x_pin_int1_route_get	32	static
../Drivers/BSP/Components/lsm6dsv16x/lsm6dsv16x_reg.c:1886:9:lsm6dsv16x_pin_int2_route_set	32	static
../Drivers/BSP/Components/lsm6dsv16x/lsm6dsv16x_reg.c:1933:9:lsm6dsv16x_pin_int2_route_get	32	static
../Drivers/BSP/Components/lsm6dsv16x/lsm6dsv16x_reg.c:1980:9:lsm6dsv16x_all_sources_get	88	static
../Drivers/BSP/Components/lsm6dsv16x/lsm6dsv16x_reg.c:2115:9:lsm6dsv16x_flag_data_ready_get	24	static
../Drivers/BSP/Components/lsm6dsv16x/lsm6dsv16x_reg.c:2139:9:lsm6dsv16x_int_ack_mask_set	24	static
../Drivers/BSP/Components/lsm6dsv16x/lsm6dsv16x_reg.c:2156:9:lsm6dsv16x_int_ack_mask_get	24	static
../Drivers/BSP/Components/lsm6dsv16x/lsm6dsv16x_reg.c:2173:9:lsm6dsv16x_temperature_raw_get	24	static
../Drivers/BSP/Components/lsm6dsv16x/lsm6dsv16x_reg.c:2195:9:lsm6dsv16x_angular_rate_raw_get	32	static
../Drivers/BSP/Components/lsm6dsv16x/lsm6dsv16x_reg.c:2221:9:lsm6dsv16x_ois_angular_rate_raw_get	32	static
../Drivers/BSP/Components/lsm6dsv16x/lsm6dsv16x_reg.c:2247:9:lsm6dsv16x_ois_eis_angular_rate_raw_get	32	static
../Drivers/BSP/Components/lsm6dsv16x/lsm6dsv16x_reg.c:2273:9:lsm6dsv16x_acceleration_raw_get	32	static
../Drivers/BSP/Components/lsm6dsv16x/lsm6dsv16x_reg.c:2299:9:lsm6dsv16x_dual_acceleration_raw_get	32	static
../Drivers/BSP/Components/lsm6dsv16x/lsm6dsv16x_reg.c:2325:9:lsm6dsv16x_ah_qvar_raw_get	24	static
../Drivers/BSP/Components/lsm6dsv16x/lsm6dsv16x_reg.c:2347:9:lsm6dsv16x_odr_cal_reg_get	24	static
../Drivers/BSP/Components/lsm6dsv16x/lsm6dsv16x_reg.c:2366:9:lsm6dsv16x_ln_pg_write	48	static
../Drivers/BSP/Components/lsm6dsv16x/lsm6dsv16x_reg.c:2456:9:lsm6dsv16x_ln_pg_read	48	static
../Drivers/BSP/Components/lsm6dsv16x/lsm6dsv16x_reg.c:2539:9:lsm6dsv16x_emb_function_dbg_set	24	static
../Drivers/BSP/Components/lsm6dsv16x/lsm6dsv16x_reg.c:2563:9:lsm6dsv16x_emb_function_dbg_get	24	static
../Drivers/BSP/Components/lsm6dsv16x/lsm6dsv16x_reg.c:2597:9:lsm6dsv16x_den_polarity_set	24	static
../Drivers/BSP/Components/lsm6dsv16x/lsm6dsv16x_reg.c:2622:9:lsm6dsv16x_den_polarity_get	24	static
../Drivers/BSP/Components/lsm6dsv16x/lsm6dsv16x_reg.c:2657:9:lsm6dsv16x_den_conf_set	24	static
../Drivers/BSP/Components/lsm6dsv16x/lsm6dsv16x_reg.c:2712:9:lsm6dsv16x_den_conf_get	24	static
../Drivers/BSP/Components/lsm6dsv16x/lsm6dsv16x_reg.c:2786:9:lsm6dsv16x_eis_gy_full_scale_set	24	static
../Drivers/BSP/Components/lsm6dsv16x/lsm6dsv16x_reg.c:2811:9:lsm6dsv16x_eis_gy_full_scale_get	24	static
../Drivers/BSP/Components/lsm6dsv16x/lsm6dsv16x_reg.c:2857:9:lsm6dsv16x_eis_gy_on_spi2_set	24	static
../Drivers/BSP/Components/lsm6dsv16x/lsm6dsv16x_reg.c:2881:9:lsm6dsv16x_eis_gy_on_spi2_get	24	static
../Drivers/BSP/Components/lsm6dsv16x/lsm6dsv16x_reg.c:2900:9:lsm6dsv16x_gy_eis_data_rate_set	24	static
../Drivers/BSP/Components/lsm6dsv16x/lsm6dsv16x_reg.c:2925:9:lsm6dsv16x_gy_eis_data_rate_get	24	static
../Drivers/BSP/Components/lsm6dsv16x/lsm6dsv16x_reg.c:2976:9:lsm6dsv16x_fifo_watermark_set	24	static
../Drivers/BSP/Components/lsm6dsv16x/lsm6dsv16x_reg.c:3000:9:lsm6dsv16x_fifo_watermark_get	24	static
../Drivers/BSP/Components/lsm6dsv16x/lsm6dsv16x_reg.c:3019:9:lsm6dsv16x_fifo_xl_dual_fsm_batch_set	24	static
../Drivers/BSP/Components/lsm6dsv16x/lsm6dsv16x_reg.c:3042:9:lsm6dsv16x_fifo_xl_dual_fsm_batch_get	24	static
../Drivers/BSP/Components/lsm6dsv16x/lsm6dsv16x_reg.c:3061:9:lsm6dsv16x_fifo_compress_algo_set	24	static
../Drivers/BSP/Components/lsm6dsv16x/lsm6dsv16x_reg.c:3085:9:lsm6dsv16x_fifo_compress_algo_get	24	static
../Drivers/BSP/Components/lsm6dsv16x/lsm6dsv16x_reg.c:3127:9:lsm6dsv16x_fifo_virtual_sens_odr_chg_set	24	static
../Drivers/BSP/Components/lsm6dsv16x/lsm6dsv16x_reg.c:3150:9:lsm6dsv16x_fifo_virtual_sens_odr_chg_get	24	static
../Drivers/BSP/Components/lsm6dsv16x/lsm6dsv16x_reg.c:3170:9:lsm6dsv16x_fifo_compress_algo_real_time_set	32	static
../Drivers/BSP/Components/lsm6dsv16x/lsm6dsv16x_reg.c:3202:9:lsm6dsv16x_fifo_compress_algo_real_time_get	24	static
../Drivers/BSP/Components/lsm6dsv16x/lsm6dsv16x_reg.c:3223:9:lsm6dsv16x_fifo_stop_on_wtm_set	24	static
../Drivers/BSP/Components/lsm6dsv16x/lsm6dsv16x_reg.c:3246:9:lsm6dsv16x_fifo_stop_on_wtm_get	24	static
../Drivers/BSP/Components/lsm6dsv16x/lsm6dsv16x_reg.c:3265:9:lsm6dsv16x_fifo_xl_batch_set	24	static
../Drivers/BSP/Components/lsm6dsv16x/lsm6dsv16x_reg.c:3289:9:lsm6dsv16x_fifo_xl_batch_get	24	static
../Drivers/BSP/Components/lsm6dsv16x/lsm6dsv16x_reg.c:3368:9:lsm6dsv16x_fifo_gy_batch_set	24	static
../Drivers/BSP/Components/lsm6dsv16x/lsm6dsv16x_reg.c:3392:9:lsm6dsv16x_fifo_gy_batch_get	24	static
../Drivers/BSP/Components/lsm6dsv16x/lsm6dsv16x_reg.c:3471:9:lsm6dsv16x_fifo_mode_set	24	static
../Drivers/BSP/Components/lsm6dsv16x/lsm6dsv16x_reg.c:3494:9:lsm6dsv16x_fifo_mode_get	24	static
../Drivers/BSP/Components/lsm6dsv16x/lsm6dsv16x_reg.c:3547:9:lsm6dsv16x_fifo_gy_eis_batch_set	24	static
../Drivers/BSP/Components/lsm6dsv16x/lsm6dsv16x_reg.c:3570:9:lsm6dsv16x_fifo_gy_eis_batch_get	24	static
../Drivers/BSP/Components/lsm6dsv16x/lsm6dsv16x_reg.c:3589:9:lsm6dsv16x_fifo_temp_batch_set	24	static
../Drivers/BSP/Components/lsm6dsv16x/lsm6dsv16x_reg.c:3613:9:lsm6dsv16x_fifo_temp_batch_get	24	static
../Drivers/BSP/Components/lsm6dsv16x/lsm6dsv16x_reg.c:3655:9:lsm6dsv16x_fifo_timestamp_batch_set	24	static
../Drivers/BSP/Components/lsm6dsv16x/lsm6dsv16x_reg.c:3679:9:lsm6dsv16x_fifo_timestamp_batch_get	24	static
../Drivers/BSP/Components/lsm6dsv16x/lsm6dsv16x_reg.c:3722:9:lsm6dsv16x_fifo_batch_counter_threshold_set	24	static
../Drivers/BSP/Components/lsm6dsv16x/lsm6dsv16x_reg.c:3743:9:lsm6dsv16x_fifo_batch_counter_threshold_get	24	static
../Drivers/BSP/Components/lsm6dsv16x/lsm6dsv16x_reg.c:3766:9:lsm6dsv16x_fifo_batch_cnt_event_set	24	static
../Drivers/BSP/Components/lsm6dsv16x/lsm6dsv16x_reg.c:3790:9:lsm6dsv16x_fifo_batch_cnt_event_get	24	static
../Drivers/BSP/Components/lsm6dsv16x/lsm6dsv16x_reg.c:3821:9:lsm6dsv16x_fifo_status_get	32	static
../Drivers/BSP/Components/lsm6dsv16x/lsm6dsv16x_reg.c:3860:9:lsm6dsv16x_fifo_out_raw_get	32	static
../Drivers/BSP/Components/lsm6dsv16x/lsm6dsv16x_reg.c:4011:9:lsm6dsv16x_fifo_stpcnt_batch_set	24	static
../Drivers/BSP/Components/lsm6dsv16x/lsm6dsv16x_reg.c:4036:9:lsm6dsv16x_fifo_stpcnt_batch_get	24	static
../Drivers/BSP/Components/lsm6dsv16x/lsm6dsv16x_reg.c:4060:9:lsm6dsv16x_fifo_mlc_batch_set	24	static
../Drivers/BSP/Components/lsm6dsv16x/lsm6dsv16x_reg.c:4085:9:lsm6dsv16x_fifo_mlc_batch_get	24	static
../Drivers/BSP/Components/lsm6dsv16x/lsm6dsv16x_reg.c:4109:9:lsm6dsv16x_fifo_mlc_filt_batch_set	24	static
../Drivers/BSP/Components/lsm6dsv16x/lsm6dsv16x_reg.c:4134:9:lsm6dsv16x_fifo_mlc_filt_batch_get	24	static
../Drivers/BSP/Components/lsm6dsv16x/lsm6dsv16x_reg.c:4158:9:lsm6dsv16x_fifo_sh_batch_slave_set	24	static
../Drivers/BSP/Components/lsm6dsv16x/lsm6dsv16x_reg.c:4183:9:lsm6dsv16x_fifo_sh_batch_slave_get	32	static
../Drivers/BSP/Components/lsm6dsv16x/lsm6dsv16x_reg.c:4207:9:lsm6dsv16x_fifo_sflp_batch_set	24	static
../Drivers/BSP/Components/lsm6dsv16x/lsm6dsv16x_reg.c:4237:9:lsm6dsv16x_fifo_sflp_batch_get	24	static
../Drivers/BSP/Components/lsm6dsv16x/lsm6dsv16x_reg.c:4279:9:lsm6dsv16x_filt_anti_spike_set	24	static
../Drivers/BSP/Components/lsm6dsv16x/lsm6dsv16x_reg.c:4304:9:lsm6dsv16x_filt_anti_spike_get	24	static
../Drivers/BSP/Components/lsm6dsv16x/lsm6dsv16x_reg.c:4339:9:lsm6dsv16x_filt_settling_mask_set	32	static
../Drivers/BSP/Components/lsm6dsv16x/lsm6dsv16x_reg.c:4373:9:lsm6dsv16x_filt_settling_mask_get	32	static
../Drivers/BSP/Components/lsm6dsv16x/lsm6dsv16x_reg.c:4400:9:lsm6dsv16x_filt_ois_settling_mask_set	24	static
../Drivers/BSP/Components/lsm6dsv16x/lsm6dsv16x_reg.c:4425:9:lsm6dsv16x_filt_ois_settling_mask_get	24	static
../Drivers/BSP/Components/lsm6dsv16x/lsm6dsv16x_reg.c:4446:9:lsm6dsv16x_filt_gy_lp1_bandwidth_set	24	static
../Drivers/BSP/Components/lsm6dsv16x/lsm6dsv16x_reg.c:4470:9:lsm6dsv16x_filt_gy_lp1_bandwidth_get	24	static
../Drivers/BSP/Components/lsm6dsv16x/lsm6dsv16x_reg.c:4529:9:lsm6dsv16x_filt_gy_lp1_set	24	static
../Drivers/BSP/Components/lsm6dsv16x/lsm6dsv16x_reg.c:4553:9:lsm6dsv16x_filt_gy_lp1_get	24	static
../Drivers/BSP/Components/lsm6dsv16x/lsm6dsv16x_reg.c:4572:9:lsm6dsv16x_filt_xl_lp2_bandwidth_set	24	static
../Drivers/BSP/Components/lsm6dsv16x/lsm6dsv16x_reg.c:4596:9:lsm6dsv16x_filt_xl_lp2_bandwidth_get	24	static
../Drivers/BSP/Components/lsm6dsv16x/lsm6dsv16x_reg.c:4655:9:lsm6dsv16x_filt_xl_lp2_set	24	static
../Drivers/BSP/Components/lsm6dsv16x/lsm6dsv16x_reg.c:4678:9:lsm6dsv16x_filt_xl_lp2_get	24	static
../Drivers/BSP/Components/lsm6dsv16x/lsm6dsv16x_reg.c:4697:9:lsm6dsv16x_filt_xl_hp_set	24	static
../Drivers/BSP/Components/lsm6dsv16x/lsm6dsv16x_reg.c:4720:9:lsm6dsv16x_filt_xl_hp_get	24	static
../Drivers/BSP/Components/lsm6dsv16x/lsm6dsv16x_reg.c:4739:9:lsm6dsv16x_filt_xl_fast_settling_set	24	static
../Drivers/BSP/Components/lsm6dsv16x/lsm6dsv16x_reg.c:4762:9:lsm6dsv16x_filt_xl_fast_settling_get	24	static
../Drivers/BSP/Components/lsm6dsv16x/lsm6dsv16x_reg.c:4781:9:lsm6dsv16x_filt_xl_hp_mode_set	24	static
../Drivers/BSP/Components/lsm6dsv16x/lsm6dsv16x_reg.c:4805:9:lsm6dsv16x_filt_xl_hp_mode_get	24	static
../Drivers/BSP/Components/lsm6dsv16x/lsm6dsv16x_reg.c:4840:9:lsm6dsv16x_filt_wkup_act_feed_set	32	static
../Drivers/BSP/Components/lsm6dsv16x/lsm6dsv16x_reg.c:4869:9:lsm6dsv16x_filt_wkup_act_feed_get	32	static
../Drivers/BSP/Components/lsm6dsv16x/lsm6dsv16x_reg.c:4910:9:lsm6dsv16x_mask_trigger_xl_settl_set	24	static
../Drivers/BSP/Components/lsm6dsv16x/lsm6dsv16x_reg.c:4934:9:lsm6dsv16x_mask_trigger_xl_settl_get	24	static
../Drivers/BSP/Components/lsm6dsv16x/lsm6dsv16x_reg.c:4953:9:lsm6dsv16x_filt_sixd_feed_set	24	static
../Drivers/BSP/Components/lsm6dsv16x/lsm6dsv16x_reg.c:4978:9:lsm6dsv16x_filt_sixd_feed_get	24	static
../Drivers/BSP/Components/lsm6dsv16x/lsm6dsv16x_reg.c:5013:9:lsm6dsv16x_filt_gy_eis_lp_bandwidth_set	24	static
../Drivers/BSP/Components/lsm6dsv16x/lsm6dsv16x_reg.c:5038:9:lsm6dsv16x_filt_gy_eis_lp_bandwidth_get	24	static
../Drivers/BSP/Components/lsm6dsv16x/lsm6dsv16x_reg.c:5073:9:lsm6dsv16x_filt_gy_ois_lp_bandwidth_set	24	static
../Drivers/BSP/Components/lsm6dsv16x/lsm6dsv16x_reg.c:5098:9:lsm6dsv16x_filt_gy_ois_lp_bandwidth_get	24	static
../Drivers/BSP/Components/lsm6dsv16x/lsm6dsv16x_reg.c:5142:9:lsm6dsv16x_filt_xl_ois_lp_bandwidth_set	24	static
../Drivers/BSP/Components/lsm6dsv16x/lsm6dsv16x_reg.c:5167:9:lsm6dsv16x_filt_xl_ois_lp_bandwidth_get	24	static
../Drivers/BSP/Components/lsm6dsv16x/lsm6dsv16x_reg.c:5239:9:lsm6dsv16x_fsm_permission_set	24	static
../Drivers/BSP/Components/lsm6dsv16x/lsm6dsv16x_reg.c:5264:9:lsm6dsv16x_fsm_permission_get	24	static
../Drivers/BSP/Components/lsm6dsv16x/lsm6dsv16x_reg.c:5299:9:lsm6dsv16x_fsm_permission_status	24	static
../Drivers/BSP/Components/lsm6dsv16x/lsm6dsv16x_reg.c:5319:9:lsm6dsv16x_fsm_mode_set	32	static
../Drivers/BSP/Components/lsm6dsv16x/lsm6dsv16x_reg.c:5368:9:lsm6dsv16x_fsm_mode_get	24	static
../Drivers/BSP/Components/lsm6dsv16x/lsm6dsv16x_reg.c:5398:9:lsm6dsv16x_fsm_long_cnt_set	24	static
../Drivers/BSP/Components/lsm6dsv16x/lsm6dsv16x_reg.c:5421:9:lsm6dsv16x_fsm_long_cnt_get	24	static
../Drivers/BSP/Components/lsm6dsv16x/lsm6dsv16x_reg.c:5445:9:lsm6dsv16x_fsm_out_get	24	static
../Drivers/BSP/Components/lsm6dsv16x/lsm6dsv16x_reg.c:5464:9:lsm6dsv16x_fsm_data_rate_set	24	static
../Drivers/BSP/Components/lsm6dsv16x/lsm6dsv16x_reg.c:5491:9:lsm6dsv16x_fsm_data_rate_get	24	static
../Drivers/BSP/Components/lsm6dsv16x/lsm6dsv16x_reg.c:5548:17:npy_floatbits_to_halfbits	40	static
../Drivers/BSP/Components/lsm6dsv16x/lsm6dsv16x_reg.c:5686:17:npy_float_to_half	24	static
../Drivers/BSP/Components/lsm6dsv16x/lsm6dsv16x_reg.c:5707:9:lsm6dsv16x_sflp_game_gbias_set	80	static
../Drivers/BSP/Components/lsm6dsv16x/lsm6dsv16x_reg.c:5866:9:lsm6dsv16x_fsm_ext_sens_sensitivity_set	24	static
../Drivers/BSP/Components/lsm6dsv16x/lsm6dsv16x_reg.c:5886:9:lsm6dsv16x_fsm_ext_sens_sensitivity_get	24	static
../Drivers/BSP/Components/lsm6dsv16x/lsm6dsv16x_reg.c:5909:9:lsm6dsv16x_fsm_ext_sens_offset_set	40	static
../Drivers/BSP/Components/lsm6dsv16x/lsm6dsv16x_reg.c:5934:9:lsm6dsv16x_fsm_ext_sens_offset_get	32	static
../Drivers/BSP/Components/lsm6dsv16x/lsm6dsv16x_reg.c:5961:9:lsm6dsv16x_fsm_ext_sens_matrix_set	40	static
../Drivers/BSP/Components/lsm6dsv16x/lsm6dsv16x_reg.c:5992:9:lsm6dsv16x_fsm_ext_sens_matrix_get	32	static
../Drivers/BSP/Components/lsm6dsv16x/lsm6dsv16x_reg.c:6025:9:lsm6dsv16x_fsm_ext_sens_z_orient_set	24	static
../Drivers/BSP/Components/lsm6dsv16x/lsm6dsv16x_reg.c:6046:9:lsm6dsv16x_fsm_ext_sens_z_orient_get	24	static
../Drivers/BSP/Components/lsm6dsv16x/lsm6dsv16x_reg.c:6097:9:lsm6dsv16x_fsm_ext_sens_y_orient_set	24	static
../Drivers/BSP/Components/lsm6dsv16x/lsm6dsv16x_reg.c:6121:9:lsm6dsv16x_fsm_ext_sens_y_orient_get	24	static
../Drivers/BSP/Components/lsm6dsv16x/lsm6dsv16x_reg.c:6172:9:lsm6dsv16x_fsm_ext_sens_x_orient_set	24	static
../Drivers/BSP/Components/lsm6dsv16x/lsm6dsv16x_reg.c:6196:9:lsm6dsv16x_fsm_ext_sens_x_orient_get	24	static
../Drivers/BSP/Components/lsm6dsv16x/lsm6dsv16x_reg.c:6247:9:lsm6dsv16x_fsm_long_cnt_timeout_set	24	static
../Drivers/BSP/Components/lsm6dsv16x/lsm6dsv16x_reg.c:6267:9:lsm6dsv16x_fsm_long_cnt_timeout_get	24	static
../Drivers/BSP/Components/lsm6dsv16x/lsm6dsv16x_reg.c:6289:9:lsm6dsv16x_fsm_number_of_programs_set	24	static
../Drivers/BSP/Components/lsm6dsv16x/lsm6dsv16x_reg.c:6312:9:lsm6dsv16x_fsm_number_of_programs_get	24	static
../Drivers/BSP/Components/lsm6dsv16x/lsm6dsv16x_reg.c:6331:9:lsm6dsv16x_fsm_start_address_set	24	static
../Drivers/BSP/Components/lsm6dsv16x/lsm6dsv16x_reg.c:6351:9:lsm6dsv16x_fsm_start_address_get	24	static
../Drivers/BSP/Components/lsm6dsv16x/lsm6dsv16x_reg.c:6386:9:lsm6dsv16x_ff_time_windows_set	32	static
../Drivers/BSP/Components/lsm6dsv16x/lsm6dsv16x_reg.c:6412:9:lsm6dsv16x_ff_time_windows_get	32	static
../Drivers/BSP/Components/lsm6dsv16x/lsm6dsv16x_reg.c:6434:9:lsm6dsv16x_ff_thresholds_set	24	static
../Drivers/BSP/Components/lsm6dsv16x/lsm6dsv16x_reg.c:6458:9:lsm6dsv16x_ff_thresholds_get	24	static
../Drivers/BSP/Components/lsm6dsv16x/lsm6dsv16x_reg.c:6530:9:lsm6dsv16x_mlc_set	32	static
../Drivers/BSP/Components/lsm6dsv16x/lsm6dsv16x_reg.c:6576:9:lsm6dsv16x_mlc_get	32	static
../Drivers/BSP/Components/lsm6dsv16x/lsm6dsv16x_reg.c:6618:9:lsm6dsv16x_mlc_data_rate_set	24	static
../Drivers/BSP/Components/lsm6dsv16x/lsm6dsv16x_reg.c:6645:9:lsm6dsv16x_mlc_data_rate_get	24	static
../Drivers/BSP/Components/lsm6dsv16x/lsm6dsv16x_reg.c:6702:9:lsm6dsv16x_mlc_out_get	24	static
../Drivers/BSP/Components/lsm6dsv16x/lsm6dsv16x_reg.c:6724:9:lsm6dsv16x_mlc_ext_sens_sensitivity_set	24	static
../Drivers/BSP/Components/lsm6dsv16x/lsm6dsv16x_reg.c:6745:9:lsm6dsv16x_mlc_ext_sens_sensitivity_get	24	static
../Drivers/BSP/Components/lsm6dsv16x/lsm6dsv16x_reg.c:6781:9:lsm6dsv16x_ois_ctrl_mode_set	24	static
../Drivers/BSP/Components/lsm6dsv16x/lsm6dsv16x_reg.c:6805:9:lsm6dsv16x_ois_ctrl_mode_get	24	static
../Drivers/BSP/Components/lsm6dsv16x/lsm6dsv16x_reg.c:6840:9:lsm6dsv16x_ois_reset_set	24	static
../Drivers/BSP/Components/lsm6dsv16x/lsm6dsv16x_reg.c:6863:9:lsm6dsv16x_ois_reset_get	24	static
../Drivers/BSP/Components/lsm6dsv16x/lsm6dsv16x_reg.c:6882:9:lsm6dsv16x_ois_interface_pull_up_set	24	static
../Drivers/BSP/Components/lsm6dsv16x/lsm6dsv16x_reg.c:6905:9:lsm6dsv16x_ois_interface_pull_up_get	24	static
../Drivers/BSP/Components/lsm6dsv16x/lsm6dsv16x_reg.c:6924:9:lsm6dsv16x_ois_handshake_from_ui_set	24	static
../Drivers/BSP/Components/lsm6dsv16x/lsm6dsv16x_reg.c:6949:9:lsm6dsv16x_ois_handshake_from_ui_get	24	static
../Drivers/BSP/Components/lsm6dsv16x/lsm6dsv16x_reg.c:6972:9:lsm6dsv16x_ois_handshake_from_ois_set	24	static
../Drivers/BSP/Components/lsm6dsv16x/lsm6dsv16x_reg.c:6997:9:lsm6dsv16x_ois_handshake_from_ois_get	24	static
../Drivers/BSP/Components/lsm6dsv16x/lsm6dsv16x_reg.c:7020:9:lsm6dsv16x_ois_shared_set	24	static
../Drivers/BSP/Components/lsm6dsv16x/lsm6dsv16x_reg.c:7037:9:lsm6dsv16x_ois_shared_get	24	static
../Drivers/BSP/Components/lsm6dsv16x/lsm6dsv16x_reg.c:7054:9:lsm6dsv16x_ois_on_spi2_set	24	static
../Drivers/BSP/Components/lsm6dsv16x/lsm6dsv16x_reg.c:7077:9:lsm6dsv16x_ois_on_spi2_get	24	static
../Drivers/BSP/Components/lsm6dsv16x/lsm6dsv16x_reg.c:7096:9:lsm6dsv16x_ois_chain_set	24	static
../Drivers/BSP/Components/lsm6dsv16x/lsm6dsv16x_reg.c:7120:9:lsm6dsv16x_ois_chain_get	24	static
../Drivers/BSP/Components/lsm6dsv16x/lsm6dsv16x_reg.c:7142:9:lsm6dsv16x_ois_gy_full_scale_set	24	static
../Drivers/BSP/Components/lsm6dsv16x/lsm6dsv16x_reg.c:7166:9:lsm6dsv16x_ois_gy_full_scale_get	24	static
../Drivers/BSP/Components/lsm6dsv16x/lsm6dsv16x_reg.c:7213:9:lsm6dsv16x_ois_xl_full_scale_set	24	static
../Drivers/BSP/Components/lsm6dsv16x/lsm6dsv16x_reg.c:7237:9:lsm6dsv16x_ois_xl_full_scale_get	24	static
../Drivers/BSP/Components/lsm6dsv16x/lsm6dsv16x_reg.c:7293:9:lsm6dsv16x_6d_threshold_set	24	static
../Drivers/BSP/Components/lsm6dsv16x/lsm6dsv16x_reg.c:7317:9:lsm6dsv16x_6d_threshold_get	24	static
../Drivers/BSP/Components/lsm6dsv16x/lsm6dsv16x_reg.c:7360:9:lsm6dsv16x_4d_mode_set	24	static
../Drivers/BSP/Components/lsm6dsv16x/lsm6dsv16x_reg.c:7383:9:lsm6dsv16x_4d_mode_get	24	static
../Drivers/BSP/Components/lsm6dsv16x/lsm6dsv16x_reg.c:7415:9:lsm6dsv16x_ah_qvar_zin_set	24	static
../Drivers/BSP/Components/lsm6dsv16x/lsm6dsv16x_reg.c:7439:9:lsm6dsv16x_ah_qvar_zin_get	24	static
../Drivers/BSP/Components/lsm6dsv16x/lsm6dsv16x_reg.c:7482:9:lsm6dsv16x_ah_qvar_mode_set	24	static
../Drivers/BSP/Components/lsm6dsv16x/lsm6dsv16x_reg.c:7506:9:lsm6dsv16x_ah_qvar_mode_get	24	static
../Drivers/BSP/Components/lsm6dsv16x/lsm6dsv16x_reg.c:7539:9:lsm6dsv16x_i3c_reset_mode_set	24	static
../Drivers/BSP/Components/lsm6dsv16x/lsm6dsv16x_reg.c:7563:9:lsm6dsv16x_i3c_reset_mode_get	24	static
../Drivers/BSP/Components/lsm6dsv16x/lsm6dsv16x_reg.c:7598:9:lsm6dsv16x_i3c_ibi_time_set	24	static
../Drivers/BSP/Components/lsm6dsv16x/lsm6dsv16x_reg.c:7622:9:lsm6dsv16x_i3c_ibi_time_get	24	static
../Drivers/BSP/Components/lsm6dsv16x/lsm6dsv16x_reg.c:7678:9:lsm6dsv16x_sh_master_interface_pull_up_set	24	static
../Drivers/BSP/Components/lsm6dsv16x/lsm6dsv16x_reg.c:7702:9:lsm6dsv16x_sh_master_interface_pull_up_get	24	static
../Drivers/BSP/Components/lsm6dsv16x/lsm6dsv16x_reg.c:7722:9:lsm6dsv16x_sh_read_data_raw_get	32	static
../Drivers/BSP/Components/lsm6dsv16x/lsm6dsv16x_reg.c:7742:9:lsm6dsv16x_sh_slave_connected_set	24	static
../Drivers/BSP/Components/lsm6dsv16x/lsm6dsv16x_reg.c:7769:9:lsm6dsv16x_sh_slave_connected_get	24	static
../Drivers/BSP/Components/lsm6dsv16x/lsm6dsv16x_reg.c:7814:9:lsm6dsv16x_sh_master_set	24	static
../Drivers/BSP/Components/lsm6dsv16x/lsm6dsv16x_reg.c:7840:9:lsm6dsv16x_sh_master_get	24	static
../Drivers/BSP/Components/lsm6dsv16x/lsm6dsv16x_reg.c:7863:9:lsm6dsv16x_sh_pass_through_set	24	static
../Drivers/BSP/Components/lsm6dsv16x/lsm6dsv16x_reg.c:7889:9:lsm6dsv16x_sh_pass_through_get	24	static
../Drivers/BSP/Components/lsm6dsv16x/lsm6dsv16x_reg.c:7912:9:lsm6dsv16x_sh_syncro_mode_set	24	static
../Drivers/BSP/Components/lsm6dsv16x/lsm6dsv16x_reg.c:7939:9:lsm6dsv16x_sh_syncro_mode_get	24	static
../Drivers/BSP/Components/lsm6dsv16x/lsm6dsv16x_reg.c:7976:9:lsm6dsv16x_sh_write_mode_set	24	static
../Drivers/BSP/Components/lsm6dsv16x/lsm6dsv16x_reg.c:8003:9:lsm6dsv16x_sh_write_mode_get	24	static
../Drivers/BSP/Components/lsm6dsv16x/lsm6dsv16x_reg.c:8040:9:lsm6dsv16x_sh_reset_set	24	static
../Drivers/BSP/Components/lsm6dsv16x/lsm6dsv16x_reg.c:8066:9:lsm6dsv16x_sh_reset_get	24	static
../Drivers/BSP/Components/lsm6dsv16x/lsm6dsv16x_reg.c:8092:9:lsm6dsv16x_sh_cfg_write	24	static
../Drivers/BSP/Components/lsm6dsv16x/lsm6dsv16x_reg.c:8127:9:lsm6dsv16x_sh_data_rate_set	24	static
../Drivers/BSP/Components/lsm6dsv16x/lsm6dsv16x_reg.c:8154:9:lsm6dsv16x_sh_data_rate_get	24	static
../Drivers/BSP/Components/lsm6dsv16x/lsm6dsv16x_reg.c:8210:9:lsm6dsv16x_sh_slv_cfg_read	40	static
../Drivers/BSP/Components/lsm6dsv16x/lsm6dsv16x_reg.c:8252:9:lsm6dsv16x_sh_status_get	24	static
../Drivers/BSP/Components/lsm6dsv16x/lsm6dsv16x_reg.c:8283:9:lsm6dsv16x_ui_sdo_pull_up_set	24	static
../Drivers/BSP/Components/lsm6dsv16x/lsm6dsv16x_reg.c:8306:9:lsm6dsv16x_ui_sdo_pull_up_get	24	static
../Drivers/BSP/Components/lsm6dsv16x/lsm6dsv16x_reg.c:8325:9:lsm6dsv16x_ui_i2c_i3c_mode_set	24	static
../Drivers/BSP/Components/lsm6dsv16x/lsm6dsv16x_reg.c:8349:9:lsm6dsv16x_ui_i2c_i3c_mode_get	24	static
../Drivers/BSP/Components/lsm6dsv16x/lsm6dsv16x_reg.c:8384:9:lsm6dsv16x_spi_mode_set	24	static
../Drivers/BSP/Components/lsm6dsv16x/lsm6dsv16x_reg.c:8407:9:lsm6dsv16x_spi_mode_get	24	static
../Drivers/BSP/Components/lsm6dsv16x/lsm6dsv16x_reg.c:8441:9:lsm6dsv16x_ui_sda_pull_up_set	24	static
../Drivers/BSP/Components/lsm6dsv16x/lsm6dsv16x_reg.c:8464:9:lsm6dsv16x_ui_sda_pull_up_get	24	static
../Drivers/BSP/Components/lsm6dsv16x/lsm6dsv16x_reg.c:8483:9:lsm6dsv16x_spi2_mode_set	24	static
../Drivers/BSP/Components/lsm6dsv16x/lsm6dsv16x_reg.c:8506:9:lsm6dsv16x_spi2_mode_get	24	static
../Drivers/BSP/Components/lsm6dsv16x/lsm6dsv16x_reg.c:8554:9:lsm6dsv16x_sigmot_mode_set	24	static
../Drivers/BSP/Components/lsm6dsv16x/lsm6dsv16x_reg.c:8579:9:lsm6dsv16x_sigmot_mode_get	24	static
../Drivers/BSP/Components/lsm6dsv16x/lsm6dsv16x_reg.c:8615:9:lsm6dsv16x_stpcnt_mode_set	32	static
../Drivers/BSP/Components/lsm6dsv16x/lsm6dsv16x_reg.c:8661:9:lsm6dsv16x_stpcnt_mode_get	32	static
../Drivers/BSP/Components/lsm6dsv16x/lsm6dsv16x_reg.c:8690:9:lsm6dsv16x_stpcnt_steps_get	24	static
../Drivers/BSP/Components/lsm6dsv16x/lsm6dsv16x_reg.c:8714:9:lsm6dsv16x_stpcnt_rst_step_set	24	static
../Drivers/BSP/Components/lsm6dsv16x/lsm6dsv16x_reg.c:8742:9:lsm6dsv16x_stpcnt_rst_step_get	24	static
../Drivers/BSP/Components/lsm6dsv16x/lsm6dsv16x_reg.c:8766:9:lsm6dsv16x_stpcnt_debounce_set	24	static
../Drivers/BSP/Components/lsm6dsv16x/lsm6dsv16x_reg.c:8789:9:lsm6dsv16x_stpcnt_debounce_get	24	static
../Drivers/BSP/Components/lsm6dsv16x/lsm6dsv16x_reg.c:8808:9:lsm6dsv16x_stpcnt_period_set	24	static
../Drivers/BSP/Components/lsm6dsv16x/lsm6dsv16x_reg.c:8828:9:lsm6dsv16x_stpcnt_period_get	24	static
../Drivers/BSP/Components/lsm6dsv16x/lsm6dsv16x_reg.c:8862:9:lsm6dsv16x_sflp_game_rotation_set	24	static
../Drivers/BSP/Components/lsm6dsv16x/lsm6dsv16x_reg.c:8891:9:lsm6dsv16x_sflp_game_rotation_get	24	static
../Drivers/BSP/Components/lsm6dsv16x/lsm6dsv16x_reg.c:8915:9:lsm6dsv16x_sflp_data_rate_set	24	static
../Drivers/BSP/Components/lsm6dsv16x/lsm6dsv16x_reg.c:8944:9:lsm6dsv16x_sflp_data_rate_get	24	static
../Drivers/BSP/Components/lsm6dsv16x/lsm6dsv16x_reg.c:9010:9:lsm6dsv16x_tap_detection_set	24	static
../Drivers/BSP/Components/lsm6dsv16x/lsm6dsv16x_reg.c:9036:9:lsm6dsv16x_tap_detection_get	24	static
../Drivers/BSP/Components/lsm6dsv16x/lsm6dsv16x_reg.c:9060:9:lsm6dsv16x_tap_thresholds_set	32	static
../Drivers/BSP/Components/lsm6dsv16x/lsm6dsv16x_reg.c:9092:9:lsm6dsv16x_tap_thresholds_get	32	static
../Drivers/BSP/Components/lsm6dsv16x/lsm6dsv16x_reg.c:9120:9:lsm6dsv16x_tap_axis_priority_set	24	static
../Drivers/BSP/Components/lsm6dsv16x/lsm6dsv16x_reg.c:9144:9:lsm6dsv16x_tap_axis_priority_get	24	static
../Drivers/BSP/Components/lsm6dsv16x/lsm6dsv16x_reg.c:9195:9:lsm6dsv16x_tap_time_windows_set	24	static
../Drivers/BSP/Components/lsm6dsv16x/lsm6dsv16x_reg.c:9221:9:lsm6dsv16x_tap_time_windows_get	24	static
../Drivers/BSP/Components/lsm6dsv16x/lsm6dsv16x_reg.c:9245:9:lsm6dsv16x_tap_mode_set	24	static
../Drivers/BSP/Components/lsm6dsv16x/lsm6dsv16x_reg.c:9268:9:lsm6dsv16x_tap_mode_get	24	static
../Drivers/BSP/Components/lsm6dsv16x/lsm6dsv16x_reg.c:9315:9:lsm6dsv16x_tilt_mode_set	24	static
../Drivers/BSP/Components/lsm6dsv16x/lsm6dsv16x_reg.c:9340:9:lsm6dsv16x_tilt_mode_get	24	static
../Drivers/BSP/Components/lsm6dsv16x/lsm6dsv16x_reg.c:9377:9:lsm6dsv16x_timestamp_raw_get	24	static
../Drivers/BSP/Components/lsm6dsv16x/lsm6dsv16x_reg.c:9401:9:lsm6dsv16x_timestamp_set	24	static
../Drivers/BSP/Components/lsm6dsv16x/lsm6dsv16x_reg.c:9424:9:lsm6dsv16x_timestamp_get	24	static
../Drivers/BSP/Components/lsm6dsv16x/lsm6dsv16x_reg.c:9456:9:lsm6dsv16x_act_mode_set	24	static
../Drivers/BSP/Components/lsm6dsv16x/lsm6dsv16x_reg.c:9479:9:lsm6dsv16x_act_mode_get	24	static
../Drivers/BSP/Components/lsm6dsv16x/lsm6dsv16x_reg.c:9521:9:lsm6dsv16x_act_from_sleep_to_act_dur_set	24	static
../Drivers/BSP/Components/lsm6dsv16x/lsm6dsv16x_reg.c:9545:9:lsm6dsv16x_act_from_sleep_to_act_dur_get	24	static
../Drivers/BSP/Components/lsm6dsv16x/lsm6dsv16x_reg.c:9588:9:lsm6dsv16x_act_sleep_xl_odr_set	24	static
../Drivers/BSP/Components/lsm6dsv16x/lsm6dsv16x_reg.c:9612:9:lsm6dsv16x_act_sleep_xl_odr_get	24	static
../Drivers/BSP/Components/lsm6dsv16x/lsm6dsv16x_reg.c:9655:9:lsm6dsv16x_act_thresholds_set	40	static
../Drivers/BSP/Components/lsm6dsv16x/lsm6dsv16x_reg.c:9694:9:lsm6dsv16x_act_thresholds_get	40	static
../Drivers/BSP/Components/lsm6dsv16x/lsm6dsv16x_reg.c:9728:9:lsm6dsv16x_act_wkup_time_windows_set	24	static
../Drivers/BSP/Components/lsm6dsv16x/lsm6dsv16x_reg.c:9753:9:lsm6dsv16x_act_wkup_time_windows_get	24	static
