../USB DEVICE/Core/Src/usbd_conf.c:38:6:HAL_PCD_SetupStageCallback	16	static
../USB DEVICE/Core/Src/usbd_conf.c:43:6:HAL_PCD_DataOutStageCallback	16	static
../USB DEVICE/Core/Src/usbd_conf.c:48:6:HAL_PCD_DataInStageCallback	16	static
../USB DEVICE/Core/Src/usbd_conf.c:53:6:HAL_PCD_SOFCallback	16	static
../USB DEVICE/Core/Src/usbd_conf.c:58:6:HAL_PCD_ResetCallback	24	static
../USB DEVICE/Core/Src/usbd_conf.c:73:6:HAL_PCD_ConnectCallback	16	static
../USB DEVICE/Core/Src/usbd_conf.c:78:6:HAL_PCD_DisconnectCallback	16	static
../USB DEVICE/Core/Src/usbd_conf.c:89:20:USBD_LL_Init	16	static
../USB DEVICE/Core/Src/usbd_conf.c:118:20:USBD_LL_DeInit	24	static
../USB DEVICE/Core/Src/usbd_conf.c:130:20:USBD_LL_Start	24	static
../USB DEVICE/Core/Src/usbd_conf.c:142:20:USBD_LL_Stop	24	static
../USB DEVICE/Core/Src/usbd_conf.c:157:20:USBD_LL_OpenEP	24	static
../USB DEVICE/Core/Src/usbd_conf.c:171:20:USBD_LL_CloseEP	24	static
../USB DEVICE/Core/Src/usbd_conf.c:184:20:USBD_LL_FlushEP	24	static
../USB DEVICE/Core/Src/usbd_conf.c:197:20:USBD_LL_StallEP	24	static
../USB DEVICE/Core/Src/usbd_conf.c:210:20:USBD_LL_ClearStallEP	24	static
../USB DEVICE/Core/Src/usbd_conf.c:224:9:USBD_LL_IsStallEP	24	static
../USB DEVICE/Core/Src/usbd_conf.c:243:20:USBD_LL_SetUSBAddress	24	static
../USB DEVICE/Core/Src/usbd_conf.c:259:20:USBD_LL_Transmit	32	static
../USB DEVICE/Core/Src/usbd_conf.c:275:20:USBD_LL_PrepareReceive	32	static
../USB DEVICE/Core/Src/usbd_conf.c:290:10:USBD_LL_GetRxDataSize	16	static
../USB DEVICE/Core/Src/usbd_conf.c:316:7:USBD_static_malloc	16	static
../USB DEVICE/Core/Src/usbd_conf.c:328:6:USBD_static_free	16	static
../USB DEVICE/Core/Src/usbd_conf.c:338:6:USBD_LL_Delay	16	static
../USB DEVICE/Core/Src/usbd_conf.c:343:20:USBD_Get_USB_Status	24	static
